******************************************************************************
                  TI ARM Linker PC v20.2.3                     
******************************************************************************
>> Linked Tue Dec 15 12:01:44 2020

OUTPUT FILE NAME:   <VL53l1X_CC2652REV_E_TX_DISTANCE.out>
ENTRY POINT SYMBOL: "ResetISR"  address: 00006975


MEMORY CONFIGURATION

         name            origin    length      used     unused   attr    fill
----------------------  --------  ---------  --------  --------  ----  --------
  FLASH                 00000000   00058000  00009543  0004eabd  R  X
  GPRAM                 11000000   00002000  00000000  00002000  RW X
  SRAM                  20000000   00014000  000063f9  0000dc07  RW X
  LOG_DATA              90000000   00040000  00000000  00040000  R   


SEGMENT ALLOCATION MAP

run origin  load origin   length   init length attrs members
----------  ----------- ---------- ----------- ----- -------
00000000    00000000    000094f0   000094f0    r-x
  00000000    00000000    0000003c   0000003c    r-- .resetVecs
  0000003c    0000003c    000088a8   000088a8    r-x .text
  000088e4    000088e4    0000098f   0000098f    r-- .const
  00009278    00009278    00000278   00000278    r-- .cinit
00057fa8    00057fa8    00000058   00000058    r--
  00057fa8    00057fa8    00000058   00000058    r-- .ccfg
20000100    20000100    0000000c   00000000    rw-
  20000100    20000100    00000004   00000000    rw- .data:xdcRomConstPtr
  20000104    20000104    00000004   00000000    rw- .data:xdcRomExternFuncPtr
  20000108    20000108    00000004   00000000    rw- .data:xdcRomStatePtr
20000110    20000110    00004000   00000000    r--
  20000110    20000110    00004000   00000000    r-- .priheap
20004110    20004110    00001f1b   00000000    rw-
  20004110    20004110    00001722   00000000    rw- .bss
  20005838    20005838    000007f3   00000000    rw- .data
20013c00    20013c00    00000400   00000000    rw-
  20013c00    20013c00    00000400   00000000    rw- .stack


SECTION ALLOCATION MAP

 output                                  attributes/
section   page    origin      length       input sections
--------  ----  ----------  ----------   ----------------
.binit     0    00000000    00000000     

.cinit     0    00009278    00000278     
                  00009278    00000220     (.cinit..data.load) [load image, compression = lzss]
                  00009498    0000000c     (__TI_handler_table)
                  000094a4    00000004     --HOLE-- [fill = 0]
                  000094a8    00000008     (.cinit..bss.load) [load image, compression = zero_init]
                  000094b0    00000008     (.cinit..data:xdcRomConstPtr.load) [load image, compression = lzss]
                  000094b8    00000008     (.cinit..data:xdcRomExternFuncPtr.load) [load image, compression = lzss]
                  000094c0    00000008     (.cinit..data:xdcRomStatePtr.load) [load image, compression = lzss]
                  000094c8    00000028     (__TI_cinit_table)

.init_array 
*          0    00000000    00000000     UNINITIALIZED

.ccfg      0    00057fa8    00000058     
                  00057fa8    00000058     ti_devices_config.obj (.ccfg:retain)

.bss       0    20004110    00001722     UNINITIALIZED
                  20004110    000004f0     rf_multiMode_cc26x2.aem4f : RFCC26X2_multiMode.c.cc26x2.ccs.o (.bss:$O1$$)
                  20004600    00000400     (.common:task0Stack)
                  20004a00    00000400     (.common:task1Stack)
                  20004e00    00000200     release_pem4f.oem4f (.bss:taskStackSection)
                  20005000    00000144     (.common:i2cCC26xxObjects)
                  20005144    00000120     rtsv7M4_T_le_v4SPD16_eabi.lib : trgmsg.c.obj (.bss:_CIOBUF_)
                  20005264    00000100     (.common:_I2CBuffer)
                  20005364    00000004     drivers_cc26x2.a : PINCC26XX.oem4f (.bss)
                  20005368    000000f8     VL53l1X_CC2652REV_E_TX_DISTANCE.obj (.bss:rfObject)
                  20005460    000000d8     (.common:ti_sysbios_family_arm_m3_Hwi_dispatchTable)
                  20005538    000000a0     (.common:__TI_tmpnams)
                  200055d8    0000007c     (.common:pinHandleTable)
                  20005654    00000050     drivers_cc26x2.a : PINCC26XX.oem4f (.bss:pinSemaphore)
                  200056a4    00000050     (.common:task0Struct)
                  200056f4    00000050     (.common:task1Struct)
                  20005744    00000034                      : PINCC26XX.oem4f (.bss:pinSwi)
                  20005778    00000020                      : PINCC26XX.oem4f (.bss:pinGpioConfigTable)
                  20005798    0000001c                      : PINCC26XX.oem4f (.bss:pinHwi)
                  200057b4    0000001c     (.common:semStruct)
                  200057d0    00000014     rf_multiMode_cc26x2.aem4f : RFCC26X2_multiMode.c.cc26x2.ccs.o (.bss:RF_ratSyncCmd)
                  200057e4    00000014     VL53l1X_CC2652REV_E_TX_DISTANCE.obj (.bss)
                  200057f8    00000010     (.common:i2cParams)
                  20005808    0000000c     VL53l1X_CC2652REV_E_TX_DISTANCE.obj (.bss:ledPinState)
                  20005814    00000008     (.common:parmbuf)
                  2000581c    00000004     VL53l1X_CC2652REV_E_TX_DISTANCE.obj (.bss:packet)
                  20005820    00000004     (.common:PowerCC26XX_swiKey)
                  20005824    00000004     (.common:PowerCC26XX_taskKey)
                  20005828    00000004     (.common:getdistance)
                  2000582c    00000004     (.common:i2c)
                  20005830    00000001     rf_multiMode_cc26x2.aem4f : RFCC26X2_multiMode.c.cc26x2.ccs.o (.bss)
                  20005831    00000001     (.common:driverlib_release_0_58048)

.data      0    20005838    000007f3     UNINITIALIZED
                  20005838    00000170     drivers_cc26x2.a : PowerCC26X2.oem4f (.data:PowerCC26X2_module)
                  200059a8    0000010c     release_pem4f.oem4f (.data:ROM_stateStruct)
                  20005ab4    000000f0     rtsv7M4_T_le_v4SPD16_eabi.lib : defs.c.obj (.data:_ftable)
                  20005ba4    00000088     rom_sysbios.aem4f : rom_sysbios.obj (.data:$O1$$)
                  20005c2c    00000078     rtsv7M4_T_le_v4SPD16_eabi.lib : host_device.c.obj (.data:_device)
                  20005ca4    00000054     release_pem4f.oem4f (.data:ti_sysbios_gates_GateMutex_Object__table__V)
                  20005cf8    00000050     rtsv7M4_T_le_v4SPD16_eabi.lib : host_device.c.obj (.data:_stream)
                  20005d48    0000004c     release_pem4f.oem4f (.data:ti_sysbios_knl_Task_Object__table__V)
                  20005d94    00000004     rtsv7M4_T_le_v4SPD16_eabi.lib : stkdepth_vars.c.obj (.data)
                  20005d98    00000048     release_pem4f.oem4f (.data:ti_sysbios_family_arm_cc26xx_Timer_Object__table__V)
                  20005de0    00000030     release_pem4f.oem4f (.data:ti_sysbios_knl_Swi_Module_State_0_readyQ__A)
                  20005e10    00000030     release_pem4f.oem4f (.data:ti_sysbios_knl_Swi_Object__table__V)
                  20005e40    00000030     release_pem4f.oem4f (.data:ti_sysbios_knl_Task_Module_State_0_readyQ__A)
                  20005e70    00000028     ti_radio_config.obj (.data:RF_cmdPropRadioDivSetup)
                  20005e98    00000024     driverlib.lib : osc.obj (.data:$O1$$)
                  20005ebc    00000020     release_pem4f.oem4f (.data:ti_sysbios_knl_Clock_Object__table__V)
                  20005edc    00000020     release_pem4f.oem4f (.data:xdc_runtime_Error_IgnoreBlock)
                  20005efc    00000018     ti_radio_config.obj (.data:RF_cmdFs)
                  20005f14    00000018     ti_radio_config.obj (.data:RF_cmdPropTx)
                  20005f2c    00000018     release_pem4f.oem4f (.data:ti_sysbios_family_arm_m3_Hwi_Object__table__V)
                  20005f44    00000018     release_pem4f.oem4f (.data:ti_sysbios_heaps_HeapMem_Object__table__V)
                  20005f5c    00000014     ti_radio_config.obj (.data:pOverrides)
                  20005f70    00000010     ti_radio_config.obj (.data:RF_prop)
                  20005f80    00000010     rtsv7M4_T_le_v4SPD16_eabi.lib : defs.c.obj (.data)
                  20005f90    0000000c                                   : exit.c.obj (.data:$O1$$)
                  20005f9c    00000008                                   : _lock.c.obj (.data:$O1$$)
                  20005fa4    00000008     drivers_cc26x2.a : PINCC26XX.oem4f (.data)
                  20005fac    00000008     VL53l1X_CC2652REV_E_TX_DISTANCE.obj (.data:pinTable)
                  20005fb4    00000008     release_pem4f.oem4f (.data:ti_sysbios_family_arm_m3_Hwi_Module__root__V)
                  20005fbc    00000008     release_pem4f.oem4f (.data:ti_sysbios_gates_GateHwi_Module__root__V)
                  20005fc4    00000008     release_pem4f.oem4f (.data:ti_sysbios_gates_GateMutex_Module__root__V)
                  20005fcc    00000008     release_pem4f.oem4f (.data:ti_sysbios_hal_Hwi_Module__root__V)
                  20005fd4    00000008     release_pem4f.oem4f (.data:ti_sysbios_heaps_HeapMem_Module__root__V)
                  20005fdc    00000008     release_pem4f.oem4f (.data:ti_sysbios_knl_Clock_Module__root__V)
                  20005fe4    00000008     release_pem4f.oem4f (.data:ti_sysbios_knl_Event_Module__root__V)
                  20005fec    00000008     release_pem4f.oem4f (.data:ti_sysbios_knl_Mailbox_Module__root__V)
                  20005ff4    00000008     release_pem4f.oem4f (.data:ti_sysbios_knl_Queue_Module__root__V)
                  20005ffc    00000008     release_pem4f.oem4f (.data:ti_sysbios_knl_Semaphore_Module__root__V)
                  20006004    00000008     release_pem4f.oem4f (.data:ti_sysbios_knl_Swi_Module__root__V)
                  2000600c    00000008     release_pem4f.oem4f (.data:ti_sysbios_knl_Task_Module__root__V)
                  20006014    00000008     release_pem4f.oem4f (.data:xdc_runtime_System_Module_State_0_atexitHandlers__A)
                  2000601c    00000004     release_pem4f.oem4f (.data:ti_sysbios_family_arm_m3_Hwi_Module_State_0_excContext__A)
                  20006020    00000004     release_pem4f.oem4f (.data:ti_sysbios_family_arm_m3_Hwi_Module_State_0_excStack__A)
                  20006024    00000004     release_pem4f.oem4f (.data:ti_sysbios_knl_Task_Module_State_0_idleTask__A)
                  20006028    00000002     release_pem4f.oem4f (.data:ti_sysbios_family_arm_m3_Hwi_Module_State_0_excActive__A)
                  2000602a    00000001     rf_multiMode_cc26x2.aem4f : rf_patch_cpe_prop.c.cc26x2.ccs.o (.data)

.stack     0    20013c00    00000400     UNINITIALIZED
                  20013c00    00000400     --HOLE--

.priheap   0    20000110    00004000     UNINITIALIZED
                  20000110    00004000     --HOLE--

.log_data 
*          0    90000000    00000000     COPY SECTION

.data:xdcRomConstPtr 
*          0    20000100    00000004     UNINITIALIZED
                  20000100    00000004     release_pem4f.oem4f (.data:xdcRomConstPtr)

.data:xdcRomExternFuncPtr 
*          0    20000104    00000004     UNINITIALIZED
                  20000104    00000004     release_pem4f.oem4f (.data:xdcRomExternFuncPtr)

.data:xdcRomStatePtr 
*          0    20000108    00000004     UNINITIALIZED
                  20000108    00000004     release_pem4f.oem4f (.data:xdcRomStatePtr)

.bootVecs 
*          0    00000000    00000008     DSECT
                  00000000    00000008     boot.aem4f : boot.oem4f (.bootVecs)

.resetVecs 
*          0    00000000    0000003c     
                  00000000    0000003c     release_pem4f.oem4f (.resetVecs)

.vecs      0    20000000    000000d8     NOLOAD SECTION
                  20000000    000000d8     release_pem4f.oem4f (.vecs)

xdc.meta   0    00000000    00000100     COPY SECTION
                  00000000    00000100     release_pem4f.oem4f (xdc.meta)

xdc.noload 
*          0    00000000    00000000     COPY SECTION

__llvm_prf_cnts 
*          0    20000000    00000000     UNINITIALIZED

.text      0    0000003c    000088a8     
                  0000003c    00000a4e     rtsv7M4_T_le_v4SPD16_eabi.lib : _printfi.c.obj (.text:__TI_printfi)
                  00000a8a    00000002     ti_drivers_config.obj (.text:Board_initHook)
                  00000a8c    000004a4     rf_multiMode_cc26x2.aem4f : RFCC26X2_multiMode.c.cc26x2.ccs.o (.text:RF_fsmActiveState)
                  00000f30    00000270     rtsv7M4_T_le_v4SPD16_eabi.lib : _printfi.c.obj (.text:_pconv_a)
                  000011a0    00000234     VL53L1X_api.obj (.text:VL53L1X_SetTimingBudgetInMs)
                  000013d4    00000230     VL53l1X_CC2652REV_E_TX_DISTANCE.obj (.text:vl53l1x_app)
                  00001604    00000200     rf_multiMode_cc26x2.aem4f : RFCC26X2_multiMode.c.cc26x2.ccs.o (.text:RF_open)
                  00001804    000001d4                               : RFCC26X2_multiMode.c.cc26x2.ccs.o (.text:RF_dispatchNextCmd)
                  000019d8    000001d0     rtsv7M4_T_le_v4SPD16_eabi.lib : _printfi.c.obj (.text:_pconv_g)
                  00001ba8    000001cc     drivers_cc26x2.a : PINCC26XX.oem4f (.text:PIN_init)
                  00001d74    000001b8     VL53l1X_CC2652REV_E_TX_DISTANCE.obj (.text:mainThread)
                  00001f2c    000001b6     rtsv7M4_T_le_v4SPD16_eabi.lib : fd_add_t2.asm.obj (.text)
                  000020e2    00000002     drivers_cc26x2.a : I2C.oem4f (.text:I2C_init)
                  000020e4    00000198                      : PowerCC26X2.oem4f (.text:Power_sleep)
                  0000227c    00000190                      : PowerCC26X2_calibrateRCOSC.oem4f (.text:calibrateRcoscHf1)
                  0000240c    0000018c                      : PowerCC26X2_calibrateRCOSC.oem4f (.text:runCalibrateFsm)
                  00002598    00000188     release_pem4f.oem4f (.text:xdc_runtime_System_printfExtend__I)
                  00002720    00000174     drivers_cc26x2.a : PowerCC26X2.oem4f (.text:Power_init)
                  00002894    00000154     rf_multiMode_cc26x2.aem4f : RFCC26X2_multiMode.c.cc26x2.ccs.o (.text:RF_radioOpDoneCb)
                  000029e8    00000148                               : RFCC26X2_multiMode.c.cc26x2.ccs.o (.text:RF_fsmSetupState)
                  00002b30    00000146     VL53L1X_api.obj (.text:VL53L1X_SetDistanceMode)
                  00002c76    00000002     rf_multiMode_cc26x2.aem4f : rfc.c.cc26x2.ccs.o (.text:NOROM_RFCCpePatchReset)
                  00002c78    0000013c     rtsv7M4_T_le_v4SPD16_eabi.lib : _printfi.c.obj (.text:_pconv_e)
                  00002db4    00000136                                   : fd_div_t2.asm.obj (.text)
                  00002eea    00000002     rf_multiMode_cc26x2.aem4f : RFCC26X2_multiMode.c.cc26x2.ccs.o (.text:RF_defaultCallback)
                  00002eec    00000134                               : RFCC26X2_multiMode.c.cc26x2.ccs.o (.text:RF_abortCmd)
                  00003020    00000124     rtsv7M4_T_le_v4SPD16_eabi.lib : _printfi.c.obj (.text:fcvt)
                  00003144    00000122     drivers_cc26x2.a : I2C.oem4f (.text:I2C_transferTimeout)
                  00003266    00000002     rtsv7M4_T_le_v4SPD16_eabi.lib : _lock.c.obj (.text:_nop)
                  00003268    00000120     drivers_cc26x2.a : PowerCC26X2.oem4f (.text:configureXOSCHF)
                  00003388    00000114     rtsv7M4_T_le_v4SPD16_eabi.lib : fputs.c.obj (.text:fputs)
                  0000349c    00000112     rf_multiMode_cc26x2.aem4f : RFCC26X2_multiMode.c.cc26x2.ccs.o (.text:RF_decodeOverridePointers)
                  000035ae    00000002     drivers_cc26x2.a : PowerCC26X2.oem4f (.text:emptyClockFunc)
                  000035b0    00000110                      : I2CCC26XX.oem4f (.text:I2C_open)
                  000036c0    00000110     rf_multiMode_cc26x2.aem4f : RFCC26X2_multiMode.c.cc26x2.ccs.o (.text:RF_initRadioSetup)
                  000037d0    00000110     rtsv7M4_T_le_v4SPD16_eabi.lib : s_scalbn.c.obj (.text:scalbn)
                  000038e0    00000104     rf_multiMode_cc26x2.aem4f : RFCC26X2_multiMode.c.cc26x2.ccs.o (.text:RF_hwiCpe0Active)
                  000039e4    000000fc     rtsv7M4_T_le_v4SPD16_eabi.lib : fd_mul_t2.asm.obj (.text)
                  00003ae0    000000f8     driverlib.lib : sys_ctrl.obj (.text:NOROM_SysCtrlStandby)
                  00003bd8    000000f8     drivers_cc26x2.a : PINCC26XX.oem4f (.text:PINCC26XX_setIoCfg)
                  00003cd0    000000f0     rf_multiMode_cc26x2.aem4f : RFCC26X2_multiMode.c.cc26x2.ccs.o (.text:RF_fsmPowerUpState)
                  00003dc0    000000ec     drivers_cc26x2.a : I2CCC26XX.oem4f (.text:I2CCC26XX_hwiFxn)
                  00003eac    000000e4     rf_multiMode_cc26x2.aem4f : RFCC26X2_multiMode.c.cc26x2.ccs.o (.text:RF_postCmd)
                  00003f90    000000dc     rtsv7M4_T_le_v4SPD16_eabi.lib : setvbuf.c.obj (.text:setvbuf)
                  0000406c    000000d8     rf_multiMode_cc26x2.aem4f : RFCC26X2_multiMode.c.cc26x2.ccs.o (.text:RF_pendCmd)
                  00004144    000000d2                               : RFCC26X2_multiMode.c.cc26x2.ccs.o (.text:RF_updatePaConfiguration)
                  00004216    00000002     rtsv7M4_T_le_v4SPD16_eabi.lib : div0.asm.obj (.text)
                  00004218    000000d0     rf_multiMode_cc26x2.aem4f : RFCC26X2_multiMode.c.cc26x2.ccs.o (.text:RF_swiHw)
                  000042e8    000000cc     VL53L1X_api.obj (.text:VL53L1X_SensorInit)
                  000043b4    000000c8     dpl_cc26x2.a : PowerCC26X2_tirtos.oem4f (.text:PowerCC26XX_standbyPolicy)
                  0000447c    000000c8     VL53L1X_api.obj (.text:VL53L1X_GetTimingBudgetInMs)
                  00004544    000000c0     drivers_cc26x2.a : PowerCC26X2.oem4f (.text:Power_releaseDependency)
                  00004604    000000ba                      : I2CCC26XX.oem4f (.text:I2CCC26XX_swiFxn)
                  000046be    00000002     release_pem4f.oem4f (.text:ti_sysbios_BIOS_nullFunc__I)
                  000046c0    000000b8     drivers_cc26x2.a : PowerCC26X2.oem4f (.text:Power_setDependency)
                  00004778    000000b8     VL53l1X_CC2652REV_E_TX_DISTANCE.obj (.text:i2cScanner)
                  00004830    000000b1     rtsv7M4_T_le_v4SPD16_eabi.lib : _printfi.c.obj (.text:_ltostr)
                  000048e1    00000001     --HOLE-- [fill = 0]
                  000048e2    00000002     rom_sysbios.aem4f : rom_sysbios.obj (.text:xdc_runtime_SysCallback_defaultAbort)
                  000048e4    000000ac     drivers_cc26x2.a : PINCC26XX.oem4f (.text:PIN_open)
                  00004990    000000ac     driverlib.lib : setup.obj (.text:TrimAfterColdResetWakeupFromShutDown)
                  00004a3c    000000a4     rf_multiMode_cc26x2.aem4f : RFCC26X2_multiMode.c.cc26x2.ccs.o (.text:RF_ratRestartChannels)
                  00004ae0    000000a0     auto_init.aem4f : auto_init.oem4f (.text)
                  00004b80    0000009c     rtsv7M4_T_le_v4SPD16_eabi.lib : memcpy_t2.asm.obj (.text)
                  00004c1c    00000098     driverlib.lib : setup.obj (.text:NOROM_SetupTrimDevice)
                  00004cb4    00000098     rf_multiMode_cc26x2.aem4f : RFCC26X2_multiMode.c.cc26x2.ccs.o (.text:RF_calculateDispatchTime)
                  00004d4c    00000096     rtsv7M4_T_le_v4SPD16_eabi.lib : ull_div_t2.asm.obj (.text)
                  00004de2    00000002     rom_sysbios.aem4f : rom_sysbios.obj (.text:xdc_runtime_SysCallback_defaultExit)
                  00004de4    00000094     vl53l1_platform.obj (.text:VL53L1_WrDWord)
                  00004e78    00000090     rf_multiMode_cc26x2.aem4f : RFCC26X2_multiMode.c.cc26x2.ccs.o (.text:RF_discardPendCmd)
                  00004f08    0000008c     vl53l1_platform.obj (.text:VL53L1_RdWord)
                  00004f94    0000008c     rtsv7M4_T_le_v4SPD16_eabi.lib : fputc.c.obj (.text:fputc)
                  00005020    00000088     drivers_cc26x2.a : I2CCC26XX.oem4f (.text:I2CSupport_primeTransfer)
                  000050a8    00000088     driverlib.lib : osc.obj (.text:NOROM_OSCHF_AttemptToSwitchToXosc)
                  00005130    00000088     rf_multiMode_cc26x2.aem4f : RFCC26X2_multiMode.c.cc26x2.ccs.o (.text:RF_cmdDispatchTime)
                  000051b8    00000088     drivers_cc26x2.a : PowerCC26X2_calibrateRCOSC.oem4f (.text:calibrateRcoscHf2)
                  00005240    00000088                      : PowerCC26X2.oem4f (.text:disableLFClockQualifiers)
                  000052c8    00000088                      : PowerCC26X2_calibrateRCOSC.oem4f (.text:updateSubSecInc)
                  00005350    00000086     rtsv7M4_T_le_v4SPD16_eabi.lib : fd_cmp_t2.asm.obj (.text:__aeabi_cdcmple)
                  000053d6    00000086                                   : fd_cmp_t2.asm.obj (.text:__aeabi_cdrcmple)
                  0000545c    00000084     ti_drivers_config.obj (.text:Board_sendExtFlashByte)
                  000054e0    00000084     rf_multiMode_cc26x2.aem4f : RFCC26X2_multiMode.c.cc26x2.ccs.o (.text:RF_issueRadioFreeCb)
                  00005564    00000084                               : RFCC26X2_multiMode.c.cc26x2.ccs.o (.text:RF_verifyGap)
                  000055e8    00000084     main_tirtos.obj (.text:main)
                  0000566c    00000084     rom_sysbios.aem4f : rom_sysbios.obj (.text:ti_sysbios_family_arm_m3_Hwi_excHandlerMin__I)
                  000056f0    00000082     VL53l1X_CC2652REV_E_TX_DISTANCE.obj (.text:delay)
                  00005772    00000002     rom_sysbios.aem4f : rom_sysbios.obj (.text:xdc_runtime_SysCallback_defaultFlush)
                  00005774    00000080     driverlib.lib : sys_ctrl.obj (.text:NOROM_SysCtrlSetRechargeBeforePowerDown)
                  000057f4    00000080     rom_sysbios.aem4f : rom_sysbios.obj (.text:ti_sysbios_family_arm_cc26xx_Timer_start__E)
                  00005874    0000007c     rf_multiMode_cc26x2.aem4f : RFCC26X2_multiMode.c.cc26x2.ccs.o (.text:RF_ratFreeChannel)
                  000058f0    0000007c     vl53l1_platform.obj (.text:VL53L1_WrWord)
                  0000596c    0000007a     rtsv7M4_T_le_v4SPD16_eabi.lib : memset_t2.asm.obj (.text)
                  000059e6    00000002     rom_sysbios.aem4f : rom_sysbios.obj (.text:xdc_runtime_SysCallback_defaultPutch)
                  000059e8    00000078     vl53l1_platform.obj (.text:VL53L1_RdByte)
                  00005a60    00000074     drivers_cc26x2.a : PowerCC26X2_calibrateRCOSC.oem4f (.text:PowerCC26X2_auxISR)
                  00005ad4    00000074     rf_multiMode_cc26x2.aem4f : RFCC26X2_multiMode.c.cc26x2.ccs.o (.text:RF_yield)
                  00005b48    00000074     rtsv7M4_T_le_v4SPD16_eabi.lib : fclose.c.obj (.text:__TI_closefile)
                  00005bbc    00000072     rf_multiMode_cc26x2.aem4f : RFCC26X2_multiMode.c.cc26x2.ccs.o (.text:RF_detachOverrides)
                  00005c2e    00000070                               : rfc.c.cc26x2.ccs.o (.text:NOROM_RFCAnaDivTxOverride)
                  00005c9e    0000006e                               : RFCC26X2_multiMode.c.cc26x2.ccs.o (.text:RF_attachOverrides)
                  00005d0c    0000006e                               : RFCC26X2_multiMode.c.cc26x2.ccs.o (.text:RF_howToSchedule)
                  00005d7a    0000006e     rtsv7M4_T_le_v4SPD16_eabi.lib : _printfi.c.obj (.text:_mcpy)
                  00005de8    0000006d     rom_sysbios.aem4f : rom_sysbios.obj (.text:xdc_runtime_System_formatNum__I)
                  00005e55    00000003     --HOLE-- [fill = 0]
                  00005e58    0000006c     rtsv7M4_T_le_v4SPD16_eabi.lib : hostrename.c.obj (.text:HOSTrename)
                  00005ec4    0000006c     driverlib.lib : chipinfo.obj (.text:NOROM_ChipInfo_GetChipType)
                  00005f30    0000006c     rf_multiMode_cc26x2.aem4f : RFCC26X2_multiMode.c.cc26x2.ccs.o (.text:RF_getCurrentTime)
                  00005f9c    0000006c     VL53L1X_api.obj (.text:VL53L1X_SetInterMeasurementInMs)
                  00006008    00000068     rtsv7M4_T_le_v4SPD16_eabi.lib : hostlseek.c.obj (.text:HOSTlseek)
                  00006070    00000068     driverlib.lib : osc.obj (.text:NOROM_OSCHF_SwitchToRcOscTurnOffXosc)
                  000060d8    00000068     rf_multiMode_cc26x2.aem4f : RFCC26X2_multiMode.c.cc26x2.ccs.o (.text:RF_hwiHw)
                  00006140    00000068     vl53l1_platform.obj (.text:VL53L1_WrByte)
                  000061a8    00000068     rtsv7M4_T_le_v4SPD16_eabi.lib : copy_decompress_lzss.c.obj (.text:decompress:lzss:__TI_decompress_lzss)
                  00006210    00000068                                   : printf.c.obj (.text:printf)
                  00006278    00000066     VL53L1X_api.obj (.text:VL53L1X_CheckForDataReady)
                  000062de    00000002     --HOLE-- [fill = 0]
                  000062e0    00000064     drivers_cc26x2.a : I2CCC26XX.oem4f (.text:I2CCC26XX_initIO)
                  00006344    00000064     rf_multiMode_cc26x2.aem4f : RFCC26X2_multiMode.c.cc26x2.ccs.o (.text:RF_dispatchNextEvent)
                  000063a8    00000064     rtsv7M4_T_le_v4SPD16_eabi.lib : s_frexp.c.obj (.text:frexp)
                  0000640c    00000064                                   : fseek.c.obj (.text:fseek)
                  00006470    00000062     rf_multiMode_cc26x2.aem4f : RFCC26X2_multiMode.c.cc26x2.ccs.o (.text:RF_syncCb)
                  000064d2    00000062     rtsv7M4_T_le_v4SPD16_eabi.lib : _io_perm.c.obj (.text:__TI_wrt_ok)
                  00006534    00000060                                   : hostopen.c.obj (.text:HOSTopen)
                  00006594    00000060     rf_multiMode_cc26x2.aem4f : RFCC26X2_multiMode.c.cc26x2.ccs.o (.text:RF_applyRfCorePatch)
                  000065f4    0000005c     drivers_cc26x2.a : PINCC26XX.oem4f (.text:PIN_remove)
                  00006650    0000005c     rtsv7M4_T_le_v4SPD16_eabi.lib : close.c.obj (.text:close)
                  000066ac    0000005c     rom_sysbios.aem4f : rom_sysbios.obj (.text:ti_sysbios_heaps_HeapMem_initPrimary__I)
                  00006708    0000005c     release_pem4f.oem4f (.text:xdc_runtime_Startup_getState__I)
                  00006764    00000058     rtsv7M4_T_le_v4SPD16_eabi.lib : hostread.c.obj (.text:HOSTread)
                  000067bc    00000058                                   : hostwrite.c.obj (.text:HOSTwrite)
                  00006814    00000058     drivers_cc26x2.a : PowerCC26X2_calibrateRCOSC.oem4f (.text:PowerCC26X2_initiateCalibration)
                  0000686c    00000058     rf_multiMode_cc26x2.aem4f : RFCC26X2_multiMode.c.cc26x2.ccs.o (.text:RF_hwiCpe0PowerFsm)
                  000068c4    00000058     vl53l1_platform.obj (.text:_I2CRead)
                  0000691c    00000058     vl53l1_platform.obj (.text:_I2CWrite)
                  00006974    00000058     boot.aem4f : boot.oem4f (.text)
                  000069cc    00000056     rf_multiMode_cc26x2.aem4f : RFCC26X2_multiMode.c.cc26x2.ccs.o (.text:RF_defaultSubmitPolicy)
                  00006a22    00000056     rtsv7M4_T_le_v4SPD16_eabi.lib : _printfi.c.obj (.text:_pconv_f)
                  00006a78    00000054     driverlib.lib : prcm.obj (.text:NOROM_PRCMPowerDomainsAllOff)
                  00006acc    00000054     rf_multiMode_cc26x2.aem4f : RFCC26X2_multiMode.c.cc26x2.ccs.o (.text:RF_fsmXOSCState)
                  00006b20    00000054     dpl_cc26x2.a : SwiP_tirtos.oem4f (.text:SwiP_construct)
                  00006b74    00000054     VL53L1X_api.obj (.text:VL53L1X_GetRangeStatus)
                  00006bc8    00000054     rtsv7M4_T_le_v4SPD16_eabi.lib : _ltoa.c.obj (.text:__TI_ltoa)
                  00006c1c    00000052                                   : _printfi.c.obj (.text:_ecpy)
                  00006c6e    0000004e     VL53L1X_api.obj (.text:VL53L1X_GetInterruptPolarity)
                  00006cbc    0000004c     ti_drivers_config.obj (.text:Board_wakeUpExtFlash)
                  00006d08    0000004c     driverlib.lib : prcm.obj (.text:NOROM_PRCMPowerDomainsAllOn)
                  00006d54    0000004c     rf_multiMode_cc26x2.aem4f : RFCC26X2_multiMode.c.cc26x2.ccs.o (.text:RF_wakeupNotification)
                  00006da0    0000004c     rtsv7M4_T_le_v4SPD16_eabi.lib : fflush.c.obj (.text:__TI_doflush)
                  00006dec    0000004c                                   : atoi.c.obj (.text:atoi)
                  00006e38    0000004c                                   : cpy_tbl.c.obj (.text:copy_in)
                  00006e84    00000048     drivers_cc26x2.a : I2CCC26XX.oem4f (.text:I2CCC26XX_initHw)
                  00006ecc    00000048     rf_multiMode_cc26x2.aem4f : rfc.c.cc26x2.ccs.o (.text:NOROM_RFCSynthPowerDown)
                  00006f14    00000048     drivers_cc26x2.a : PowerCC26X2_calibrateRCOSC.oem4f (.text:PowerCC26X2_RCOSC_clockFunc)
                  00006f5c    00000048                      : PowerCC26X2.oem4f (.text:PowerCC26XX_switchXOSC_HF)
                  00006fa4    00000048     rtsv7M4_T_le_v4SPD16_eabi.lib : fd_toi_t2.asm.obj (.text)
                  00006fec    00000048     drivers_cc26x2.a : PowerCC26X2.oem4f (.text:switchXOSCHF)
                  00007034    00000046     VL53L1X_api.obj (.text:VL53L1X_GetDistanceMode)
                  0000707a    00000002     --HOLE-- [fill = 0]
                  0000707c    00000044     rtsv7M4_T_le_v4SPD16_eabi.lib : hostclose.c.obj (.text:HOSTclose)
                  000070c0    00000044                                   : hostunlink.c.obj (.text:HOSTunlink)
                  00007104    00000044     driverlib.lib : chipinfo.obj (.text:NOROM_ChipInfo_GetHwRevision)
                  00007148    00000044     drivers_cc26x2.a : PINCC26XX.oem4f (.text:PIN_swi)
                  0000718c    00000044     rtsv7M4_T_le_v4SPD16_eabi.lib : getdevice.c.obj (.text:getdevice)
                  000071d0    00000044                                   : fd_tou_t2.asm.obj (.text)
                  00007214    00000040     ti_drivers_config.obj (.text:Board_shutDownExtFlash)
                  00007254    00000040     dpl_cc26x2.a : ClockP_tirtos.oem4f (.text:ClockP_construct)
                  00007294    00000040     driverlib.lib : osc.obj (.text:NOROM_OSC_HPOSCRelativeFrequencyOffsetGet)
                  000072d4    00000040     drivers_cc26x2.a : PowerCC26X2.oem4f (.text:PowerCC26XX_isStableXOSC_HF)
                  00007314    00000040     rf_multiMode_cc26x2.aem4f : rf_patch_cpe_prop.c.cc26x2.ccs.o (.text:configurePropPatch)
                  00007354    00000040     rtsv7M4_T_le_v4SPD16_eabi.lib : u_divt2.asm.obj (.text)
                  00007394    00000040     rom_sysbios.aem4f : rom_sysbios.obj (.text:ti_sysbios_family_arm_cc26xx_Timer_setThreshold__I)
                  000073d4    0000003e     dpl_cc26x2.a : HwiP_tirtos.oem4f (.text:HwiP_construct)
                  00007412    0000003e     rtsv7M4_T_le_v4SPD16_eabi.lib : _printfi.c.obj (.text:_fcpy)
                  00007450    0000003c     drivers_cc26x2.a : PINCC26XX.oem4f (.text:PIN_setOutputValue)
                  0000748c    0000003c     rf_multiMode_cc26x2.aem4f : RFCC26X2_multiMode.c.cc26x2.ccs.o (.text:RF_cmdGet)
                  000074c8    0000003c                               : RFCC26X2_multiMode.c.cc26x2.ccs.o (.text:RF_cmdStoreEvents)
                  00007504    0000003c     rom_sysbios.aem4f : rom_sysbios.obj (.text:ti_sysbios_family_arm_m3_Hwi_construct2__E)
                  00007540    00000038     drivers_cc26x2.a : PINCC26XX.oem4f (.text:PIN_setConfig)
                  00007578    00000038     rf_multiMode_cc26x2.aem4f : RFCC26X2_multiMode.c.cc26x2.ccs.o (.text:RF_checkCmdFsError)
                  000075b0    00000038                               : RFCC26X2_multiMode.c.cc26x2.ccs.o (.text:RF_powerConstraintRelease)
                  000075e8    00000038     VL53L1X_api.obj (.text:VL53L1X_BootState)
                  00007620    00000038     VL53L1X_api.obj (.text:VL53L1X_GetDistance)
                  00007658    00000038     rtsv7M4_T_le_v4SPD16_eabi.lib : trgmsg.c.obj (.text:__TI_writemsg)
                  00007690    00000038     drivers_cc26x2.a : PowerCC26X2.oem4f (.text:notify)
                  000076c8    00000038     rtsv7M4_T_le_v4SPD16_eabi.lib : fs_tod_t2.asm.obj (.text)
                  00007700    00000036                                   : strncpy.c.obj (.text:strncpy)
                  00007736    00000036     rom_sysbios.aem4f : rom_sysbios.obj (.text:ti_sysbios_family_arm_cc26xx_Timer_setNextTick__E)
                  0000776c    00000034     driverlib.lib : aux_sysif.obj (.text:NOROM_AUXSYSIFOpModeChange)
                  000077a0    00000034                   : sys_ctrl.obj (.text:NOROM_SysCtrlIdle)
                  000077d4    00000034     rtsv7M4_T_le_v4SPD16_eabi.lib : fopen.c.obj (.text:__TI_cleanup)
                  00007808    00000034                                   : trgmsg.c.obj (.text:__TI_readmsg)
                  0000783c    00000034     rom_sysbios.aem4f : rom_sysbios.obj (.text:usleep)
                  00007870    00000030     drivers_cc26x2.a : PINCC26XX.oem4f (.text:PINCC26XX_setMux)
                  000078a0    00000030                      : PowerCC26X2.oem4f (.text:Power_releaseConstraint)
                  000078d0    00000030                      : PowerCC26X2.oem4f (.text:Power_setConstraint)
                  00007900    00000030     rtsv7M4_T_le_v4SPD16_eabi.lib : getdevice.c.obj (.text:finddevice)
                  00007930    00000030     release_pem4f.oem4f (.text:ti_sysbios_BIOS_atExitFunc__I)
                  00007960    00000030     release_pem4f.oem4f (.text:ti_sysbios_BIOS_startFunc__I)
                  00007990    00000030     rom_sysbios.aem4f : rom_sysbios.obj (.text:ti_sysbios_family_arm_cc26xx_Timer_getCurrentTick__E)
                  000079c0    00000030                       : rom_sysbios.obj (.text:ti_sysbios_family_arm_cc26xx_Timer_initDevice__I)
                  000079f0    00000030                       : rom_sysbios.obj (.text:ti_sysbios_knl_Clock_getTimeout__E)
                  00007a20    0000002e     rtsv7M4_T_le_v4SPD16_eabi.lib : i_tofd_t2.asm.obj (.text)
                  00007a4e    0000002e     release_pem4f.oem4f (.text:ti_sysbios_rts_MemAlloc_alloc)
                  00007a7c    0000002c     rf_multiMode_cc26x2.aem4f : RFCC26X2_multiMode.c.cc26x2.ccs.o (.text:RF_executeDirectImmediateCmd)
                  00007aa8    0000002c     dpl_cc26x2.a : SemaphoreP_tirtos.oem4f (.text:SemaphoreP_constructBinary)
                  00007ad4    0000002c     rom_sysbios.aem4f : rom_sysbios.obj (.text:_pthread_delete$45)
                  00007b00    0000002c     rf_multiMode_cc26x2.aem4f : rf_patch_cpe_prop.c.cc26x2.ccs.o (.text:applyPropPatch)
                  00007b2c    0000002c     rom_sysbios.aem4f : rom_sysbios.obj (.text:ti_sysbios_knl_Clock_getTicksUntilInterrupt__E)
                  00007b58    0000002c     rtsv7M4_T_le_v4SPD16_eabi.lib : unlink.c.obj (.text:unlink)
                  00007b84    0000002a     drivers_cc26x2.a : List.oem4f (.text:List_insert)
                  00007bae    0000002a     rf_multiMode_cc26x2.aem4f : RFCC26X2_multiMode.c.cc26x2.ccs.o (.text:RF_searchAndReplacePAOverride)
                  00007bd8    00000028                               : rfc.c.cc26x2.ccs.o (.text:NOROM_RFCOverrideSearch)
                  00007c00    00000028     drivers_cc26x2.a : PowerCC26X2.oem4f (.text:Power_registerNotify)
                  00007c28    00000028     rf_multiMode_cc26x2.aem4f : RFCC26X2_multiMode.c.cc26x2.ccs.o (.text:RF_calculateDeltaTimeUs)
                  00007c50    00000028                               : RFCC26X2_multiMode.c.cc26x2.ccs.o (.text:RF_runCmd)
                  00007c78    00000028     rtsv7M4_T_le_v4SPD16_eabi.lib : lseek.c.obj (.text:lseek)
                  00007ca0    00000028     drivers_cc26x2.a : PowerCC26X2.oem4f (.text:oscillatorISR)
                  00007cc8    00000028     rtsv7M4_T_le_v4SPD16_eabi.lib : write.c.obj (.text:write)
                  00007cf0    00000026     drivers_cc26x2.a : I2C.oem4f (.text:I2C_cancel)
                  00007d16    00000026                      : List.oem4f (.text:List_put)
                  00007d3c    00000026                      : List.oem4f (.text:List_putHead)
                  00007d62    00000026                      : List.oem4f (.text:List_remove)
                  00007d88    00000026     VL53L1X_api.obj (.text:VL53L1X_ClearInterrupt)
                  00007dae    00000026     VL53L1X_api.obj (.text:VL53L1X_StartRanging)
                  00007dd4    00000026     VL53L1X_api.obj (.text:VL53L1X_StopRanging)
                  00007dfa    00000002     --HOLE-- [fill = 0]
                  00007dfc    00000024     driverlib.lib : osc.obj (.text:NOROM_OSCHF_TurnOnXosc)
                  00007e20    00000024     rf_multiMode_cc26x2.aem4f : rfc.c.cc26x2.ccs.o (.text:NOROM_RFCDoorbellSendTo)
                  00007e44    00000024                               : RFCC26X2_multiMode.c.cc26x2.ccs.o (.text:RF_cmdAlloc)
                  00007e68    00000024                               : RFCC26X2_multiMode.c.cc26x2.ccs.o (.text:RF_invokeGlobalCallback)
                  00007e8c    00000024     rom_sysbios.aem4f : rom_sysbios.obj (.text:_pthread_cleanupFxn)
                  00007eb0    00000024     drivers_cc26x2.a : PowerCC26X2_calibrateRCOSC.oem4f (.text:getTdcSemaphore)
                  00007ed4    00000024     release_pem4f.oem4f (.text:ti_sysbios_BIOS_registerRTSLock__I)
                  00007ef8    00000024     release_pem4f.oem4f (.text:ti_sysbios_BIOS_removeRTSLock__I)
                  00007f1c    00000024     rom_sysbios.aem4f : rom_sysbios.obj (.text:ti_sysbios_family_arm_cc26xx_Timer_getMaxTicks__E)
                  00007f40    00000022     drivers_cc26x2.a : List.oem4f (.text:List_get)
                  00007f62    00000002     --HOLE-- [fill = 0]
                  00007f64    00000020     ti_drivers_config.obj (.text:Board_init)
                  00007f84    00000020     dpl_cc26x2.a : HwiP_tirtos.oem4f (.text:HwiP_setFunc)
                  00007fa4    00000020     drivers_cc26x2.a : PINCC26XX.oem4f (.text:PINCC26XX_setIoCfgMux)
                  00007fc4    00000020     rf_multiMode_cc26x2.aem4f : RFCC26X2_multiMode.c.cc26x2.ccs.o (.text:RF_clkPowerUp)
                  00007fe4    00000020                               : RFCC26X2_multiMode.c.cc26x2.ccs.o (.text:RF_hwiCpe0ChangePhy)
                  00008004    00000020                               : RFCC26X2_multiMode.c.cc26x2.ccs.o (.text:RF_isStateTransitionAllowed)
                  00008024    00000020                               : RFCC26X2_multiMode.c.cc26x2.ccs.o (.text:RF_ratIsRunning)
                  00008044    00000020     rtsv7M4_T_le_v4SPD16_eabi.lib : memchr.c.obj (.text:memchr)
                  00008064    00000020                                   : u_tofd_t2.asm.obj (.text)
                  00008084    00000020     release_pem4f.oem4f (.text:ti_sysbios_BIOS_rtsLock__I)
                  000080a4    00000020     rom_sysbios.aem4f : rom_sysbios.obj (.text:ti_sysbios_family_arm_cc26xx_Timer_dynamicStub__E)
                  000080c4    00000020                       : rom_sysbios.obj (.text:xdc_runtime_Error_policyMin__E)
                  000080e4    0000001e     drivers_cc26x2.a : PINCC26XX.oem4f (.text:PIN_close)
                  00008102    0000001e                      : PowerCC26X2.oem4f (.text:Power_getTransitionLatency)
                  00008120    0000001c     driverlib.lib : chipinfo.obj (.text:NOROM_ChipInfo_GetChipFamily)
                  0000813c    0000001c     drivers_cc26x2.a : PINCC26XX.oem4f (.text:PIN_hwi)
                  00008158    0000001c     dpl_cc26x2.a : PowerCC26X2_tirtos.oem4f (.text:PowerCC26XX_schedulerDisable)
                  00008174    0000001c                  : PowerCC26X2_tirtos.oem4f (.text:PowerCC26XX_schedulerRestore)
                  00008190    0000001c     rf_multiMode_cc26x2.aem4f : RFCC26X2_multiMode.c.cc26x2.ccs.o (.text:RF_clkInactivityCallback)
                  000081ac    0000001c                               : RFCC26X2_multiMode.c.cc26x2.ccs.o (.text:RF_getPAOverrideOffsetAndValue)
                  000081c8    0000001c                               : RFCC26X2_multiMode.c.cc26x2.ccs.o (.text:RF_powerConstraintSet)
                  000081e4    0000001c     rtsv7M4_T_le_v4SPD16_eabi.lib : memccpy.c.obj (.text:memccpy)
                  00008200    0000001c     rom_sysbios.aem4f : rom_sysbios.obj (.text:ti_sysbios_knl_Swi_construct2__E)
                  0000821c    0000001c     release_pem4f.oem4f (.text:xdc_runtime_Startup_exec__I)
                  00008238    0000001a     drivers_cc26x2.a : PowerCC26X2.oem4f (.text:PowerCC26XX_calibrate)
                  00008252    0000001a     rtsv7M4_T_le_v4SPD16_eabi.lib : s_copysign.c.obj (.text:copysign)
                  0000826c    0000001a     release_pem4f.oem4f (.text:free)
                  00008286    00000002     --HOLE-- [fill = 0]
                  00008288    00000018     driverlib.lib : chipinfo.obj (.text:NOROM_ChipInfo_GetPackageType)
                  000082a0    00000018     drivers_cc26x2.a : PowerCC26X2.oem4f (.text:Power_idleFunc)
                  000082b8    00000018     rf_multiMode_cc26x2.aem4f : RFCC26X2_multiMode.c.cc26x2.ccs.o (.text:RF_swiFsm)
                  000082d0    00000018     rtsv7M4_T_le_v4SPD16_eabi.lib : args_main.c.obj (.text:_args_main)
                  000082e8    00000018                                   : ll_mul_t2.asm.obj (.text)
                  00008300    00000018                                   : strcmp.c.obj (.text:strcmp)
                  00008318    00000018     drivers_cc26x2.a : PowerCC26X2.oem4f (.text:switchToTCXO)
                  00008330    00000018     release_pem4f.oem4f (.text:ti_sysbios_BIOS_rtsUnlock__I)
                  00008348    00000018     rom_sysbios.aem4f : rom_sysbios.obj (.text:ti_sysbios_knl_Swi_or__E)
                  00008360    00000018                       : rom_sysbios.obj (.text:ti_sysbios_rts_ti_ReentSupport_getReent__F)
                  00008378    00000018                       : rom_sysbios.obj (.text:xdc_runtime_Error_init__E)
                  00008390    00000016     driverlib.lib : chipinfo.obj (.text:NOROM_ThisLibraryIsFor_CC13x2_CC26x2_HwRev20AndLater_HaltIfViolated)
                  000083a6    00000016     rf_multiMode_cc26x2.aem4f : RFCC26X2_multiMode.c.cc26x2.ccs.o (.text:RF_restartClockTimeout)
                  000083bc    00000016     rtsv7M4_T_le_v4SPD16_eabi.lib : strchr.c.obj (.text:strchr)
                  000083d2    00000016     release_pem4f.oem4f (.text:ti_sysbios_BIOS_exitFunc__I)
                  000083e8    00000016     main_tirtos.obj (.text:ti_sysbios_knl_Semaphore_Params_init)
                  000083fe    00000016     main_tirtos.obj (.text:ti_sysbios_knl_Task_Params_init)
                  00008414    00000014     drivers_cc26x2.a : I2CCC26XX.oem4f (.text:I2CSupport_masterFinish)
                  00008428    00000014                      : I2C.oem4f (.text:I2C_transfer)
                  0000843c    00000014                      : List.oem4f (.text:List_clearList)
                  00008450    00000014     rf_multiMode_cc26x2.aem4f : rfc.c.cc26x2.ccs.o (.text:NOROM_RFCCpeIntGetAndClear)
                  00008464    00000014     drivers_cc26x2.a : PINCC26XX.oem4f (.text:PINCC26XX_getOutputValue)
                  00008478    00000014                      : PowerCC26X2_calibrateRCOSC.oem4f (.text:PowerCC26X2_calibrate)
                  0000848c    00000014     rf_multiMode_cc26x2.aem4f : RFCC26X2_multiMode.c.cc26x2.ccs.o (.text:RF_Params_init)
                  000084a0    00000014                               : RFCC26X2_multiMode.c.cc26x2.ccs.o (.text:RF_dbellSyncOnAck)
                  000084b4    00000014                               : RFCC26X2_multiMode.c.cc26x2.ccs.o (.text:RF_ratGetChannel)
                  000084c8    00000014     drivers_cc26x2.a : TemperatureCC26X2.oem4f (.text:Temperature_getTemperature)
                  000084dc    00000014     rtsv7M4_T_le_v4SPD16_eabi.lib : strcpy.c.obj (.text:strcpy)
                  000084f0    00000014     rom_sysbios.aem4f : rom_sysbios.obj (.text:ti_sysbios_family_arm_cc26xx_Timer_getCount64__E)
                  00008504    00000014     release_pem4f.oem4f (.text:ti_sysbios_knl_Clock_doTick__I)
                  00008518    00000012     dpl_cc26x2.a : SemaphoreP_tirtos.oem4f (.text:SemaphoreP_pend)
                  0000852a    00000012     rtsv7M4_T_le_v4SPD16_eabi.lib : wcslen.c.obj (.text:wcslen)
                  0000853c    00000010     dpl_cc26x2.a : ClockP_tirtos.oem4f (.text:ClockP_isActive)
                  0000854c    00000010                  : HwiP_tirtos.oem4f (.text:HwiP_Params_init)
                  0000855c    00000010     drivers_cc26x2.a : I2CCC26XX.oem4f (.text:I2CCC26XX_postNotify)
                  0000856c    00000010                      : I2C.oem4f (.text:I2C_Params_init)
                  0000857c    00000010     rf_multiMode_cc26x2.aem4f : rfc.c.cc26x2.ccs.o (.text:NOROM_RFCHwIntGetAndClear)
                  0000858c    00000010     drivers_cc26x2.a : PINCC26XX.oem4f (.text:PINCC26XX_getPinCount)
                  0000859c    00000010     rf_multiMode_cc26x2.aem4f : RFCC26X2_multiMode.c.cc26x2.ccs.o (.text:RF_dbellSubmitCmdAsync)
                  000085ac    00000010                               : RFCC26X2_multiMode.c.cc26x2.ccs.o (.text:RF_isClientOwner)
                  000085bc    00000010     dpl_cc26x2.a : SwiP_tirtos.oem4f (.text:SwiP_Params_init)
                  000085cc    00000010     rom_sysbios.aem4f : rom_sysbios.obj (.text:ti_sysbios_family_arm_m3_Hwi_post__E)
                  000085dc    0000000e     rf_multiMode_cc26x2.aem4f : RFCC26X2_multiMode.c.cc26x2.ccs.o (.text:RF_getSwitchingTimeInUs)
                  000085ea    0000000e     rtsv7M4_T_le_v4SPD16_eabi.lib : copy_decompress_none.c.obj (.text:decompress:none:__TI_decompress_none)
                  000085f8    0000000e     rom_sysbios.aem4f : rom_sysbios.obj (.text:ti_sysbios_family_arm_cc26xx_TimestampProvider_get32__E)
                  00008606    00000002     --HOLE-- [fill = 0]
                  00008608    0000000c     dpl_cc26x2.a : ClockP_tirtos.oem4f (.text:ClockP_getSystemTickPeriod)
                  00008614    0000000c     driverlib.lib : cpu.obj (.text:NOROM_CPUcpsid)
                  00008620    0000000c                   : cpu.obj (.text:NOROM_CPUcpsie)
                  0000862c    0000000c     drivers_cc26x2.a : PowerCC26X2.oem4f (.text:Power_getConstraintMask)
                  00008638    0000000c                      : PowerCC26X2.oem4f (.text:Power_getDependencyCount)
                  00008644    0000000c     rf_multiMode_cc26x2.aem4f : RFCC26X2_multiMode.c.cc26x2.ccs.o (.text:RF_powerConstraintGet)
                  00008650    0000000c     rtsv7M4_T_le_v4SPD16_eabi.lib : _lock.c.obj (.text:_register_lock)
                  0000865c    0000000c                                   : _lock.c.obj (.text:_register_unlock)
                  00008668    0000000c                                   : copy_zero_init.c.obj (.text:decompress:ZI:__TI_zero_init)
                  00008674    0000000c     main_tirtos.obj (.text:ti_sysbios_knl_Semaphore_handle)
                  00008680    0000000c     rom_sysbios.aem4f : rom_sysbios.obj (.text:ti_sysbios_knl_Swi_getTrigger__E)
                  0000868c    0000000a     dpl_cc26x2.a : ClockP_tirtos.oem4f (.text:ClockP_Params_init)
                  00008696    0000000a     release_pem4f.oem4f (.text:ti_sysbios_rts_ti_ReentSupport_getTlsAddr__I)
                  000086a0    00000008     drivers_cc26x2.a : I2CCC26XX.oem4f (.text:I2CCC26XX_blockingCallback)
                  000086a8    00000008     release_pem4f.oem4f (.text:xdc_runtime_Text_visitRope__I)
                  000086b0    00000006     drivers_cc26x2.a : I2CCC26XX.oem4f (.text:I2CSupport_powerRelConstraint)
                  000086b6    00000006                      : I2CCC26XX.oem4f (.text:I2CSupport_powerSetConstraint)
                  000086bc    00000006     driverlib.lib : cpu.obj (.text:NOROM_CPUdelay)
                  000086c2    00000006     rf_multiMode_cc26x2.aem4f : RFCC26X2_multiMode.c.cc26x2.ccs.o (.text:RF_clkReqAccess)
                  000086c8    00000006     drivers_cc26x2.a : PowerCC26X2.oem4f (.text:delayUs)
                  000086ce    00000006     rom_sysbios.aem4f : rom_sysbios.obj (.text:ti_sysbios_family_arm_m3_Hwi_setFunc__E)
                  000086d4    00000004     dpl_cc26x2.a : PowerCC26X2_tirtos.oem4f (.text:CPUwfi)
                  000086d8    00000004                  : ClockP_tirtos.oem4f (.text:ClockP_getCpuFreq)
                  000086dc    00000004                  : ClockP_tirtos.oem4f (.text:ClockP_getTimeout)
                  000086e0    00000004                  : ClockP_tirtos.oem4f (.text:ClockP_setTimeout)
                  000086e4    00000004                  : ClockP_tirtos.oem4f (.text:ClockP_start)
                  000086e8    00000004                  : ClockP_tirtos.oem4f (.text:ClockP_stop)
                  000086ec    00000004                  : HwiP_tirtos.oem4f (.text:HwiP_disable)
                  000086f0    00000004                  : HwiP_tirtos.oem4f (.text:HwiP_disableInterrupt)
                  000086f4    00000004                  : HwiP_tirtos.oem4f (.text:HwiP_enableInterrupt)
                  000086f8    00000004                  : HwiP_tirtos.oem4f (.text:HwiP_post)
                  000086fc    00000004     rf_multiMode_cc26x2.aem4f : rfc.c.cc26x2.ccs.o (.text:NOROM_RFCOverrideUpdate)
                  00008700    00000004                               : RFCC26X2_multiMode.c.cc26x2.ccs.o (.text:RF_defaultExecutionPolicy)
                  00008704    00000004     dpl_cc26x2.a : SemaphoreP_tirtos.oem4f (.text:SemaphoreP_post)
                  00008708    00000004                  : SwiP_tirtos.oem4f (.text:SwiP_disable)
                  0000870c    00000004                  : SwiP_tirtos.oem4f (.text:SwiP_getTrigger)
                  00008710    00000004                  : SwiP_tirtos.oem4f (.text:SwiP_or)
                  00008714    00000004                  : SwiP_tirtos.oem4f (.text:SwiP_post)
                  00008718    00000004     rom_sysbios.aem4f : rom_sysbios.obj (.text:__aeabi_errno_addr)
                  0000871c    00000004     rtsv7M4_T_le_v4SPD16_eabi.lib : printf.c.obj (.text:_outc)
                  00008720    00000004                                   : printf.c.obj (.text:_outs)
                  00008724    00000004     drivers_cc26x2.a : PowerCC26X2.oem4f (.text:configureRFCoreClocks)
                  00008728    00000004                      : PowerCC26X2.oem4f (.text:nopResourceHandler)
                  0000872c    00000004     rom_sysbios.aem4f : rom_sysbios.obj (.text:ti_sysbios_knl_Clock_isActive__E)
                  00008730    00000004                       : rom_sysbios.obj (.text:ti_sysbios_knl_Semaphore_getCount__E)
                  00008734    00000004     release_pem4f.oem4f (.text:xdc_runtime_Startup_reset__I)
                  00008738    00000004     rom_sysbios.aem4f : rom_sysbios.obj (.text:xdc_runtime_SysCallback_defaultReady)
                  0000873c    00000008     (.tramp.ti_sysbios_family_arm_m3_Hwi_enableInterrupt__E.1)
                  00008744    00000008     (.tramp.ti_sysbios_family_arm_m3_Hwi_disableInterrupt__E.1)
                  0000874c    00000008     (.tramp.ti_sysbios_BIOS_getCpuFreq__E.1)
                  00008754    00000008     (.tramp.ti_sysbios_knl_Task_self__E.1)
                  0000875c    00000008     (.tramp.ti_sysbios_knl_Clock_logTick__E.1)
                  00008764    00000008     (.tramp.ti_sysbios_knl_Task_Params__init__S.1)
                  0000876c    00000008     (.tramp.ti_sysbios_BIOS_getThreadType__E.1)
                  00008774    00000008     (.tramp.ti_sysbios_knl_Swi_post__E.1)
                  0000877c    00000008     (.tramp.ti_sysbios_BIOS_RtsGateProxy_leave__E.1)
                  00008784    00000008     (.tramp.ti_sysbios_knl_Swi_construct.1)
                  0000878c    00000008     (.tramp.ti_sysbios_BIOS_RtsGateProxy_enter__E.1)
                  00008794    00000008     (.tramp.ti_sysbios_family_arm_m3_Hwi_disableFxn__E.1)
                  0000879c    00000008     (.tramp.ti_sysbios_knl_Task_restore__E.1)
                  000087a4    00000008     (.tramp.ti_sysbios_knl_Clock_TimerProxy_getCurrentTick__E.1)
                  000087ac    00000008     (.tramp.xdc_runtime_Memory_free__E.1)
                  000087b4    00000008     (.tramp.ti_sysbios_knl_Task_delete.1)
                  000087bc    00000008     (.tramp.ti_sysbios_knl_Semaphore_destruct.1)
                  000087c4    00000008     (.tramp.ti_sysbios_knl_Semaphore_Params__init__S.1)
                  000087cc    00000008     (.tramp.xdc_runtime_Memory_alloc__E.1)
                  000087d4    00000008     (.tramp.ti_sysbios_knl_Clock_getTicks__E.1)
                  000087dc    00000008     (.tramp.ti_sysbios_knl_Task_startup__E.1)
                  000087e4    00000008     (.tramp.ti_sysbios_knl_Swi_startup__E.1)
                  000087ec    00000008     (.tramp.ti_sysbios_hal_Hwi_startup__E.1)
                  000087f4    00000008     (.tramp.ti_sysbios_family_arm_cc26xx_Timer_startup__E.1)
                  000087fc    00000008     (.tramp.xdc_runtime_System_atexit__E.1)
                  00008804    00000008     (.tramp.ti_sysbios_BIOS_linkedWithIncorrectBootLibrary__E.1)
                  0000880c    00000008     (.tramp.xdc_runtime_Startup_rtsDone__E.1)
                  00008814    00000008     (.tramp.ti_sysbios_knl_Task_disable__E.1)
                  0000881c    00000008     (.tramp.ti_sysbios_knl_Swi_disable__E.1)
                  00008824    00000008     (.tramp.ti_sysbios_knl_Task_sleep__E.1)
                  0000882c    00000008     (.tramp.ti_sysbios_family_arm_m3_Hwi_construct.1)
                  00008834    00000008     (.tramp.ti_sysbios_family_arm_m3_Hwi_Params__init__S.1)
                  0000883c    00000008     (.tramp.ti_sysbios_knl_Clock_construct.1)
                  00008844    00000008     (.tramp.ti_sysbios_knl_Clock_Params__init__S.1)
                  0000884c    00000008     (.tramp.ti_sysbios_knl_Swi_Params__init__S.1)
                  00008854    00000008     (.tramp.xdc_runtime_System_exit__E.1)
                  0000885c    00000008     (.tramp.ti_sysbios_heaps_HeapMem_restore__E.1)
                  00008864    00000008     (.tramp.ti_sysbios_heaps_HeapMem_Object__get__S.1)
                  0000886c    00000008     (.tramp.xdc_runtime_Error_raiseX__E.1)
                  00008874    00000008     (.tramp.ti_sysbios_BIOS_setThreadType__E.1)
                  0000887c    00000008     (.tramp.ti_sysbios_family_arm_m3_Hwi_excFillContext__I.1)
                  00008884    00000008     (.tramp.ti_sysbios_BIOS_start__E.1)
                  0000888c    00000008     (.tramp.ti_sysbios_knl_Semaphore_construct.1)
                  00008894    00000008     (.tramp.ti_sysbios_knl_Task_construct.1)
                  0000889c    00000008     (.tramp.ti_sysbios_knl_Clock_stop__E.1)
                  000088a4    00000008     (.tramp.ti_sysbios_knl_Clock_start__E.1)
                  000088ac    00000008     (.tramp.ti_sysbios_knl_Clock_setTimeout__E.1)
                  000088b4    00000008     (.tramp.ti_sysbios_knl_Swi_restore__E.1)
                  000088bc    00000008     (.tramp.xdc_runtime_System_doPrint__I.1)
                  000088c4    00000008     (.tramp.ti_sysbios_knl_Semaphore_pend__E.1)
                  000088cc    00000008     (.tramp.ti_sysbios_knl_Semaphore_post__E.1)
                  000088d4    00000008     (.tramp.ti_sysbios_family_arm_m3_Hwi_restoreFxn__E.1)
                  000088dc    00000008     (.tramp.strlen.1)

.const     0    000088e4    0000098f     
                  000088e4    000003b8     release_pem4f.oem4f (.const:ROM_constStruct)
                  00008c9c    000001f0     rf_multiMode_cc26x2.aem4f : rf_patch_cpe_prop.c.cc26x2.ccs.o (.const:patchImageProp)
                  00008e8c    00000101     rtsv7M4_T_le_v4SPD16_eabi.lib : ctype.c.obj (.const:.string:_ctypes_)
                  00008f8d    0000005b     VL53L1X_api.obj (.const:.string:VL51L1X_DEFAULT_CONFIGURATION)
                  00008fe8    00000054     drivers_cc26x2.a : PowerCC26X2.oem4f (.const:resourceDB)
                  0000903c    00000048     release_pem4f.oem4f (.const:.string)
                  00009084    00000048     release_pem4f.oem4f (.const:ROM_externFuncPtrs)
                  000090cc    00000024     release_pem4f.oem4f (.const:xdc_runtime_Startup_sfxnTab__A)
                  000090f0    00000020     VL53l1X_CC2652REV_E_TX_DISTANCE.obj (.const:$P$T0$1)
                  00009110    00000020     vl53l1_platform.obj (.const:$P$T0$1)
                  00009130    00000020     vl53l1_platform.obj (.const:$P$T1$2)
                  00009150    00000020     rf_multiMode_cc26x2.aem4f : RFCC26X2_multiMode.c.cc26x2.ccs.o (.const:RF_defaultParams)
                  00009170    00000018     VL53L1X_api.obj (.const:.string:status_rtn)
                  00009188    00000018     ti_drivers_config.obj (.const:i2cCC26xxHWAttrs)
                  000091a0    00000014     ti_drivers_config.obj (.const:$P$T1$2)
                  000091b4    00000014     ti_drivers_config.obj (.const:PowerCC26X2_config)
                  000091c8    00000012     release_pem4f.oem4f (.const:xdc_runtime_Startup_sfxnRts__A)
                  000091da    00000001     release_pem4f.oem4f (.const:xdc_runtime_Text_charTab__A)
                  000091db    00000001     --HOLE-- [fill = 0]
                  000091dc    00000010     ti_drivers_config.obj (.const:BoardGpioInitTable)
                  000091ec    00000010     drivers_cc26x2.a : I2C.oem4f (.const:I2C_defaultParams)
                  000091fc    00000010                      : I2CCC26XX.oem4f (.const:I2C_defaultParams)
                  0000920c    0000000c     ti_drivers_config.obj (.const:RFCC26XX_hwAttrs)
                  00009218    0000000c     release_pem4f.oem4f (.const:xdc_runtime_Startup_firstFxns__A)
                  00009224    00000008     driverlib.lib : aux_sysif.obj (.const:$O1$$)
                  0000922c    00000008     ti_drivers_config.obj (.const:$P$T0$1)
                  00009234    00000008     ti_drivers_config.obj (.const:I2C_config)
                  0000923c    00000008     ti_drivers_config.obj (.const:PINCC26XX_hwAttrs)
                  00009244    00000008     rf_multiMode_cc26x2.aem4f : RFCC26X2_multiMode.c.cc26x2.ccs.o (.const:RFCC26XX_schedulerPolicy)
                  0000924c    00000008     release_pem4f.oem4f (.const:ti_sysbios_family_arm_m3_Hwi_excHookFuncs__A)
                  00009254    00000008     release_pem4f.oem4f (.const:ti_sysbios_knl_Idle_funcList__A)
                  0000925c    00000004     release_pem4f.oem4f (.const:ti_sysbios_family_arm_m3_Hwi_E_exception__C)
                  00009260    00000004     release_pem4f.oem4f (.const:ti_sysbios_heaps_HeapMem_primaryHeapBaseAddr__C)
                  00009264    00000004     release_pem4f.oem4f (.const:ti_sysbios_heaps_HeapMem_primaryHeapEndAddr__C)
                  00009268    00000004     release_pem4f.oem4f (.const:ti_sysbios_knl_Clock_tickPeriod__C)
                  0000926c    00000004     release_pem4f.oem4f (.const:ti_sysbios_knl_Task_Object__heap__C)
                  00009270    00000003     ti_drivers_config.obj (.const)

MODULE SUMMARY

       Module                                code    ro data   rw data
       ------                                ----    -------   -------
    .\
       main_tirtos.obj                       188     0         2236   
       VL53l1X_CC2652REV_E_TX_DISTANCE.obj   1314    32        316    
    +--+-------------------------------------+-------+---------+---------+
       Total:                                1502    32        2552   
                                                                      
    .\syscfg\
       ti_drivers_config.obj                 306     119       324    
       ti_radio_config.obj                   0       0         124    
       ti_devices_config.obj                 0       88        0      
    +--+-------------------------------------+-------+---------+---------+
       Total:                                306     207       448    
                                                                      
    .\vl53l1x\
       VL53L1X_api.obj                       1962    115       0      
       vl53l1_platform.obj                   812     64        256    
    +--+-------------------------------------+-------+---------+---------+
       Total:                                2774    179       256    
                                                                      
    C:\Users\dbhai\workspace_v11\tirtos_builds_cc13x2_cc26x2_release_ccs\Debug\configPkg\package\cfg\
       release_pem4f.oem4f                   874     1259      1830   
    +--+-------------------------------------+-------+---------+---------+
       Total:                                874     1259      1830   
                                                                      
    C:/ti/simplelink_cc13x2_26x2_sdk_4_30_00_54/kernel/tirtos/packages/ti/dpl/lib/ccs/m4f/dpl_cc26x2.a
       PowerCC26X2_tirtos.oem4f              260     0         8      
       HwiP_tirtos.oem4f                     126     0         0      
       ClockP_tirtos.oem4f                   122     0         0      
       SwiP_tirtos.oem4f                     116     0         0      
       SemaphoreP_tirtos.oem4f               66      0         0      
    +--+-------------------------------------+-------+---------+---------+
       Total:                                690     0         8      
                                                                      
    C:/ti/simplelink_cc13x2_26x2_sdk_4_30_00_54/source/ti/devices/cc13x2_cc26x2/driverlib/bin/ccs/driverlib.lib
       sys_ctrl.obj                          428     0         0      
       osc.obj                               340     0         36     
       setup.obj                             324     0         0      
       chipinfo.obj                          250     0         0      
       prcm.obj                              160     0         0      
       aux_sysif.obj                         52      8         0      
       cpu.obj                               30      0         0      
       driverlib_release.obj                 0       0         1      
    +--+-------------------------------------+-------+---------+---------+
       Total:                                1584    8         37     
                                                                      
    C:/ti/simplelink_cc13x2_26x2_sdk_4_30_00_54/source/ti/drivers/lib/ccs/m4f/drivers_cc26x2.a
       PowerCC26X2.oem4f                     2164    84        368    
       PINCC26XX.oem4f                       1330    0         328    
       PowerCC26X2_calibrateRCOSC.oem4f      1400    0         0      
       I2CCC26XX.oem4f                       1058    16        0      
       I2C.oem4f                             366     16        0      
       List.oem4f                            210     0         0      
       TemperatureCC26X2.oem4f               20      0         0      
    +--+-------------------------------------+-------+---------+---------+
       Total:                                6548    116       696    
                                                                      
    C:/ti/simplelink_cc13x2_26x2_sdk_4_30_00_54/source/ti/drivers/rf/lib/rf_multiMode_cc26x2.aem4f
       RFCC26X2_multiMode.c.cc26x2.ccs.o     8184    40        1285   
       rf_patch_cpe_prop.c.cc26x2.ccs.o      108     496       1      
       rfc.c.cc26x2.ccs.o                    302     0         0      
    +--+-------------------------------------+-------+---------+---------+
       Total:                                8594    536       1286   
                                                                      
    C:\Users\dbhai\workspace_v11\tirtos_builds_cc13x2_cc26x2_release_ccs\src\sysbios\rom_sysbios.aem4f
       rom_sysbios.obj                       1251    0         136    
    +--+-------------------------------------+-------+---------+---------+
       Total:                                1251    0         136    
                                                                      
    C:\ti\ccs1000\ccs\tools\compiler\ti-cgt-arm_20.2.3.LTS\lib\rtsv7M4_T_le_v4SPD16_eabi.lib
       _printfi.c.obj                        4851    0         0      
       fd_add_t2.asm.obj                     438     0         0      
       defs.c.obj                            0       0         416    
       trgmsg.c.obj                          108     0         288    
       fd_div_t2.asm.obj                     310     0         0      
       fputs.c.obj                           276     0         0      
       s_scalbn.c.obj                        272     0         0      
       fd_cmp_t2.asm.obj                     268     0         0      
       ctype.c.obj                           0       257       0      
       fd_mul_t2.asm.obj                     252     0         0      
       setvbuf.c.obj                         220     0         0      
       host_device.c.obj                     0       0         200    
       memcpy_t2.asm.obj                     156     0         0      
       ull_div_t2.asm.obj                    150     0         0      
       fputc.c.obj                           140     0         0      
       memset_t2.asm.obj                     122     0         0      
       fclose.c.obj                          116     0         0      
       getdevice.c.obj                       116     0         0      
       printf.c.obj                          112     0         0      
       hostrename.c.obj                      108     0         0      
       copy_decompress_lzss.c.obj            104     0         0      
       hostlseek.c.obj                       104     0         0      
       hostopen.c.obj                        96      0         8      
       fseek.c.obj                           100     0         0      
       s_frexp.c.obj                         100     0         0      
       _io_perm.c.obj                        98      0         0      
       close.c.obj                           92      0         0      
       hostread.c.obj                        88      0         0      
       hostwrite.c.obj                       88      0         0      
       _ltoa.c.obj                           84      0         0      
       atoi.c.obj                            76      0         0      
       cpy_tbl.c.obj                         76      0         0      
       fflush.c.obj                          76      0         0      
       fd_toi_t2.asm.obj                     72      0         0      
       fd_tou_t2.asm.obj                     68      0         0      
       hostclose.c.obj                       68      0         0      
       hostunlink.c.obj                      68      0         0      
       u_divt2.asm.obj                       64      0         0      
       fs_tod_t2.asm.obj                     56      0         0      
       strncpy.c.obj                         54      0         0      
       fopen.c.obj                           52      0         0      
       i_tofd_t2.asm.obj                     46      0         0      
       unlink.c.obj                          44      0         0      
       lseek.c.obj                           40      0         0      
       write.c.obj                           40      0         0      
       _lock.c.obj                           26      0         8      
       memchr.c.obj                          32      0         0      
       u_tofd_t2.asm.obj                     32      0         0      
       memccpy.c.obj                         28      0         0      
       s_copysign.c.obj                      26      0         0      
       args_main.c.obj                       24      0         0      
       ll_mul_t2.asm.obj                     24      0         0      
       strcmp.c.obj                          24      0         0      
       strchr.c.obj                          22      0         0      
       strcpy.c.obj                          20      0         0      
       wcslen.c.obj                          18      0         0      
       copy_decompress_none.c.obj            14      0         0      
       copy_zero_init.c.obj                  12      0         0      
       exit.c.obj                            0       0         12     
       stkdepth_vars.c.obj                   0       0         4      
       div0.asm.obj                          2       0         0      
    +--+-------------------------------------+-------+---------+---------+
       Total:                                10173   257       936    
                                                                      
    C:\ti\simplelink_cc13x2_26x2_sdk_4_30_00_54\kernel\tirtos\packages\ti\targets\arm\rtsarm\lib\auto_init.aem4f
       auto_init.oem4f                       160     0         0      
    +--+-------------------------------------+-------+---------+---------+
       Total:                                160     0         0      
                                                                      
    C:\ti\simplelink_cc13x2_26x2_sdk_4_30_00_54\kernel\tirtos\packages\ti\targets\arm\rtsarm\lib\boot.aem4f
       boot.oem4f                            88      0         0      
    +--+-------------------------------------+-------+---------+---------+
       Total:                                88      0         0      
                                                                      
       Stack:                                0       0         1024   
       Linker Generated:                     424     628       0      
    +--+-------------------------------------+-------+---------+---------+
       Grand Total:                          34968   3222      9209   


LINKER GENERATED COPY TABLES

__TI_cinit_table @ 000094c8 records: 5, size/record: 8, table size: 40
	.data: load addr=00009278, load size=00000220 bytes, run addr=20005838, run size=000007f3 bytes, compression=lzss
	.bss: load addr=000094a8, load size=00000008 bytes, run addr=20004110, run size=00001722 bytes, compression=zero_init
	.data:xdcRomConstPtr: load addr=000094b0, load size=00000008 bytes, run addr=20000100, run size=00000004 bytes, compression=lzss
	.data:xdcRomExternFuncPtr: load addr=000094b8, load size=00000008 bytes, run addr=20000104, run size=00000004 bytes, compression=lzss
	.data:xdcRomStatePtr: load addr=000094c0, load size=00000008 bytes, run addr=20000108, run size=00000004 bytes, compression=lzss


LINKER GENERATED HANDLER TABLE

__TI_handler_table @ 00009498 records: 3, size/record: 4, table size: 12
	index: 0, handler: __TI_decompress_lzss
	index: 1, handler: __TI_decompress_none
	index: 2, handler: __TI_zero_init


FAR CALL TRAMPOLINES

callee name               trampoline name
   callee addr  tramp addr   call addr  call info
--------------  -----------  ---------  ----------------
ti_sysbios_family_arm_m3_Hwi_enableInterrupt__E  $Tramp$TT$L$PI$$ti_sysbios_family_arm_m3_Hwi_enableInterrupt__E
   1002d91d     0000873c     000086f4   dpl_cc26x2.a : HwiP_tirtos.oem4f (.text:HwiP_enableInterrupt)
ti_sysbios_family_arm_m3_Hwi_disableInterrupt__E  $Tramp$TT$L$PI$$ti_sysbios_family_arm_m3_Hwi_disableInterrupt__E
   1002d8d9     00008744     000086f0   dpl_cc26x2.a : HwiP_tirtos.oem4f (.text:HwiP_disableInterrupt)
ti_sysbios_BIOS_getCpuFreq__E  $Tramp$TT$L$PI$$ti_sysbios_BIOS_getCpuFreq__E
   1002e9fd     0000874c     000086d8   dpl_cc26x2.a : ClockP_tirtos.oem4f (.text:ClockP_getCpuFreq)
ti_sysbios_knl_Task_self__E  $Tramp$TT$L$PI$$ti_sysbios_knl_Task_self__E
   1002eaf5     00008754     00008698   release_pem4f.oem4f (.text:ti_sysbios_rts_ti_ReentSupport_getTlsAddr__I)
ti_sysbios_knl_Clock_logTick__E  $Tramp$TT$L$PI$$ti_sysbios_knl_Clock_logTick__E
   1002dbd7     0000875c     00008506   release_pem4f.oem4f (.text:ti_sysbios_knl_Clock_doTick__I)
ti_sysbios_knl_Task_Params__init__S  $Tramp$TT$L$PI$$ti_sysbios_knl_Task_Params__init__S
   1002ec09     00008764     0000840e   main_tirtos.obj (.text:ti_sysbios_knl_Task_Params_init)
ti_sysbios_BIOS_getThreadType__E  $Tramp$TT$L$PI$$ti_sysbios_BIOS_getThreadType__E
   1002ea95     0000876c     00008362   rom_sysbios.aem4f : rom_sysbios.obj (.text:ti_sysbios_rts_ti_ReentSupport_getReent__F)
ti_sysbios_knl_Swi_post__E  $Tramp$TT$L$PI$$ti_sysbios_knl_Swi_post__E
   1002d891     00008774     0000835c   rom_sysbios.aem4f : rom_sysbios.obj (.text:ti_sysbios_knl_Swi_or__E)
                             0000850e   release_pem4f.oem4f (.text:ti_sysbios_knl_Clock_doTick__I)
                             00008714   dpl_cc26x2.a : SwiP_tirtos.oem4f (.text:SwiP_post)
ti_sysbios_BIOS_RtsGateProxy_leave__E  $Tramp$TT$L$PI$$ti_sysbios_BIOS_RtsGateProxy_leave__E
   1002ec7b     0000877c     0000833e   release_pem4f.oem4f (.text:ti_sysbios_BIOS_rtsUnlock__I)
ti_sysbios_knl_Swi_construct  $Tramp$TT$L$PI$$ti_sysbios_knl_Swi_construct
   1002d719     00008784     00008206   rom_sysbios.aem4f : rom_sysbios.obj (.text:ti_sysbios_knl_Swi_construct2__E)
ti_sysbios_BIOS_RtsGateProxy_enter__E  $Tramp$TT$L$PI$$ti_sysbios_BIOS_RtsGateProxy_enter__E
   1002ec77     0000878c     0000808a   release_pem4f.oem4f (.text:ti_sysbios_BIOS_rtsLock__I)
ti_sysbios_family_arm_m3_Hwi_disableFxn__E  $Tramp$TT$L$PI$$ti_sysbios_family_arm_m3_Hwi_disableFxn__E
   1002eb55     00008794     00007f8c   dpl_cc26x2.a : HwiP_tirtos.oem4f (.text:HwiP_setFunc)
                             000086ec                : HwiP_tirtos.oem4f (.text:HwiP_disable)
ti_sysbios_knl_Task_restore__E  $Tramp$TT$L$PI$$ti_sysbios_knl_Task_restore__E
   1002df45     0000879c     00007e9c   rom_sysbios.aem4f : rom_sysbios.obj (.text:_pthread_cleanupFxn)
                             00008182   dpl_cc26x2.a : PowerCC26X2_tirtos.oem4f (.text:PowerCC26XX_schedulerRestore)
ti_sysbios_knl_Clock_TimerProxy_getCurrentTick__E  $Tramp$TT$L$PI$$ti_sysbios_knl_Clock_TimerProxy_getCurrentTick__E
   1002eac5     000087a4     00007b3e   rom_sysbios.aem4f : rom_sysbios.obj (.text:ti_sysbios_knl_Clock_getTicksUntilInterrupt__E)
xdc_runtime_Memory_free__E  $Tramp$TT$L$PI$$xdc_runtime_Memory_free__E
   1002f81d     000087ac     00007af4   rom_sysbios.aem4f : rom_sysbios.obj (.text:_pthread_delete$45)
                             00008280   release_pem4f.oem4f (.text:free)
ti_sysbios_knl_Task_delete  $Tramp$TT$L$PI$$ti_sysbios_knl_Task_delete
   1002ece7     000087b4     00007ae8   rom_sysbios.aem4f : rom_sysbios.obj (.text:_pthread_delete$45)
ti_sysbios_knl_Semaphore_destruct  $Tramp$TT$L$PI$$ti_sysbios_knl_Semaphore_destruct
   1002e6fd     000087bc     00007adc   rom_sysbios.aem4f : rom_sysbios.obj (.text:_pthread_delete$45)
ti_sysbios_knl_Semaphore_Params__init__S  $Tramp$TT$L$PI$$ti_sysbios_knl_Semaphore_Params__init__S
   1002ebe5     000087c4     00007aba   dpl_cc26x2.a : SemaphoreP_tirtos.oem4f (.text:SemaphoreP_constructBinary)
                             000083f8   main_tirtos.obj (.text:ti_sysbios_knl_Semaphore_Params_init)
xdc_runtime_Memory_alloc__E  $Tramp$TT$L$PI$$xdc_runtime_Memory_alloc__E
   1002f289     000087cc     00007a68   release_pem4f.oem4f (.text:ti_sysbios_rts_MemAlloc_alloc)
ti_sysbios_knl_Clock_getTicks__E  $Tramp$TT$L$PI$$ti_sysbios_knl_Clock_getTicks__E
   1002dc11     000087d4     00007a04   rom_sysbios.aem4f : rom_sysbios.obj (.text:ti_sysbios_knl_Clock_getTimeout__E)
ti_sysbios_knl_Task_startup__E  $Tramp$TT$L$PI$$ti_sysbios_knl_Task_startup__E
   1002eceb     000087dc     00007984   release_pem4f.oem4f (.text:ti_sysbios_BIOS_startFunc__I)
ti_sysbios_knl_Swi_startup__E  $Tramp$TT$L$PI$$ti_sysbios_knl_Swi_startup__E
   1002ec6b     000087e4     00007980   release_pem4f.oem4f (.text:ti_sysbios_BIOS_startFunc__I)
ti_sysbios_hal_Hwi_startup__E  $Tramp$TT$L$PI$$ti_sysbios_hal_Hwi_startup__E
   1002ec31     000087ec     0000797c   release_pem4f.oem4f (.text:ti_sysbios_BIOS_startFunc__I)
ti_sysbios_family_arm_cc26xx_Timer_startup__E  $Tramp$TT$L$PI$$ti_sysbios_family_arm_cc26xx_Timer_startup__E
   1002dcf1     000087f4     00007978   release_pem4f.oem4f (.text:ti_sysbios_BIOS_startFunc__I)
xdc_runtime_System_atexit__E  $Tramp$TT$L$PI$$xdc_runtime_System_atexit__E
   1002f559     000087fc     00007970   release_pem4f.oem4f (.text:ti_sysbios_BIOS_startFunc__I)
ti_sysbios_BIOS_linkedWithIncorrectBootLibrary__E  $Tramp$TT$L$PI$$ti_sysbios_BIOS_linkedWithIncorrectBootLibrary__E
   1002d01b     00008804     0000796a   release_pem4f.oem4f (.text:ti_sysbios_BIOS_startFunc__I)
xdc_runtime_Startup_rtsDone__E  $Tramp$TT$L$PI$$xdc_runtime_Startup_rtsDone__E
   1002f8e5     0000880c     00007962   release_pem4f.oem4f (.text:ti_sysbios_BIOS_startFunc__I)
ti_sysbios_knl_Task_disable__E  $Tramp$TT$L$PI$$ti_sysbios_knl_Task_disable__E
   1002ea4d     00008814     00007936   release_pem4f.oem4f (.text:ti_sysbios_BIOS_atExitFunc__I)
                             00007e8e   rom_sysbios.aem4f : rom_sysbios.obj (.text:_pthread_cleanupFxn)
                             0000815a   dpl_cc26x2.a : PowerCC26X2_tirtos.oem4f (.text:PowerCC26XX_schedulerDisable)
ti_sysbios_knl_Swi_disable__E  $Tramp$TT$L$PI$$ti_sysbios_knl_Swi_disable__E
   1002ea25     0000881c     00007932   release_pem4f.oem4f (.text:ti_sysbios_BIOS_atExitFunc__I)
                             00008162   dpl_cc26x2.a : PowerCC26X2_tirtos.oem4f (.text:PowerCC26XX_schedulerDisable)
                             00008708                : SwiP_tirtos.oem4f (.text:SwiP_disable)
ti_sysbios_knl_Task_sleep__E  $Tramp$TT$L$PI$$ti_sysbios_knl_Task_sleep__E
   1002ce01     00008824     00007860   rom_sysbios.aem4f : rom_sysbios.obj (.text:usleep)
ti_sysbios_family_arm_m3_Hwi_construct  $Tramp$TT$L$PI$$ti_sysbios_family_arm_m3_Hwi_construct
   1002d421     0000882c     0000751e   rom_sysbios.aem4f : rom_sysbios.obj (.text:ti_sysbios_family_arm_m3_Hwi_construct2__E)
ti_sysbios_family_arm_m3_Hwi_Params__init__S  $Tramp$TT$L$PI$$ti_sysbios_family_arm_m3_Hwi_Params__init__S
   1002eb49     00008834     000073f0   dpl_cc26x2.a : HwiP_tirtos.oem4f (.text:HwiP_construct)
ti_sysbios_knl_Clock_construct  $Tramp$TT$L$PI$$ti_sysbios_knl_Clock_construct
   1002dd8d     0000883c     0000728a   dpl_cc26x2.a : ClockP_tirtos.oem4f (.text:ClockP_construct)
ti_sysbios_knl_Clock_Params__init__S  $Tramp$TT$L$PI$$ti_sysbios_knl_Clock_Params__init__S
   1002eb9d     00008844     00007270   dpl_cc26x2.a : ClockP_tirtos.oem4f (.text:ClockP_construct)
ti_sysbios_knl_Swi_Params__init__S  $Tramp$TT$L$PI$$ti_sysbios_knl_Swi_Params__init__S
   1002ebf1     0000884c     00006b4a   dpl_cc26x2.a : SwiP_tirtos.oem4f (.text:SwiP_construct)
xdc_runtime_System_exit__E  $Tramp$TT$L$PI$$xdc_runtime_System_exit__E
   1002f7b1     00008854     000069b4   boot.aem4f : boot.oem4f (.text)
                             000083e2   release_pem4f.oem4f (.text:ti_sysbios_BIOS_exitFunc__I)
ti_sysbios_heaps_HeapMem_restore__E  $Tramp$TT$L$PI$$ti_sysbios_heaps_HeapMem_restore__E
   1002eb13     0000885c     000066f0   rom_sysbios.aem4f : rom_sysbios.obj (.text:ti_sysbios_heaps_HeapMem_initPrimary__I)
[...]
1002ebfd  ti_sysbios_knl_Swi_self__E                                         
1002ec09  ti_sysbios_knl_Task_Params__init__S                                
1002ec15  ti_sysbios_hal_Hwi_Instance_finalize__E                            
1002ec1f  ti_sysbios_knl_Event_Instance_init__E                              
1002ec29  ti_sysbios_family_arm_m3_Hwi_doSwiRestore__I                       
1002ec31  ti_sysbios_family_arm_m3_Hwi_startup__E                            
1002ec31  ti_sysbios_hal_Hwi_HwiProxy_startup__E                             
1002ec31  ti_sysbios_hal_Hwi_HwiProxy_startup__E                             
1002ec31  ti_sysbios_hal_Hwi_startup__E                                      
1002ec31  ti_sysbios_hal_Hwi_startup__E                                      
1002ec39  ti_sysbios_knl_Idle_loop__E                                        
1002ec41  ti_sysbios_family_arm_m3_Hwi_doTaskRestore__I                      
1002ec47  HwiP_restore                                                       
1002ec47  ti_sysbios_family_arm_m3_Hwi_restoreFxn__E                         
1002ec4d  ti_sysbios_gates_GateHwi_leave__E                                  
1002ec53  ti_sysbios_gates_GateMutex_Instance_finalize__E                    
1002ec59  ti_sysbios_heaps_HeapMem_isBlocking__E                             
1002ec5f  ti_sysbios_knl_Queue_Instance_init__E                              
1002ec65  ti_sysbios_knl_Queue_elemClear__E                                  
1002ec6b  ti_sysbios_knl_Swi_startup__E                                      
1002ec71  ti_sysbios_knl_Task_enable__E                                      
1002ec77  ti_sysbios_BIOS_RtsGateProxy_enter__E                              
1002ec7b  ti_sysbios_BIOS_RtsGateProxy_leave__E                              
1002ec7f  ti_sysbios_family_arm_cc26xx_Timer_getExpiredTicks__E              
1002ec83  ti_sysbios_family_arm_cc26xx_Timer_getPeriod__E                    
1002ec87  ti_sysbios_family_arm_cc26xx_Timer_setPeriod__E                    
1002ec8b  ti_sysbios_family_arm_m3_Hwi_delete                                
1002ec8f  ti_sysbios_family_arm_m3_TaskSupport_Module__startupDone__S        
1002ec8f  ti_sysbios_knl_Task_SupportProxy_Module__startupDone__S            
1002ec93  ti_sysbios_gates_GateHwi_query__E                                  
1002ec93  xdc_runtime_Main_Module_GateProxy_query__E                         
1002ec93  xdc_runtime_System_Module_GateProxy_query__E                       
1002ec93  xdc_runtime_System_Module_GateProxy_query__E                       
1002ec97  ti_sysbios_gates_GateMutex_delete                                  
1002ec9b  ti_sysbios_BIOS_RtsGateProxy_query__E                              
1002ec9b  ti_sysbios_BIOS_RtsGateProxy_query__E                              
1002ec9b  ti_sysbios_gates_GateMutex_query__E                                
1002ec9b  ti_sysbios_heaps_HeapMem_Module_GateProxy_query__E                 
1002ec9b  ti_sysbios_heaps_HeapMem_Module_GateProxy_query__E                 
1002ec9f  ti_sysbios_hal_Hwi_HwiProxy_create                                 
1002eca3  ti_sysbios_hal_Hwi_HwiProxy_delete                                 
1002eca7  ti_sysbios_hal_Hwi_delete                                          
1002ecab  ti_sysbios_heaps_HeapMem_Module_GateProxy_enter__E                 
1002ecaf  ti_sysbios_heaps_HeapMem_Module_GateProxy_leave__E                 
1002ecb3  ti_sysbios_knl_Clock_TimerProxy_getExpiredTicks__E                 
1002ecb7  ti_sysbios_knl_Clock_TimerProxy_getPeriod__E                       
1002ecbb  ti_sysbios_knl_Clock_delete                                        
1002ecbf  ti_sysbios_knl_Clock_removeI__E                                    
1002ecc3  ti_sysbios_knl_Clock_setTimeout__E                                 
1002ecc7  ti_sysbios_knl_Event_delete                                        
1002eccb  ti_sysbios_knl_Mailbox_delete                                      
1002eccf  ti_sysbios_knl_Queue_delete                                        
1002ecd3  ti_sysbios_knl_Queue_head__E                                       
1002ecd7  ti_sysbios_knl_Queue_next__E                                       
1002ecdb  ti_sysbios_knl_Semaphore_delete                                    
1002ecdf  ti_sysbios_knl_Swi_delete                                          
1002ece3  ti_sysbios_knl_Swi_postInit__I                                     
1002ece7  ti_sysbios_knl_Task_delete                                         
1002eceb  ti_sysbios_knl_Task_startup__E                                     
1002ecf1  xdc_runtime_System_doPrint__I                                      
1002f055  xdc_runtime_Startup_startMods__I                                   
1002f15d  xdc_runtime_Text_putSite__E                                        
1002f1f7  xdc_runtime_Error_policySpin__E                                    
1002f1f9  xdc_runtime_Text_putMod__E                                         
1002f289  xdc_runtime_Memory_alloc__E                                        
1002f2f9  xdc_runtime_Core_createObject__I                                   
1002f367  xdc_runtime_Core_deleteObject__I                                   
1002f3c5  xdc_runtime_Text_putLab__E                                         
1002f421  xdc_runtime_Assert_raise__I                                        
1002f475  xdc_runtime_Startup_exec__E                                        
1002f4c9  xdc_runtime_Core_assignParams__I                                   
1002f511  xdc_runtime_Core_constructObject__I                                
1002f559  xdc_runtime_System_atexit__E                                       
1002f5a1  xdc_runtime_Text_xprintf__I                                        
1002f5e5  xdc_runtime_System_processAtExit__E                                
1002f625  xdc_runtime_System_putchar__I                                      
1002f659  xdc_runtime_Core_assignLabel__I                                    
1002f689  xdc_runtime_Text_printVisFxn__I                                    
1002f6b9  xdc_runtime_System_vprintf__E                                      
1002f6e5  xdc_runtime_Text_cordText__E                                       
1002f711  xdc_runtime_System_abort__E                                        
1002f739  xdc_runtime_Error_raiseX__E                                        
1002f759  xdc_runtime_Registry_findById__E                                   
1002f779  xdc_runtime_Error_check__E                                         
1002f795  xdc_runtime_Memory_valloc__E                                       
1002f7b1  xdc_runtime_System_exit__E                                         
1002f7cd  xdc_runtime_Text_ropeText__E                                       
1002f7e9  xdc_runtime_System_printf__E                                       
1002f803  xdc_runtime_Core_destructObject__I                                 
1002f81b  xdc_runtime_System_abortSpin__E                                    
1002f81d  xdc_runtime_Memory_free__E                                         
1002f831  xdc_runtime_Memory_getStats__E                                     
1002f845  xdc_runtime_SysCallback_abort__E                                   
1002f845  xdc_runtime_System_SupportProxy_abort__E                           
1002f859  xdc_runtime_SysCallback_exit__E                                    
1002f859  xdc_runtime_System_SupportProxy_exit__E                            
1002f86d  xdc_runtime_SysCallback_flush__E                                   
1002f86d  xdc_runtime_System_SupportProxy_flush__E                           
1002f86d  xdc_runtime_System_flush__E                                        
1002f881  xdc_runtime_SysCallback_putch__E                                   
1002f881  xdc_runtime_System_SupportProxy_putch__E                           
1002f895  xdc_runtime_SysCallback_ready__E                                   
1002f895  xdc_runtime_System_SupportProxy_ready__E                           
1002f8a9  xdc_runtime_Memory_getMaxDefaultTypeAlign__E                       
1002f8b9  xdc_runtime_System_vsnprintf__E                                    
1002f8c9  xdc_runtime_Timestamp_SupportProxy_get32__E                        
1002f8c9  xdc_runtime_Timestamp_SupportProxy_get32__E                        
1002f8c9  xdc_runtime_Timestamp_get32__E                                     
1002f8c9  xdc_runtime_Timestamp_get32__E                                     
1002f8d9  xdc_runtime_Memory_calloc__E                                       
1002f8e5  xdc_runtime_Startup_rtsDone__E                                     
1002f8f1  xdc_runtime_Memory_HeapProxy_alloc__E                              
1002f8fb  xdc_runtime_Memory_HeapProxy_free__E                               
1002f905  xdc_runtime_Memory_HeapProxy_getStats__E                           
1002f90f  xdc_runtime_Gate_leaveSystem__E                                    
1002f915  xdc_runtime_System_Module_startup__E                               
1002f91b  xdc_runtime_Gate_enterSystem__E                                    
1002f91f  xdc_runtime_SysCallback_Module__startupDone__S                     
1002f91f  xdc_runtime_System_SupportProxy_Module__startupDone__S             
1002f923  xdc_runtime_System_Module_GateProxy_enter__E                       
1002f927  xdc_runtime_System_Module_GateProxy_leave__E                       
1002f92b  xdc_runtime_System_printf_va__F                                    
1002f92f  xdc_runtime_System_exitSpin__E                                     
1002f931  ti_sysbios_family_arm_m3_Hwi_dispatch__I                           
1002fa11  ti_sysbios_family_arm_m3_Hwi_interruptsAreDisabledButShouldNotBe   
1002fa2d  ti_sysbios_family_arm_m3_TaskSupport_buildTaskStack                
1002fab9  ti_sysbios_family_arm_m3_Hwi_initStacks__E                         
1002fb11  ti_sysbios_family_arm_m3_Hwi_pendSV__I                             
1002fb35  ti_sysbios_family_arm_m3_Hwi_return                                
1002fb39  ti_sysbios_family_arm_m3_Hwi_excHandlerAsm__I                      
1002fb59  ti_sysbios_family_xxx_Hwi_switchAndRunFunc                         
1002fb77  ti_sysbios_family_arm_m3_TaskSupport_swap__E                       
1002fb77  ti_sysbios_knl_Task_SupportProxy_swap__E                           
1002fb77  ti_sysbios_knl_Task_SupportProxy_swap__E                           
1002fb83  ti_sysbios_knl_Task_swapReturn                                     
1002fb8f  ti_sysbios_family_arm_m3_TaskSupport_glue                          
1002fba0  ti_sysbios_knl_Task_Object__PARAMS__C                              
1002fbdc  ti_sysbios_knl_Mailbox_Object__PARAMS__C                           
1002fc10  ti_sysbios_family_arm_m3_Hwi_Object__PARAMS__C                     
1002fc40  ti_sysbios_hal_Hwi_Object__PARAMS__C                               
1002fc6c  ti_sysbios_knl_Swi_Object__PARAMS__C                               
1002fc94  ti_sysbios_heaps_HeapMem_Object__PARAMS__C                         
1002fcb8  ti_sysbios_knl_Clock_Object__PARAMS__C                             
1002fcdc  ti_sysbios_knl_Semaphore_Object__PARAMS__C                         
1002fd00  ti_sysbios_gates_GateHwi_Object__PARAMS__C                         
1002fd18  ti_sysbios_gates_GateMutex_Object__PARAMS__C                       
1002fd30  ti_sysbios_knl_Event_Object__PARAMS__C                             
1002fd48  ti_sysbios_knl_Queue_Object__PARAMS__C                             
1002fd80  ti_sysbios_heaps_HeapTrack_Object__PARAMS__C                       
1002fd9c  ti_sysbios_heaps_HeapTrack_Instance_State_trackQueue__O            
1002fda0  ti_sysbios_heaps_HeapTrack_Module__diagsEnabled__C                 
1002fda4  ti_sysbios_heaps_HeapTrack_Module__diagsIncluded__C                
1002fda8  ti_sysbios_heaps_HeapTrack_Module__diagsMask__C                    
1002fddb  strlen                                                             
20000000  __start___llvm_prf_cnts                                            
20000000  __stop___llvm_prf_cnts                                             
20000000  ti_sysbios_family_arm_m3_Hwi_ramVectors                            
20000100  xdcRomConstPtr                                                     
20000104  xdcRomExternFuncPtr                                                
20000108  xdcRomStatePtr                                                     
20000110  __primary_heap_start__                                             
20004110  __primary_heap_end__                                               
20004600  task0Stack                                                         
20004a00  task1Stack                                                         
20004e00  ti_sysbios_knl_Task_Instance_State_0_stack__A                      
20005000  i2cCC26xxObjects                                                   
20005144  __CIOBUF_                                                          
20005264  _I2CBuffer                                                         
20005460  ti_sysbios_family_arm_m3_Hwi_dispatchTable                         
20005538  __TI_tmpnams                                                       
200055d8  pinHandleTable                                                     
200056a4  task0Struct                                                        
200056f4  task1Struct                                                        
200057b4  semStruct                                                          
200057f8  i2cParams                                                          
20005814  parmbuf                                                            
20005820  PowerCC26XX_swiKey                                                 
20005824  PowerCC26XX_taskKey                                                
20005828  getdistance                                                        
2000582c  i2c                                                                
20005831  driverlib_release_0_58048                                          
20005838  PowerCC26X2_module                                                 
200059a8  ROM_stateStruct                                                    
200059a8  ti_sysbios_knl_Clock_Module__state__V                              
200059d4  ti_sysbios_family_arm_cc26xx_TimestampProvider_Module__state__V    
200059d8  xdc_runtime_Startup_Module__state__V                               
200059e0  xdc_runtime_Registry_Module__state__V                              
200059e8  ti_sysbios_BIOS_Module__state__V                                   
20005a0c  ti_sysbios_knl_Swi_Module__state__V                                
20005a28  ti_sysbios_knl_Task_Module__state__V                               
20005a6c  xdc_runtime_Memory_Module__state__V                                
20005a70  xdc_runtime_System_Module__state__V                                
20005a78  ti_sysbios_family_arm_m3_Hwi_Module__state__V                      
20005aac  ti_sysbios_family_arm_cc26xx_Timer_Module__state__V                
20005ab4  _ftable                                                            
20005c2c  _device                                                            
20005ca4  ti_sysbios_gates_GateMutex_Object__table__V                        
20005cf8  _stream                                                            
20005d48  ti_sysbios_knl_Task_Object__table__V                               
20005d94  main_func_sp                                                       
20005d98  ti_sysbios_family_arm_cc26xx_Timer_Object__table__V                
20005de0  ti_sysbios_knl_Swi_Module_State_0_readyQ__A                        
20005e10  ti_sysbios_knl_Swi_Object__table__V                                
20005e40  ti_sysbios_knl_Task_Module_State_0_readyQ__A                       
20005e70  RF_cmdPropRadioDivSetup                                            
20005e98  _hposcCoeffs                                                       
20005ebc  ti_sysbios_knl_Clock_Object__table__V                              
20005edc  xdc_runtime_Error_IgnoreBlock                                      
20005efc  RF_cmdFs                                                           
20005f14  RF_cmdPropTx                                                       
20005f2c  ti_sysbios_family_arm_m3_Hwi_Object__table__V                      
20005f44  ti_sysbios_heaps_HeapMem_Object__table__V                          
20005f5c  pOverrides                                                         
20005f70  RF_prop                                                            
20005f80  __TI_ft_end                                                        
20005f84  __aeabi_stdin                                                      
20005f88  __aeabi_stdout                                                     
20005f8c  __aeabi_stderr                                                     
20005f90  __TI_cleanup_ptr                                                   
20005f94  __TI_dtors_ptr                                                     
20005f98  __TI_enable_exit_profile_output                                    
20005f9c  _lock                                                              
20005fa0  _unlock                                                            
20005fa4  pinUpperBound                                                      
20005fa8  pinLowerBound                                                      
20005fac  pinTable                                                           
20005fb4  ti_sysbios_family_arm_m3_Hwi_Module__root__V                       
20005fbc  ti_sysbios_gates_GateHwi_Module__root__V                           
20005fc4  ti_sysbios_gates_GateMutex_Module__root__V                         
20005fcc  ti_sysbios_hal_Hwi_Module__root__V                                 
20005fd4  ti_sysbios_heaps_HeapMem_Module__root__V                           
20005fdc  ti_sysbios_knl_Clock_Module__root__V                               
20005fe4  ti_sysbios_knl_Event_Module__root__V                               
20005fec  ti_sysbios_knl_Mailbox_Module__root__V                             
20005ff4  ti_sysbios_knl_Queue_Module__root__V                               
20005ffc  ti_sysbios_knl_Semaphore_Module__root__V                           
20006004  ti_sysbios_knl_Swi_Module__root__V                                 
2000600c  ti_sysbios_knl_Task_Module__root__V                                
20006014  xdc_runtime_System_Module_State_0_atexitHandlers__A                
2000601c  ti_sysbios_family_arm_m3_Hwi_Module_State_0_excContext__A          
20006020  ti_sysbios_family_arm_m3_Hwi_Module_State_0_excStack__A            
20006024  ti_sysbios_knl_Task_Module_State_0_idleTask__A                     
20006028  ti_sysbios_family_arm_m3_Hwi_Module_State_0_excActive__A           
20013c00  __stack                                                            
20014000  __STACK_END                                                        
e000e000  ti_sysbios_family_arm_m3_Hwi_nvic                                  
ffffffff  __TI_pprof_out_hndl                                                
ffffffff  __TI_prof_data_size                                                
ffffffff  __TI_prof_data_start                                               
ffffffff  __binit__                                                          
ffffffff  __c_args__                                                         
ffffffff  binit                                                              
UNDEFED   ITM_flush                                                          
UNDEFED   ITM_restore                                                        
UNDEFED   SHT$$INIT_ARRAY$$Base                                              
UNDEFED   SHT$$INIT_ARRAY$$Limit                                             

[951 symbols]
