******************************************************************************
                  TI ARM Linker PC v20.2.3                     
******************************************************************************
>> Linked Wed Dec 16 12:46:48 2020

OUTPUT FILE NAME:   <rfPacketRx_CC26X2R1_LAUNCHXL_tirtos_ccs.out>
ENTRY POINT SYMBOL: "ResetISR"  address: 00005ba1


MEMORY CONFIGURATION

         name            origin    length      used     unused   attr    fill
----------------------  --------  ---------  --------  --------  ----  --------
  FLASH                 00000000   00058000  00008454  0004fbac  R  X
  GPRAM                 11000000   00002000  00000000  00002000  RW X
  SRAM                  20000000   00014000  0000596d  0000e693  RW X
  LOG_DATA              90000000   00040000  00000000  00040000  R   


SEGMENT ALLOCATION MAP

run origin  load origin   length   init length attrs members
----------  ----------- ---------- ----------- ----- -------
00000000    00000000    00008400   00008400    r-x
  00000000    00000000    0000003c   0000003c    r-- .resetVecs
  0000003c    0000003c    000078d4   000078d4    r-x .text
  00007910    00007910    00000874   00000874    r-- .const
  00008188    00008188    00000278   00000278    r-- .cinit
00057fa8    00057fa8    00000058   00000058    r--
  00057fa8    00057fa8    00000058   00000058    r-- .ccfg
20000100    20000100    0000000c   00000000    rw-
  20000100    20000100    00000004   00000000    rw- .data:xdcRomConstPtr
  20000104    20000104    00000004   00000000    rw- .data:xdcRomExternFuncPtr
  20000108    20000108    00000004   00000000    rw- .data:xdcRomStatePtr
20000110    20000110    00004000   00000000    r--
  20000110    20000110    00004000   00000000    r-- .priheap
20004110    20004110    0000148f   00000000    rw-
  20004110    20004110    00000c8a   00000000    rw- .bss
  20004da0    20004da0    000007ff   00000000    rw- .data
20013c00    20013c00    00000400   00000000    rw-
  20013c00    20013c00    00000400   00000000    rw- .stack


SECTION ALLOCATION MAP

 output                                  attributes/
section   page    origin      length       input sections
--------  ----  ----------  ----------   ----------------
.binit     0    00000000    00000000     

.cinit     0    00008188    00000278     
                  00008188    0000021f     (.cinit..data.load) [load image, compression = lzss]
                  000083a7    00000001     --HOLE-- [fill = 0]
                  000083a8    0000000c     (__TI_handler_table)
                  000083b4    00000004     --HOLE-- [fill = 0]
                  000083b8    00000008     (.cinit..bss.load) [load image, compression = zero_init]
                  000083c0    00000008     (.cinit..data:xdcRomConstPtr.load) [load image, compression = lzss]
                  000083c8    00000008     (.cinit..data:xdcRomExternFuncPtr.load) [load image, compression = lzss]
                  000083d0    00000008     (.cinit..data:xdcRomStatePtr.load) [load image, compression = lzss]
                  000083d8    00000028     (__TI_cinit_table)

.init_array 
*          0    00000000    00000000     UNINITIALIZED

.ccfg      0    00057fa8    00000058     
                  00057fa8    00000058     ti_devices_config.obj (.ccfg:retain)

.bss       0    20004110    00000c8a     UNINITIALIZED
                  20004110    000004f0     rf_multiMode_cc26x2.aem4f : RFCC26X2_multiMode.c.cc26x2.ccs.o (.bss:$O1$$)
                  20004600    00000200     release_pem4f.oem4f (.bss:taskStackSection)
                  20004800    00000120     rtsv7M4_T_le_v4SPD16_eabi.lib : trgmsg.c.obj (.bss:_CIOBUF_)
                  20004920    000000f8     rfPacketRx.obj (.bss:rfObject)
                  20004a18    000000d8     (.common:ti_sysbios_family_arm_m3_Hwi_dispatchTable)
                  20004af0    000000a0     (.common:__TI_tmpnams)
                  20004b90    0000007c     (.common:pinHandleTable)
                  20004c0c    00000058     rfPacketRx.obj (.bss:rxDataEntryBuffer)
                  20004c64    00000050     drivers_cc26x2.a : PINCC26XX.oem4f (.bss:pinSemaphore)
                  20004cb4    00000034                      : PINCC26XX.oem4f (.bss:pinSwi)
                  20004ce8    00000020     rfPacketRx.obj (.bss:packet)
                  20004d08    00000020     drivers_cc26x2.a : PINCC26XX.oem4f (.bss:pinGpioConfigTable)
                  20004d28    0000001c                      : PINCC26XX.oem4f (.bss:pinHwi)
                  20004d44    00000014     rf_multiMode_cc26x2.aem4f : RFCC26X2_multiMode.c.cc26x2.ccs.o (.bss:RF_ratSyncCmd)
                  20004d58    00000014     rfPacketRx.obj (.bss)
                  20004d6c    0000000c     rfPacketRx.obj (.bss:ledPinState)
                  20004d78    00000008     rfPacketRx.obj (.bss:dataQueue)
                  20004d80    00000008     (.common:parmbuf)
                  20004d88    00000004     drivers_cc26x2.a : PINCC26XX.oem4f (.bss)
                  20004d8c    00000004     (.common:PowerCC26XX_swiKey)
                  20004d90    00000004     (.common:PowerCC26XX_taskKey)
                  20004d94    00000004     (.common:readEntry)
                  20004d98    00000001     rf_multiMode_cc26x2.aem4f : RFCC26X2_multiMode.c.cc26x2.ccs.o (.bss)
                  20004d99    00000001     (.common:driverlib_release_0_58048)

.data      0    20004da0    000007ff     UNINITIALIZED
                  20004da0    00000170     drivers_cc26x2.a : PowerCC26X2.oem4f (.data:PowerCC26X2_module)
                  20004f10    0000010c     release_pem4f.oem4f (.data:ROM_stateStruct)
                  2000501c    000000f0     rtsv7M4_T_le_v4SPD16_eabi.lib : defs.c.obj (.data:_ftable)
                  2000510c    00000088     rom_sysbios.aem4f : rom_sysbios.obj (.data:$O1$$)
                  20005194    00000078     rtsv7M4_T_le_v4SPD16_eabi.lib : host_device.c.obj (.data:_device)
                  2000520c    00000054     release_pem4f.oem4f (.data:ti_sysbios_gates_GateMutex_Object__table__V)
                  20005260    00000050     rtsv7M4_T_le_v4SPD16_eabi.lib : host_device.c.obj (.data:_stream)
                  200052b0    0000004c     release_pem4f.oem4f (.data:ti_sysbios_knl_Task_Object__table__V)
                  200052fc    00000004     rtsv7M4_T_le_v4SPD16_eabi.lib : stkdepth_vars.c.obj (.data)
                  20005300    00000048     release_pem4f.oem4f (.data:ti_sysbios_family_arm_cc26xx_Timer_Object__table__V)
                  20005348    00000030     release_pem4f.oem4f (.data:ti_sysbios_knl_Swi_Module_State_0_readyQ__A)
                  20005378    00000030     release_pem4f.oem4f (.data:ti_sysbios_knl_Swi_Object__table__V)
                  200053a8    00000030     release_pem4f.oem4f (.data:ti_sysbios_knl_Task_Module_State_0_readyQ__A)
                  200053d8    00000028     ti_radio_config.obj (.data:RF_cmdPropRadioDivSetup)
                  20005400    00000024     driverlib.lib : osc.obj (.data:$O1$$)
                  20005424    00000024     ti_radio_config.obj (.data:RF_cmdPropRx)
                  20005448    00000020     release_pem4f.oem4f (.data:ti_sysbios_knl_Clock_Object__table__V)
                  20005468    00000020     release_pem4f.oem4f (.data:xdc_runtime_Error_IgnoreBlock)
                  20005488    00000018     ti_radio_config.obj (.data:RF_cmdFs)
                  200054a0    00000018     release_pem4f.oem4f (.data:ti_sysbios_family_arm_m3_Hwi_Object__table__V)
                  200054b8    00000018     release_pem4f.oem4f (.data:ti_sysbios_heaps_HeapMem_Object__table__V)
                  200054d0    00000014     ti_radio_config.obj (.data:pOverrides)
                  200054e4    00000010     ti_radio_config.obj (.data:RF_prop)
                  200054f4    00000010     rtsv7M4_T_le_v4SPD16_eabi.lib : defs.c.obj (.data)
                  20005504    0000000c                                   : exit.c.obj (.data:$O1$$)
                  20005510    00000008                                   : _lock.c.obj (.data:$O1$$)
                  20005518    00000008     drivers_cc26x2.a : PINCC26XX.oem4f (.data)
                  20005520    00000008     rfPacketRx.obj (.data:pinTable)
                  20005528    00000008     release_pem4f.oem4f (.data:ti_sysbios_family_arm_m3_Hwi_Module__root__V)
                  20005530    00000008     release_pem4f.oem4f (.data:ti_sysbios_gates_GateHwi_Module__root__V)
                  20005538    00000008     release_pem4f.oem4f (.data:ti_sysbios_gates_GateMutex_Module__root__V)
                  20005540    00000008     release_pem4f.oem4f (.data:ti_sysbios_hal_Hwi_Module__root__V)
                  20005548    00000008     release_pem4f.oem4f (.data:ti_sysbios_heaps_HeapMem_Module__root__V)
                  20005550    00000008     release_pem4f.oem4f (.data:ti_sysbios_knl_Clock_Module__root__V)
                  20005558    00000008     release_pem4f.oem4f (.data:ti_sysbios_knl_Event_Module__root__V)
                  20005560    00000008     release_pem4f.oem4f (.data:ti_sysbios_knl_Mailbox_Module__root__V)
                  20005568    00000008     release_pem4f.oem4f (.data:ti_sysbios_knl_Queue_Module__root__V)
                  20005570    00000008     release_pem4f.oem4f (.data:ti_sysbios_knl_Semaphore_Module__root__V)
                  20005578    00000008     release_pem4f.oem4f (.data:ti_sysbios_knl_Swi_Module__root__V)
                  20005580    00000008     release_pem4f.oem4f (.data:ti_sysbios_knl_Task_Module__root__V)
                  20005588    00000008     release_pem4f.oem4f (.data:xdc_runtime_System_Module_State_0_atexitHandlers__A)
                  20005590    00000004     release_pem4f.oem4f (.data:ti_sysbios_family_arm_m3_Hwi_Module_State_0_excContext__A)
                  20005594    00000004     release_pem4f.oem4f (.data:ti_sysbios_family_arm_m3_Hwi_Module_State_0_excStack__A)
                  20005598    00000004     release_pem4f.oem4f (.data:ti_sysbios_knl_Task_Module_State_0_idleTask__A)
                  2000559c    00000002     release_pem4f.oem4f (.data:ti_sysbios_family_arm_m3_Hwi_Module_State_0_excActive__A)
                  2000559e    00000001     rf_multiMode_cc26x2.aem4f : rf_patch_cpe_prop.c.cc26x2.ccs.o (.data)

.stack     0    20013c00    00000400     UNINITIALIZED
                  20013c00    00000400     --HOLE--

.priheap   0    20000110    00004000     UNINITIALIZED
                  20000110    00004000     --HOLE--

.log_data 
*          0    90000000    00000000     COPY SECTION

.data:xdcRomConstPtr 
*          0    20000100    00000004     UNINITIALIZED
                  20000100    00000004     release_pem4f.oem4f (.data:xdcRomConstPtr)

.data:xdcRomExternFuncPtr 
*          0    20000104    00000004     UNINITIALIZED
                  20000104    00000004     release_pem4f.oem4f (.data:xdcRomExternFuncPtr)

.data:xdcRomStatePtr 
*          0    20000108    00000004     UNINITIALIZED
                  20000108    00000004     release_pem4f.oem4f (.data:xdcRomStatePtr)

.bootVecs 
*          0    00000000    00000008     DSECT
                  00000000    00000008     boot.aem4f : boot.oem4f (.bootVecs)

.resetVecs 
*          0    00000000    0000003c     
                  00000000    0000003c     release_pem4f.oem4f (.resetVecs)

.vecs      0    20000000    000000d8     NOLOAD SECTION
                  20000000    000000d8     release_pem4f.oem4f (.vecs)

xdc.meta   0    00000000    00000100     COPY SECTION
                  00000000    00000100     release_pem4f.oem4f (xdc.meta)

xdc.noload 
*          0    00000000    00000000     COPY SECTION

__llvm_prf_cnts 
*          0    20000000    00000000     UNINITIALIZED

.text      0    0000003c    000078d4     
                  0000003c    00000a4e     rtsv7M4_T_le_v4SPD16_eabi.lib : _printfi.c.obj (.text:__TI_printfi)
                  00000a8a    00000002     ti_drivers_config.obj (.text:Board_initHook)
                  00000a8c    000004a4     rf_multiMode_cc26x2.aem4f : RFCC26X2_multiMode.c.cc26x2.ccs.o (.text:RF_fsmActiveState)
                  00000f30    00000270     rtsv7M4_T_le_v4SPD16_eabi.lib : _printfi.c.obj (.text:_pconv_a)
                  000011a0    00000200     rf_multiMode_cc26x2.aem4f : RFCC26X2_multiMode.c.cc26x2.ccs.o (.text:RF_open)
                  000013a0    000001d4                               : RFCC26X2_multiMode.c.cc26x2.ccs.o (.text:RF_dispatchNextCmd)
                  00001574    000001d0     rtsv7M4_T_le_v4SPD16_eabi.lib : _printfi.c.obj (.text:_pconv_g)
                  00001744    000001cc     drivers_cc26x2.a : PINCC26XX.oem4f (.text:PIN_init)
                  00001910    000001b6     rtsv7M4_T_le_v4SPD16_eabi.lib : fd_add_t2.asm.obj (.text)
                  00001ac6    00000002     rf_multiMode_cc26x2.aem4f : rfc.c.cc26x2.ccs.o (.text:NOROM_RFCCpePatchReset)
                  00001ac8    000001ac     rfPacketRx.obj (.text:mainThread)
                  00001c74    00000198     drivers_cc26x2.a : PowerCC26X2.oem4f (.text:Power_sleep)
                  00001e0c    00000190                      : PowerCC26X2_calibrateRCOSC.oem4f (.text:calibrateRcoscHf1)
                  00001f9c    0000018c                      : PowerCC26X2_calibrateRCOSC.oem4f (.text:runCalibrateFsm)
                  00002128    00000188     release_pem4f.oem4f (.text:xdc_runtime_System_printfExtend__I)
                  000022b0    00000174     drivers_cc26x2.a : PowerCC26X2.oem4f (.text:Power_init)
                  00002424    00000154     rf_multiMode_cc26x2.aem4f : RFCC26X2_multiMode.c.cc26x2.ccs.o (.text:RF_radioOpDoneCb)
                  00002578    00000148                               : RFCC26X2_multiMode.c.cc26x2.ccs.o (.text:RF_fsmSetupState)
                  000026c0    0000013c     rtsv7M4_T_le_v4SPD16_eabi.lib : _printfi.c.obj (.text:_pconv_e)
                  000027fc    00000136                                   : fd_div_t2.asm.obj (.text)
                  00002932    00000002     rf_multiMode_cc26x2.aem4f : RFCC26X2_multiMode.c.cc26x2.ccs.o (.text:RF_defaultCallback)
                  00002934    00000134                               : RFCC26X2_multiMode.c.cc26x2.ccs.o (.text:RF_abortCmd)
                  00002a68    00000124     rtsv7M4_T_le_v4SPD16_eabi.lib : _printfi.c.obj (.text:fcvt)
                  00002b8c    00000120     drivers_cc26x2.a : PowerCC26X2.oem4f (.text:configureXOSCHF)
                  00002cac    00000118     rfPacketRx.obj (.text:callback)
                  00002dc4    00000114     rtsv7M4_T_le_v4SPD16_eabi.lib : fputs.c.obj (.text:fputs)
                  00002ed8    00000112     rf_multiMode_cc26x2.aem4f : RFCC26X2_multiMode.c.cc26x2.ccs.o (.text:RF_decodeOverridePointers)
                  00002fea    00000002     rtsv7M4_T_le_v4SPD16_eabi.lib : _lock.c.obj (.text:_nop)
                  00002fec    00000110     rf_multiMode_cc26x2.aem4f : RFCC26X2_multiMode.c.cc26x2.ccs.o (.text:RF_initRadioSetup)
                  000030fc    00000110     rtsv7M4_T_le_v4SPD16_eabi.lib : s_scalbn.c.obj (.text:scalbn)
                  0000320c    00000104     rf_multiMode_cc26x2.aem4f : RFCC26X2_multiMode.c.cc26x2.ccs.o (.text:RF_hwiCpe0Active)
                  00003310    000000fc     rtsv7M4_T_le_v4SPD16_eabi.lib : fd_mul_t2.asm.obj (.text)
                  0000340c    000000f8     driverlib.lib : sys_ctrl.obj (.text:NOROM_SysCtrlStandby)
                  00003504    000000f8     drivers_cc26x2.a : PINCC26XX.oem4f (.text:PINCC26XX_setIoCfg)
                  000035fc    000000f0     rf_multiMode_cc26x2.aem4f : RFCC26X2_multiMode.c.cc26x2.ccs.o (.text:RF_fsmPowerUpState)
                  000036ec    000000ec     rom_sysbios.aem4f : rom_sysbios.obj (.text:pthread_create)
                  000037d8    000000e4     rf_multiMode_cc26x2.aem4f : RFCC26X2_multiMode.c.cc26x2.ccs.o (.text:RF_postCmd)
                  000038bc    000000e0     RFQueue.obj (.text:RFQueue_defineQueue)
                  0000399c    000000dc     rtsv7M4_T_le_v4SPD16_eabi.lib : setvbuf.c.obj (.text:setvbuf)
                  00003a78    000000d8     rf_multiMode_cc26x2.aem4f : RFCC26X2_multiMode.c.cc26x2.ccs.o (.text:RF_pendCmd)
                  00003b50    000000d2                               : RFCC26X2_multiMode.c.cc26x2.ccs.o (.text:RF_updatePaConfiguration)
                  00003c22    00000002     drivers_cc26x2.a : PowerCC26X2.oem4f (.text:emptyClockFunc)
                  00003c24    000000d0     rf_multiMode_cc26x2.aem4f : RFCC26X2_multiMode.c.cc26x2.ccs.o (.text:RF_swiHw)
                  00003cf4    000000c8     dpl_cc26x2.a : PowerCC26X2_tirtos.oem4f (.text:PowerCC26XX_standbyPolicy)
                  00003dbc    000000c0     drivers_cc26x2.a : PowerCC26X2.oem4f (.text:Power_releaseDependency)
                  00003e7c    000000b8                      : PowerCC26X2.oem4f (.text:Power_setDependency)
                  00003f34    000000b1     rtsv7M4_T_le_v4SPD16_eabi.lib : _printfi.c.obj (.text:_ltostr)
                  00003fe5    00000001     --HOLE-- [fill = 0]
                  00003fe6    00000002                                   : div0.asm.obj (.text)
                  00003fe8    000000ac     drivers_cc26x2.a : PINCC26XX.oem4f (.text:PIN_open)
                  00004094    000000ac     driverlib.lib : setup.obj (.text:TrimAfterColdResetWakeupFromShutDown)
                  00004140    000000a4     rf_multiMode_cc26x2.aem4f : RFCC26X2_multiMode.c.cc26x2.ccs.o (.text:RF_ratRestartChannels)
                  000041e4    000000a0     auto_init.aem4f : auto_init.oem4f (.text)
                  00004284    000000a0     rom_sysbios.aem4f : rom_sysbios.obj (.text:ti_sysbios_knl_Task_setPri__E)
                  00004324    0000009c     rtsv7M4_T_le_v4SPD16_eabi.lib : memcpy_t2.asm.obj (.text)
                  000043c0    00000098     driverlib.lib : setup.obj (.text:NOROM_SetupTrimDevice)
                  00004458    00000098     rf_multiMode_cc26x2.aem4f : RFCC26X2_multiMode.c.cc26x2.ccs.o (.text:RF_calculateDispatchTime)
                  000044f0    00000096     rtsv7M4_T_le_v4SPD16_eabi.lib : ull_div_t2.asm.obj (.text)
                  00004586    00000002     release_pem4f.oem4f (.text:ti_sysbios_BIOS_nullFunc__I)
                  00004588    00000090     rf_multiMode_cc26x2.aem4f : RFCC26X2_multiMode.c.cc26x2.ccs.o (.text:RF_discardPendCmd)
                  00004618    0000008c     rtsv7M4_T_le_v4SPD16_eabi.lib : fputc.c.obj (.text:fputc)
                  000046a4    00000088     driverlib.lib : osc.obj (.text:NOROM_OSCHF_AttemptToSwitchToXosc)
                  0000472c    00000088     rf_multiMode_cc26x2.aem4f : RFCC26X2_multiMode.c.cc26x2.ccs.o (.text:RF_cmdDispatchTime)
                  000047b4    00000088     rom_sysbios.aem4f : rom_sysbios.obj (.text:_pthread_removeThreadKeys)
                  0000483c    00000088     drivers_cc26x2.a : PowerCC26X2_calibrateRCOSC.oem4f (.text:calibrateRcoscHf2)
                  000048c4    00000088                      : PowerCC26X2.oem4f (.text:disableLFClockQualifiers)
                  0000494c    00000088                      : PowerCC26X2_calibrateRCOSC.oem4f (.text:updateSubSecInc)
                  000049d4    00000086     rtsv7M4_T_le_v4SPD16_eabi.lib : fd_cmp_t2.asm.obj (.text:__aeabi_cdcmple)
                  00004a5a    00000086                                   : fd_cmp_t2.asm.obj (.text:__aeabi_cdrcmple)
                  00004ae0    00000084     ti_drivers_config.obj (.text:Board_sendExtFlashByte)
                  00004b64    00000084     rf_multiMode_cc26x2.aem4f : RFCC26X2_multiMode.c.cc26x2.ccs.o (.text:RF_issueRadioFreeCb)
                  00004be8    00000084                               : RFCC26X2_multiMode.c.cc26x2.ccs.o (.text:RF_verifyGap)
                  00004c6c    00000084     rom_sysbios.aem4f : rom_sysbios.obj (.text:ti_sysbios_family_arm_m3_Hwi_excHandlerMin__I)
                  00004cf0    00000080     driverlib.lib : sys_ctrl.obj (.text:NOROM_SysCtrlSetRechargeBeforePowerDown)
                  00004d70    00000080     rom_sysbios.aem4f : rom_sysbios.obj (.text:ti_sysbios_family_arm_cc26xx_Timer_start__E)
                  00004df0    0000007c     rf_multiMode_cc26x2.aem4f : RFCC26X2_multiMode.c.cc26x2.ccs.o (.text:RF_ratFreeChannel)
                  00004e6c    0000007a     rtsv7M4_T_le_v4SPD16_eabi.lib : memset_t2.asm.obj (.text)
                  00004ee6    00000002     rom_sysbios.aem4f : rom_sysbios.obj (.text:xdc_runtime_SysCallback_defaultAbort)
                  00004ee8    00000074     drivers_cc26x2.a : PowerCC26X2_calibrateRCOSC.oem4f (.text:PowerCC26X2_auxISR)
                  00004f5c    00000074     rtsv7M4_T_le_v4SPD16_eabi.lib : fclose.c.obj (.text:__TI_closefile)
                  00004fd0    00000072     rf_multiMode_cc26x2.aem4f : RFCC26X2_multiMode.c.cc26x2.ccs.o (.text:RF_detachOverrides)
                  00005042    00000070                               : rfc.c.cc26x2.ccs.o (.text:NOROM_RFCAnaDivTxOverride)
                  000050b2    0000006e                               : RFCC26X2_multiMode.c.cc26x2.ccs.o (.text:RF_attachOverrides)
                  00005120    0000006e                               : RFCC26X2_multiMode.c.cc26x2.ccs.o (.text:RF_howToSchedule)
                  0000518e    0000006e     rtsv7M4_T_le_v4SPD16_eabi.lib : _printfi.c.obj (.text:_mcpy)
                  000051fc    0000006d     rom_sysbios.aem4f : rom_sysbios.obj (.text:xdc_runtime_System_formatNum__I)
                  00005269    00000001     --HOLE-- [fill = 0]
                  0000526a    00000002                       : rom_sysbios.obj (.text:xdc_runtime_SysCallback_defaultExit)
                  0000526c    0000006c     rtsv7M4_T_le_v4SPD16_eabi.lib : hostrename.c.obj (.text:HOSTrename)
                  000052d8    0000006c     driverlib.lib : chipinfo.obj (.text:NOROM_ChipInfo_GetChipType)
                  00005344    0000006c     rf_multiMode_cc26x2.aem4f : RFCC26X2_multiMode.c.cc26x2.ccs.o (.text:RF_getCurrentTime)
                  000053b0    00000068     rtsv7M4_T_le_v4SPD16_eabi.lib : hostlseek.c.obj (.text:HOSTlseek)
                  00005418    00000068     driverlib.lib : osc.obj (.text:NOROM_OSCHF_SwitchToRcOscTurnOffXosc)
                  00005480    00000068     rf_multiMode_cc26x2.aem4f : RFCC26X2_multiMode.c.cc26x2.ccs.o (.text:RF_hwiHw)
                  000054e8    00000068     rtsv7M4_T_le_v4SPD16_eabi.lib : copy_decompress_lzss.c.obj (.text:decompress:lzss:__TI_decompress_lzss)
                  00005550    00000068     main_tirtos.obj (.text:main)
                  000055b8    00000068     rtsv7M4_T_le_v4SPD16_eabi.lib : printf.c.obj (.text:printf)
                  00005620    00000064     rf_multiMode_cc26x2.aem4f : RFCC26X2_multiMode.c.cc26x2.ccs.o (.text:RF_dispatchNextEvent)
                  00005684    00000064     rtsv7M4_T_le_v4SPD16_eabi.lib : s_frexp.c.obj (.text:frexp)
                  000056e8    00000064                                   : fseek.c.obj (.text:fseek)
                  0000574c    00000062     rf_multiMode_cc26x2.aem4f : RFCC26X2_multiMode.c.cc26x2.ccs.o (.text:RF_syncCb)
                  000057ae    00000062     rtsv7M4_T_le_v4SPD16_eabi.lib : _io_perm.c.obj (.text:__TI_wrt_ok)
                  00005810    00000060                                   : hostopen.c.obj (.text:HOSTopen)
                  00005870    00000060     rf_multiMode_cc26x2.aem4f : RFCC26X2_multiMode.c.cc26x2.ccs.o (.text:RF_applyRfCorePatch)
                  000058d0    0000005c     drivers_cc26x2.a : PINCC26XX.oem4f (.text:PIN_remove)
                  0000592c    0000005c     rtsv7M4_T_le_v4SPD16_eabi.lib : close.c.obj (.text:close)
                  00005988    0000005c     rom_sysbios.aem4f : rom_sysbios.obj (.text:ti_sysbios_heaps_HeapMem_initPrimary__I)
                  000059e4    0000005c     release_pem4f.oem4f (.text:xdc_runtime_Startup_getState__I)
                  00005a40    00000058     rtsv7M4_T_le_v4SPD16_eabi.lib : hostread.c.obj (.text:HOSTread)
                  00005a98    00000058                                   : hostwrite.c.obj (.text:HOSTwrite)
                  00005af0    00000058     drivers_cc26x2.a : PowerCC26X2_calibrateRCOSC.oem4f (.text:PowerCC26X2_initiateCalibration)
                  00005b48    00000058     rf_multiMode_cc26x2.aem4f : RFCC26X2_multiMode.c.cc26x2.ccs.o (.text:RF_hwiCpe0PowerFsm)
                  00005ba0    00000058     boot.aem4f : boot.oem4f (.text)
                  00005bf8    00000058     rom_sysbios.aem4f : rom_sysbios.obj (.text:pthread_exit)
                  00005c50    00000056     rf_multiMode_cc26x2.aem4f : RFCC26X2_multiMode.c.cc26x2.ccs.o (.text:RF_defaultSubmitPolicy)
                  00005ca6    00000056     rtsv7M4_T_le_v4SPD16_eabi.lib : _printfi.c.obj (.text:_pconv_f)
                  00005cfc    00000054     driverlib.lib : prcm.obj (.text:NOROM_PRCMPowerDomainsAllOff)
                  00005d50    00000054     rf_multiMode_cc26x2.aem4f : RFCC26X2_multiMode.c.cc26x2.ccs.o (.text:RF_fsmXOSCState)
                  00005da4    00000054     dpl_cc26x2.a : SwiP_tirtos.oem4f (.text:SwiP_construct)
                  00005df8    00000054     rtsv7M4_T_le_v4SPD16_eabi.lib : _ltoa.c.obj (.text:__TI_ltoa)
                  00005e4c    00000052                                   : _printfi.c.obj (.text:_ecpy)
                  00005e9e    00000002     rom_sysbios.aem4f : rom_sysbios.obj (.text:xdc_runtime_SysCallback_defaultFlush)
                  00005ea0    0000004c     ti_drivers_config.obj (.text:Board_wakeUpExtFlash)
                  00005eec    0000004c     driverlib.lib : prcm.obj (.text:NOROM_PRCMPowerDomainsAllOn)
                  00005f38    0000004c     rf_multiMode_cc26x2.aem4f : RFCC26X2_multiMode.c.cc26x2.ccs.o (.text:RF_wakeupNotification)
                  00005f84    0000004c     rtsv7M4_T_le_v4SPD16_eabi.lib : fflush.c.obj (.text:__TI_doflush)
                  00005fd0    0000004c                                   : atoi.c.obj (.text:atoi)
                  0000601c    0000004c                                   : cpy_tbl.c.obj (.text:copy_in)
                  00006068    00000048     rf_multiMode_cc26x2.aem4f : rfc.c.cc26x2.ccs.o (.text:NOROM_RFCSynthPowerDown)
                  000060b0    00000048     drivers_cc26x2.a : PowerCC26X2_calibrateRCOSC.oem4f (.text:PowerCC26X2_RCOSC_clockFunc)
                  000060f8    00000048                      : PowerCC26X2.oem4f (.text:PowerCC26XX_switchXOSC_HF)
                  00006140    00000048     rtsv7M4_T_le_v4SPD16_eabi.lib : fd_toi_t2.asm.obj (.text)
                  00006188    00000048     drivers_cc26x2.a : PowerCC26X2.oem4f (.text:switchXOSCHF)
                  000061d0    00000044     rtsv7M4_T_le_v4SPD16_eabi.lib : hostclose.c.obj (.text:HOSTclose)
                  00006214    00000044                                   : hostunlink.c.obj (.text:HOSTunlink)
                  00006258    00000044     driverlib.lib : chipinfo.obj (.text:NOROM_ChipInfo_GetHwRevision)
                  0000629c    00000044     drivers_cc26x2.a : PINCC26XX.oem4f (.text:PIN_swi)
                  000062e0    00000044     rtsv7M4_T_le_v4SPD16_eabi.lib : getdevice.c.obj (.text:getdevice)
                  00006324    00000044                                   : fd_tou_t2.asm.obj (.text)
                  00006368    00000040     ti_drivers_config.obj (.text:Board_shutDownExtFlash)
                  000063a8    00000040     dpl_cc26x2.a : ClockP_tirtos.oem4f (.text:ClockP_construct)
                  000063e8    00000040     driverlib.lib : osc.obj (.text:NOROM_OSC_HPOSCRelativeFrequencyOffsetGet)
                  00006428    00000040     drivers_cc26x2.a : PowerCC26X2.oem4f (.text:PowerCC26XX_isStableXOSC_HF)
                  00006468    00000040     rf_multiMode_cc26x2.aem4f : rf_patch_cpe_prop.c.cc26x2.ccs.o (.text:configurePropPatch)
                  000064a8    00000040     rtsv7M4_T_le_v4SPD16_eabi.lib : u_divt2.asm.obj (.text)
                  000064e8    00000040     rom_sysbios.aem4f : rom_sysbios.obj (.text:ti_sysbios_family_arm_cc26xx_Timer_setThreshold__I)
                  00006528    0000003e     dpl_cc26x2.a : HwiP_tirtos.oem4f (.text:HwiP_construct)
                  00006566    0000003e     rtsv7M4_T_le_v4SPD16_eabi.lib : _printfi.c.obj (.text:_fcpy)
                  000065a4    0000003c     drivers_cc26x2.a : PINCC26XX.oem4f (.text:PIN_setOutputValue)
                  000065e0    0000003c     rf_multiMode_cc26x2.aem4f : RFCC26X2_multiMode.c.cc26x2.ccs.o (.text:RF_cmdGet)
                  0000661c    0000003c                               : RFCC26X2_multiMode.c.cc26x2.ccs.o (.text:RF_cmdStoreEvents)
                  00006658    0000003c     rom_sysbios.aem4f : rom_sysbios.obj (.text:ti_sysbios_family_arm_m3_Hwi_construct2__E)
                  00006694    00000038     drivers_cc26x2.a : PINCC26XX.oem4f (.text:PIN_setConfig)
                  000066cc    00000038     rf_multiMode_cc26x2.aem4f : RFCC26X2_multiMode.c.cc26x2.ccs.o (.text:RF_checkCmdFsError)
                  00006704    00000038                               : RFCC26X2_multiMode.c.cc26x2.ccs.o (.text:RF_powerConstraintRelease)
                  0000673c    00000038     rtsv7M4_T_le_v4SPD16_eabi.lib : trgmsg.c.obj (.text:__TI_writemsg)
                  00006774    00000038     drivers_cc26x2.a : PowerCC26X2.oem4f (.text:notify)
                  000067ac    00000038     rtsv7M4_T_le_v4SPD16_eabi.lib : fs_tod_t2.asm.obj (.text)
                  000067e4    00000036                                   : strncpy.c.obj (.text:strncpy)
                  0000681a    00000036     rom_sysbios.aem4f : rom_sysbios.obj (.text:ti_sysbios_family_arm_cc26xx_Timer_setNextTick__E)
                  00006850    00000034     driverlib.lib : aux_sysif.obj (.text:NOROM_AUXSYSIFOpModeChange)
                  00006884    00000034                   : sys_ctrl.obj (.text:NOROM_SysCtrlIdle)
                  000068b8    00000034     rtsv7M4_T_le_v4SPD16_eabi.lib : fopen.c.obj (.text:__TI_cleanup)
                  000068ec    00000034                                   : trgmsg.c.obj (.text:__TI_readmsg)
                  00006920    00000030     drivers_cc26x2.a : PowerCC26X2.oem4f (.text:Power_releaseConstraint)
                  00006950    00000030                      : PowerCC26X2.oem4f (.text:Power_setConstraint)
                  00006980    00000030     rtsv7M4_T_le_v4SPD16_eabi.lib : getdevice.c.obj (.text:finddevice)
                  000069b0    00000030     release_pem4f.oem4f (.text:ti_sysbios_BIOS_atExitFunc__I)
                  000069e0    00000030     release_pem4f.oem4f (.text:ti_sysbios_BIOS_startFunc__I)
                  00006a10    00000030     rom_sysbios.aem4f : rom_sysbios.obj (.text:ti_sysbios_family_arm_cc26xx_Timer_getCurrentTick__E)
                  00006a40    00000030                       : rom_sysbios.obj (.text:ti_sysbios_family_arm_cc26xx_Timer_initDevice__I)
                  00006a70    00000030                       : rom_sysbios.obj (.text:ti_sysbios_knl_Clock_getTimeout__E)
                  00006aa0    0000002e     rtsv7M4_T_le_v4SPD16_eabi.lib : i_tofd_t2.asm.obj (.text)
                  00006ace    0000002e     release_pem4f.oem4f (.text:ti_sysbios_rts_MemAlloc_alloc)
                  00006afc    0000002c     rf_multiMode_cc26x2.aem4f : RFCC26X2_multiMode.c.cc26x2.ccs.o (.text:RF_executeDirectImmediateCmd)
                  00006b28    0000002c     dpl_cc26x2.a : SemaphoreP_tirtos.oem4f (.text:SemaphoreP_constructBinary)
                  00006b54    0000002c     rom_sysbios.aem4f : rom_sysbios.obj (.text:_pthread_delete$45)
                  00006b80    0000002c     rf_multiMode_cc26x2.aem4f : rf_patch_cpe_prop.c.cc26x2.ccs.o (.text:applyPropPatch)
                  00006bac    0000002c     rom_sysbios.aem4f : rom_sysbios.obj (.text:pthread_setcancelstate)
                  00006bd8    0000002c                       : rom_sysbios.obj (.text:ti_sysbios_knl_Clock_getTicksUntilInterrupt__E)
                  00006c04    0000002c     rtsv7M4_T_le_v4SPD16_eabi.lib : unlink.c.obj (.text:unlink)
                  00006c30    0000002a     drivers_cc26x2.a : List.oem4f (.text:List_insert)
                  00006c5a    0000002a     rf_multiMode_cc26x2.aem4f : RFCC26X2_multiMode.c.cc26x2.ccs.o (.text:RF_searchAndReplacePAOverride)
                  00006c84    00000028                               : rfc.c.cc26x2.ccs.o (.text:NOROM_RFCOverrideSearch)
                  00006cac    00000028     drivers_cc26x2.a : PowerCC26X2.oem4f (.text:Power_registerNotify)
                  00006cd4    00000028     rf_multiMode_cc26x2.aem4f : RFCC26X2_multiMode.c.cc26x2.ccs.o (.text:RF_calculateDeltaTimeUs)
                  00006cfc    00000028                               : RFCC26X2_multiMode.c.cc26x2.ccs.o (.text:RF_runCmd)
                  00006d24    00000028     rtsv7M4_T_le_v4SPD16_eabi.lib : lseek.c.obj (.text:lseek)
                  00006d4c    00000028     drivers_cc26x2.a : PowerCC26X2.oem4f (.text:oscillatorISR)
                  00006d74    00000028     rtsv7M4_T_le_v4SPD16_eabi.lib : write.c.obj (.text:write)
                  00006d9c    00000026     drivers_cc26x2.a : List.oem4f (.text:List_put)
                  00006dc2    00000026                      : List.oem4f (.text:List_putHead)
                  00006de8    00000026                      : List.oem4f (.text:List_remove)
                  00006e0e    00000002     rom_sysbios.aem4f : rom_sysbios.obj (.text:xdc_runtime_SysCallback_defaultPutch)
                  00006e10    00000024     driverlib.lib : osc.obj (.text:NOROM_OSCHF_TurnOnXosc)
                  00006e34    00000024     rf_multiMode_cc26x2.aem4f : rfc.c.cc26x2.ccs.o (.text:NOROM_RFCDoorbellSendTo)
                  00006e58    00000024                               : RFCC26X2_multiMode.c.cc26x2.ccs.o (.text:RF_cmdAlloc)
                  00006e7c    00000024                               : RFCC26X2_multiMode.c.cc26x2.ccs.o (.text:RF_invokeGlobalCallback)
                  00006ea0    00000024     rom_sysbios.aem4f : rom_sysbios.obj (.text:_pthread_cleanupFxn)
                  00006ec4    00000024     drivers_cc26x2.a : PowerCC26X2_calibrateRCOSC.oem4f (.text:getTdcSemaphore)
                  00006ee8    00000024     rom_sysbios.aem4f : rom_sysbios.obj (.text:pthread_attr_init)
                  00006f0c    00000024     release_pem4f.oem4f (.text:ti_sysbios_BIOS_registerRTSLock__I)
                  00006f30    00000024     release_pem4f.oem4f (.text:ti_sysbios_BIOS_removeRTSLock__I)
                  00006f54    00000024     rom_sysbios.aem4f : rom_sysbios.obj (.text:ti_sysbios_family_arm_cc26xx_Timer_getMaxTicks__E)
                  00006f78    00000022     drivers_cc26x2.a : List.oem4f (.text:List_get)
                  00006f9a    00000002     --HOLE-- [fill = 0]
                  00006f9c    00000020     ti_drivers_config.obj (.text:Board_init)
                  00006fbc    00000020     dpl_cc26x2.a : HwiP_tirtos.oem4f (.text:HwiP_setFunc)
                  00006fdc    00000020     drivers_cc26x2.a : PINCC26XX.oem4f (.text:PINCC26XX_setIoCfgMux)
                  00006ffc    00000020     RFQueue.obj (.text:RFQueue_nextEntry)
                  0000701c    00000020     rf_multiMode_cc26x2.aem4f : RFCC26X2_multiMode.c.cc26x2.ccs.o (.text:RF_clkPowerUp)
                  0000703c    00000020                               : RFCC26X2_multiMode.c.cc26x2.ccs.o (.text:RF_hwiCpe0ChangePhy)
                  0000705c    00000020                               : RFCC26X2_multiMode.c.cc26x2.ccs.o (.text:RF_isStateTransitionAllowed)
                  0000707c    00000020                               : RFCC26X2_multiMode.c.cc26x2.ccs.o (.text:RF_ratIsRunning)
                  0000709c    00000020     rtsv7M4_T_le_v4SPD16_eabi.lib : memchr.c.obj (.text:memchr)
                  000070bc    00000020     release_pem4f.oem4f (.text:ti_sysbios_BIOS_rtsLock__I)
                  000070dc    00000020     rom_sysbios.aem4f : rom_sysbios.obj (.text:ti_sysbios_family_arm_cc26xx_Timer_dynamicStub__E)
                  000070fc    00000020                       : rom_sysbios.obj (.text:xdc_runtime_Error_policyMin__E)
                  0000711c    0000001e     drivers_cc26x2.a : PINCC26XX.oem4f (.text:PIN_close)
                  0000713a    0000001e                      : PowerCC26X2.oem4f (.text:Power_getTransitionLatency)
                  00007158    0000001c     driverlib.lib : chipinfo.obj (.text:NOROM_ChipInfo_GetChipFamily)
                  00007174    0000001c     drivers_cc26x2.a : PINCC26XX.oem4f (.text:PIN_hwi)
                  00007190    0000001c     dpl_cc26x2.a : PowerCC26X2_tirtos.oem4f (.text:PowerCC26XX_schedulerDisable)
                  000071ac    0000001c                  : PowerCC26X2_tirtos.oem4f (.text:PowerCC26XX_schedulerRestore)
                  000071c8    0000001c     rf_multiMode_cc26x2.aem4f : RFCC26X2_multiMode.c.cc26x2.ccs.o (.text:RF_clkInactivityCallback)
                  000071e4    0000001c                               : RFCC26X2_multiMode.c.cc26x2.ccs.o (.text:RF_getPAOverrideOffsetAndValue)
                  00007200    0000001c                               : RFCC26X2_multiMode.c.cc26x2.ccs.o (.text:RF_powerConstraintSet)
                  0000721c    0000001c     rtsv7M4_T_le_v4SPD16_eabi.lib : memccpy.c.obj (.text:memccpy)
                  00007238    0000001c     rom_sysbios.aem4f : rom_sysbios.obj (.text:ti_sysbios_knl_Swi_construct2__E)
                  00007254    0000001c     release_pem4f.oem4f (.text:xdc_runtime_Startup_exec__I)
                  00007270    0000001a     drivers_cc26x2.a : PowerCC26X2.oem4f (.text:PowerCC26XX_calibrate)
                  0000728a    0000001a     rtsv7M4_T_le_v4SPD16_eabi.lib : s_copysign.c.obj (.text:copysign)
                  000072a4    0000001a     release_pem4f.oem4f (.text:free)
                  000072be    00000002     --HOLE-- [fill = 0]
                  000072c0    00000018     driverlib.lib : chipinfo.obj (.text:NOROM_ChipInfo_GetPackageType)
                  000072d8    00000018     drivers_cc26x2.a : PowerCC26X2.oem4f (.text:Power_idleFunc)
                  000072f0    00000018     rf_multiMode_cc26x2.aem4f : RFCC26X2_multiMode.c.cc26x2.ccs.o (.text:RF_swiFsm)
                  00007308    00000018     rtsv7M4_T_le_v4SPD16_eabi.lib : args_main.c.obj (.text:_args_main)
                  00007320    00000018                                   : ll_mul_t2.asm.obj (.text)
                  00007338    00000018                                   : strcmp.c.obj (.text:strcmp)
                  00007350    00000018     drivers_cc26x2.a : PowerCC26X2.oem4f (.text:switchToTCXO)
                  00007368    00000018     release_pem4f.oem4f (.text:ti_sysbios_BIOS_rtsUnlock__I)
                  00007380    00000018     rom_sysbios.aem4f : rom_sysbios.obj (.text:ti_sysbios_knl_Swi_or__E)
                  00007398    00000018                       : rom_sysbios.obj (.text:ti_sysbios_rts_ti_ReentSupport_getReent__F)
                  000073b0    00000018                       : rom_sysbios.obj (.text:xdc_runtime_Error_init__E)
                  000073c8    00000016     driverlib.lib : chipinfo.obj (.text:NOROM_ThisLibraryIsFor_CC13x2_CC26x2_HwRev20AndLater_HaltIfViolated)
                  000073de    00000016     rf_multiMode_cc26x2.aem4f : RFCC26X2_multiMode.c.cc26x2.ccs.o (.text:RF_restartClockTimeout)
                  000073f4    00000016     rom_sysbios.aem4f : rom_sysbios.obj (.text:_pthread_cleanup_pop)
                  0000740a    00000016     rtsv7M4_T_le_v4SPD16_eabi.lib : strchr.c.obj (.text:strchr)
                  00007420    00000016     release_pem4f.oem4f (.text:ti_sysbios_BIOS_exitFunc__I)
                  00007436    00000014     drivers_cc26x2.a : List.oem4f (.text:List_clearList)
                  0000744a    00000002     --HOLE-- [fill = 0]
                  0000744c    00000014     rf_multiMode_cc26x2.aem4f : rfc.c.cc26x2.ccs.o (.text:NOROM_RFCCpeIntGetAndClear)
                  00007460    00000014     drivers_cc26x2.a : PINCC26XX.oem4f (.text:PINCC26XX_getOutputValue)
                  00007474    00000014                      : PowerCC26X2_calibrateRCOSC.oem4f (.text:PowerCC26X2_calibrate)
                  00007488    00000014     rf_multiMode_cc26x2.aem4f : RFCC26X2_multiMode.c.cc26x2.ccs.o (.text:RF_Params_init)
                  0000749c    00000014                               : RFCC26X2_multiMode.c.cc26x2.ccs.o (.text:RF_dbellSyncOnAck)
                  000074b0    00000014                               : RFCC26X2_multiMode.c.cc26x2.ccs.o (.text:RF_ratGetChannel)
                  000074c4    00000014     drivers_cc26x2.a : TemperatureCC26X2.oem4f (.text:Temperature_getTemperature)
                  000074d8    00000014     rom_sysbios.aem4f : rom_sysbios.obj (.text:pthread_attr_setschedparam)
                  000074ec    00000014     rtsv7M4_T_le_v4SPD16_eabi.lib : strcpy.c.obj (.text:strcpy)
                  00007500    00000014     rom_sysbios.aem4f : rom_sysbios.obj (.text:ti_sysbios_family_arm_cc26xx_Timer_getCount64__E)
                  00007514    00000014     release_pem4f.oem4f (.text:ti_sysbios_knl_Clock_doTick__I)
                  00007528    00000012     dpl_cc26x2.a : SemaphoreP_tirtos.oem4f (.text:SemaphoreP_pend)
                  0000753a    00000012     rom_sysbios.aem4f : rom_sysbios.obj (.text:_pthread_runStub$45)
                  0000754c    00000012     rtsv7M4_T_le_v4SPD16_eabi.lib : wcslen.c.obj (.text:wcslen)
                  0000755e    00000010     dpl_cc26x2.a : ClockP_tirtos.oem4f (.text:ClockP_isActive)
                  0000756e    00000010                  : HwiP_tirtos.oem4f (.text:HwiP_Params_init)
                  0000757e    00000002     --HOLE-- [fill = 0]
                  00007580    00000010     rf_multiMode_cc26x2.aem4f : rfc.c.cc26x2.ccs.o (.text:NOROM_RFCHwIntGetAndClear)
                  00007590    00000010     drivers_cc26x2.a : PINCC26XX.oem4f (.text:PINCC26XX_getPinCount)
                  000075a0    00000010     rf_multiMode_cc26x2.aem4f : RFCC26X2_multiMode.c.cc26x2.ccs.o (.text:RF_dbellSubmitCmdAsync)
                  000075b0    00000010                               : RFCC26X2_multiMode.c.cc26x2.ccs.o (.text:RF_isClientOwner)
                  000075c0    00000010     dpl_cc26x2.a : SwiP_tirtos.oem4f (.text:SwiP_Params_init)
                  000075d0    00000010     rom_sysbios.aem4f : rom_sysbios.obj (.text:ti_sysbios_family_arm_m3_Hwi_post__E)
                  000075e0    0000000e     rf_multiMode_cc26x2.aem4f : RFCC26X2_multiMode.c.cc26x2.ccs.o (.text:RF_getSwitchingTimeInUs)
                  000075ee    0000000e     rtsv7M4_T_le_v4SPD16_eabi.lib : copy_decompress_none.c.obj (.text:decompress:none:__TI_decompress_none)
                  000075fc    0000000e     rom_sysbios.aem4f : rom_sysbios.obj (.text:pthread_attr_setdetachstate)
                  0000760a    0000000e                       : rom_sysbios.obj (.text:ti_sysbios_family_arm_cc26xx_TimestampProvider_get32__E)
                  00007618    0000000c     dpl_cc26x2.a : ClockP_tirtos.oem4f (.text:ClockP_getSystemTickPeriod)
                  00007624    0000000c     driverlib.lib : cpu.obj (.text:NOROM_CPUcpsid)
                  00007630    0000000c                   : cpu.obj (.text:NOROM_CPUcpsie)
                  0000763c    0000000c     drivers_cc26x2.a : PowerCC26X2.oem4f (.text:Power_getConstraintMask)
                  00007648    0000000c                      : PowerCC26X2.oem4f (.text:Power_getDependencyCount)
                  00007654    0000000c     RFQueue.obj (.text:RFQueue_getDataEntry)
                  00007660    0000000c     rf_multiMode_cc26x2.aem4f : RFCC26X2_multiMode.c.cc26x2.ccs.o (.text:RF_powerConstraintGet)
                  0000766c    0000000c     rtsv7M4_T_le_v4SPD16_eabi.lib : _lock.c.obj (.text:_register_lock)
                  00007678    0000000c                                   : _lock.c.obj (.text:_register_unlock)
                  00007684    0000000c                                   : copy_zero_init.c.obj (.text:decompress:ZI:__TI_zero_init)
                  00007690    0000000c     rom_sysbios.aem4f : rom_sysbios.obj (.text:pthread_self)
                  0000769c    0000000c                       : rom_sysbios.obj (.text:ti_sysbios_knl_Queue_insert__E)
                  000076a8    0000000c                       : rom_sysbios.obj (.text:ti_sysbios_knl_Swi_getTrigger__E)
                  000076b4    0000000a     dpl_cc26x2.a : ClockP_tirtos.oem4f (.text:ClockP_Params_init)
                  000076be    0000000a     release_pem4f.oem4f (.text:ti_sysbios_rts_ti_ReentSupport_getTlsAddr__I)
                  000076c8    00000008     release_pem4f.oem4f (.text:xdc_runtime_Text_visitRope__I)
                  000076d0    00000006     driverlib.lib : cpu.obj (.text:NOROM_CPUdelay)
                  000076d6    00000006     rf_multiMode_cc26x2.aem4f : RFCC26X2_multiMode.c.cc26x2.ccs.o (.text:RF_clkReqAccess)
                  000076dc    00000006     drivers_cc26x2.a : PowerCC26X2.oem4f (.text:delayUs)
                  000076e2    00000006     rom_sysbios.aem4f : rom_sysbios.obj (.text:pthread_attr_setstacksize)
                  000076e8    00000006                       : rom_sysbios.obj (.text:ti_sysbios_family_arm_m3_Hwi_setFunc__E)
                  000076ee    00000004     dpl_cc26x2.a : PowerCC26X2_tirtos.oem4f (.text:CPUwfi)
                  000076f2    00000004                  : ClockP_tirtos.oem4f (.text:ClockP_getTimeout)
                  000076f6    00000004                  : ClockP_tirtos.oem4f (.text:ClockP_setTimeout)
                  000076fa    00000004                  : ClockP_tirtos.oem4f (.text:ClockP_start)
                  000076fe    00000004                  : ClockP_tirtos.oem4f (.text:ClockP_stop)
                  00007702    00000004                  : HwiP_tirtos.oem4f (.text:HwiP_disable)
                  00007706    00000004                  : HwiP_tirtos.oem4f (.text:HwiP_enableInterrupt)
                  0000770a    00000004                  : HwiP_tirtos.oem4f (.text:HwiP_post)
                  0000770e    00000004     rf_multiMode_cc26x2.aem4f : rfc.c.cc26x2.ccs.o (.text:NOROM_RFCOverrideUpdate)
                  00007712    00000004                               : RFCC26X2_multiMode.c.cc26x2.ccs.o (.text:RF_defaultExecutionPolicy)
                  00007716    00000004     dpl_cc26x2.a : SemaphoreP_tirtos.oem4f (.text:SemaphoreP_post)
                  0000771a    00000004                  : SwiP_tirtos.oem4f (.text:SwiP_disable)
                  0000771e    00000004                  : SwiP_tirtos.oem4f (.text:SwiP_getTrigger)
                  00007722    00000004                  : SwiP_tirtos.oem4f (.text:SwiP_or)
                  00007726    00000004     rom_sysbios.aem4f : rom_sysbios.obj (.text:__aeabi_errno_addr)
                  0000772a    00000004     rtsv7M4_T_le_v4SPD16_eabi.lib : printf.c.obj (.text:_outc)
                  0000772e    00000004                                   : printf.c.obj (.text:_outs)
                  00007732    00000004     drivers_cc26x2.a : PowerCC26X2.oem4f (.text:configureRFCoreClocks)
                  00007736    00000004                      : PowerCC26X2.oem4f (.text:nopResourceHandler)
                  0000773a    00000004     rom_sysbios.aem4f : rom_sysbios.obj (.text:ti_sysbios_knl_Clock_isActive__E)
                  0000773e    00000004                       : rom_sysbios.obj (.text:ti_sysbios_knl_Task_getArg1__E)
                  00007742    00000004                       : rom_sysbios.obj (.text:ti_sysbios_knl_Task_getEnv__E)
                  00007746    00000004     release_pem4f.oem4f (.text:xdc_runtime_Startup_reset__I)
                  0000774a    00000004     rom_sysbios.aem4f : rom_sysbios.obj (.text:xdc_runtime_SysCallback_defaultReady)
                  0000774e    00000002     --HOLE-- [fill = 0]
                  00007750    00000008     (.tramp.ti_sysbios_family_arm_m3_Hwi_enableInterrupt__E.1)
                  00007758    00000008     (.tramp.ti_sysbios_knl_Task_self__E.1)
                  00007760    00000008     (.tramp.ti_sysbios_knl_Clock_logTick__E.1)
                  00007768    00000008     (.tramp.ti_sysbios_BIOS_getThreadType__E.1)
                  00007770    00000008     (.tramp.ti_sysbios_knl_Swi_post__E.1)
                  00007778    00000008     (.tramp.ti_sysbios_BIOS_RtsGateProxy_leave__E.1)
                  00007780    00000008     (.tramp.ti_sysbios_knl_Swi_construct.1)
                  00007788    00000008     (.tramp.ti_sysbios_BIOS_RtsGateProxy_enter__E.1)
                  00007790    00000008     (.tramp.ti_sysbios_family_arm_m3_Hwi_disableFxn__E.1)
                  00007798    00000008     (.tramp.ti_sysbios_knl_Clock_TimerProxy_getCurrentTick__E.1)
                  000077a0    00000008     (.tramp.ti_sysbios_knl_Task_delete.1)
                  000077a8    00000008     (.tramp.ti_sysbios_knl_Semaphore_destruct.1)
                  000077b0    00000008     (.tramp.ti_sysbios_knl_Clock_getTicks__E.1)
                  000077b8    00000008     (.tramp.ti_sysbios_knl_Task_startup__E.1)
                  000077c0    00000008     (.tramp.ti_sysbios_knl_Swi_startup__E.1)
                  000077c8    00000008     (.tramp.ti_sysbios_hal_Hwi_startup__E.1)
                  000077d0    00000008     (.tramp.ti_sysbios_family_arm_cc26xx_Timer_startup__E.1)
                  000077d8    00000008     (.tramp.xdc_runtime_System_atexit__E.1)
                  000077e0    00000008     (.tramp.ti_sysbios_BIOS_linkedWithIncorrectBootLibrary__E.1)
                  000077e8    00000008     (.tramp.xdc_runtime_Startup_rtsDone__E.1)
                  000077f0    00000008     (.tramp.ti_sysbios_knl_Swi_disable__E.1)
                  000077f8    00000008     (.tramp.ti_sysbios_family_arm_m3_Hwi_construct.1)
                  00007800    00000008     (.tramp.ti_sysbios_family_arm_m3_Hwi_Params__init__S.1)
                  00007808    00000008     (.tramp.ti_sysbios_knl_Clock_construct.1)
                  00007810    00000008     (.tramp.ti_sysbios_knl_Clock_Params__init__S.1)
                  00007818    00000008     (.tramp.ti_sysbios_knl_Swi_Params__init__S.1)
                  00007820    00000008     (.tramp.xdc_runtime_System_exit__E.1)
                  00007828    00000008     (.tramp.ti_sysbios_heaps_HeapMem_restore__E.1)
                  00007830    00000008     (.tramp.ti_sysbios_heaps_HeapMem_Object__get__S.1)
                  00007838    00000008     (.tramp.ti_sysbios_BIOS_start__E.1)
                  00007840    00000008     (.tramp.xdc_runtime_Error_raiseX__E.1)
                  00007848    00000008     (.tramp.ti_sysbios_BIOS_setThreadType__E.1)
                  00007850    00000008     (.tramp.ti_sysbios_family_arm_m3_Hwi_excFillContext__I.1)
                  00007858    00000008     (.tramp.ti_sysbios_knl_Semaphore_post__E.1)
                  00007860    00000008     (.tramp.xdc_runtime_Memory_free__E.1)
                  00007868    00000008     (.tramp.ti_sysbios_knl_Queue_next__E.1)
                  00007870    00000008     (.tramp.ti_sysbios_knl_Queue_head__E.1)
                  00007878    00000008     (.tramp.ti_sysbios_knl_Semaphore_pend__E.1)
                  00007880    00000008     (.tramp.ti_sysbios_knl_Task_restore__E.1)
                  00007888    00000008     (.tramp.ti_sysbios_knl_Queue_enqueue__E.1)
                  00007890    00000008     (.tramp.ti_sysbios_knl_Queue_empty__E.1)
                  00007898    00000008     (.tramp.ti_sysbios_knl_Queue_remove__E.1)
                  000078a0    00000008     (.tramp.ti_sysbios_knl_Task_disable__E.1)
                  000078a8    00000008     (.tramp.ti_sysbios_knl_Clock_stop__E.1)
                  000078b0    00000008     (.tramp.ti_sysbios_knl_Clock_start__E.1)
                  000078b8    00000008     (.tramp.ti_sysbios_knl_Clock_setTimeout__E.1)
                  000078c0    00000008     (.tramp.ti_sysbios_knl_Swi_restore__E.1)
                  000078c8    00000008     (.tramp.ti_sysbios_knl_Task_create.1)
                  000078d0    00000008     (.tramp.ti_sysbios_knl_Semaphore_construct.1)
                  000078d8    00000008     (.tramp.ti_sysbios_knl_Semaphore_Params__init__S.1)
                  000078e0    00000008     (.tramp.ti_sysbios_knl_Queue_construct.1)
                  000078e8    00000008     (.tramp.xdc_runtime_Memory_alloc__E.1)
                  000078f0    00000008     (.tramp.ti_sysbios_knl_Task_Params__init__S.1)
                  000078f8    00000008     (.tramp.xdc_runtime_System_doPrint__I.1)
                  00007900    00000008     (.tramp.ti_sysbios_family_arm_m3_Hwi_restoreFxn__E.1)
                  00007908    00000008     (.tramp.strlen.1)

.const     0    00007910    00000874     
                  00007910    000003b8     release_pem4f.oem4f (.const:ROM_constStruct)
                  00007cc8    000001f0     rf_multiMode_cc26x2.aem4f : rf_patch_cpe_prop.c.cc26x2.ccs.o (.const:patchImageProp)
                  00007eb8    00000101     rtsv7M4_T_le_v4SPD16_eabi.lib : ctype.c.obj (.const:.string:_ctypes_)
                  00007fb9    00000001     release_pem4f.oem4f (.const:xdc_runtime_Text_charTab__A)
                  00007fba    00000054     drivers_cc26x2.a : PowerCC26X2.oem4f (.const:resourceDB)
                  0000800e    00000002     --HOLE-- [fill = 0]
                  00008010    00000048     release_pem4f.oem4f (.const:.string)
                  00008058    00000048     release_pem4f.oem4f (.const:ROM_externFuncPtrs)
                  000080a0    00000024     release_pem4f.oem4f (.const:xdc_runtime_Startup_sfxnTab__A)
                  000080c4    00000020     rf_multiMode_cc26x2.aem4f : RFCC26X2_multiMode.c.cc26x2.ccs.o (.const:RF_defaultParams)
                  000080e4    00000014     ti_drivers_config.obj (.const:$P$T1$2)
                  000080f8    00000014     ti_drivers_config.obj (.const:PowerCC26X2_config)
                  0000810c    00000012     release_pem4f.oem4f (.const:xdc_runtime_Startup_sfxnRts__A)
                  0000811e    00000002     --HOLE-- [fill = 0]
                  00008120    0000000c     ti_drivers_config.obj (.const:RFCC26XX_hwAttrs)
                  0000812c    0000000c     release_pem4f.oem4f (.const:xdc_runtime_Startup_firstFxns__A)
                  00008138    00000008     driverlib.lib : aux_sysif.obj (.const:$O1$$)
                  00008140    00000008     ti_drivers_config.obj (.const:$P$T0$1)
                  00008148    00000008     ti_drivers_config.obj (.const:BoardGpioInitTable)
                  00008150    00000008     ti_drivers_config.obj (.const:PINCC26XX_hwAttrs)
                  00008158    00000008     rf_multiMode_cc26x2.aem4f : RFCC26X2_multiMode.c.cc26x2.ccs.o (.const:RFCC26XX_schedulerPolicy)
                  00008160    00000008     release_pem4f.oem4f (.const:ti_sysbios_family_arm_m3_Hwi_excHookFuncs__A)
                  00008168    00000008     release_pem4f.oem4f (.const:ti_sysbios_knl_Idle_funcList__A)
                  00008170    00000004     release_pem4f.oem4f (.const:ti_sysbios_family_arm_m3_Hwi_E_exception__C)
                  00008174    00000004     release_pem4f.oem4f (.const:ti_sysbios_heaps_HeapMem_primaryHeapBaseAddr__C)
                  00008178    00000004     release_pem4f.oem4f (.const:ti_sysbios_heaps_HeapMem_primaryHeapEndAddr__C)
                  0000817c    00000004     release_pem4f.oem4f (.const:ti_sysbios_knl_Clock_tickPeriod__C)
                  00008180    00000004     release_pem4f.oem4f (.const:ti_sysbios_knl_Task_Object__heap__C)

MODULE SUMMARY

       Module                              code    ro data   rw data
       ------                              ----    -------   -------
    .\
       rfPacketRx.obj                      708     0         416    
       RFQueue.obj                         268     0         4      
       main_tirtos.obj                     104     0         0      
    +--+-----------------------------------+-------+---------+---------+
       Total:                              1080    0         420    
                                                                    
    .\syscfg\
       ti_drivers_config.obj               306     76        0      
       ti_radio_config.obj                 0       0         136    
       ti_devices_config.obj               0       88        0      
    +--+-----------------------------------+-------+---------+---------+
       Total:                              306     164       136    
                                                                    
    C:\Users\dbhai\workspace_v11\tirtos_builds_cc13x2_cc26x2_release_ccs\Debug\configPkg\package\cfg\
       release_pem4f.oem4f                 874     1259      1830   
    +--+-----------------------------------+-------+---------+---------+
       Total:                              874     1259      1830   
                                                                    
    C:/ti/simplelink_cc13x2_26x2_sdk_4_30_00_54/kernel/tirtos/packages/ti/dpl/lib/ccs/m4f/dpl_cc26x2.a
       PowerCC26X2_tirtos.oem4f            260     0         8      
       HwiP_tirtos.oem4f                   122     0         0      
       ClockP_tirtos.oem4f                 118     0         0      
       SwiP_tirtos.oem4f                   112     0         0      
       SemaphoreP_tirtos.oem4f             66      0         0      
    +--+-----------------------------------+-------+---------+---------+
       Total:                              678     0         8      
                                                                    
    C:/ti/simplelink_cc13x2_26x2_sdk_4_30_00_54/source/ti/devices/cc13x2_cc26x2/driverlib/bin/ccs/driverlib.lib
       sys_ctrl.obj                        428     0         0      
       osc.obj                             340     0         36     
       setup.obj                           324     0         0      
       chipinfo.obj                        250     0         0      
       prcm.obj                            160     0         0      
       aux_sysif.obj                       52      8         0      
       cpu.obj                             30      0         0      
       driverlib_release.obj               0       0         1      
    +--+-----------------------------------+-------+---------+---------+
       Total:                              1584    8         37     
                                                                    
    C:/ti/simplelink_cc13x2_26x2_sdk_4_30_00_54/source/ti/drivers/lib/ccs/m4f/drivers_cc26x2.a
       PowerCC26X2.oem4f                   2164    84        368    
       PINCC26XX.oem4f                     1282    0         328    
       PowerCC26X2_calibrateRCOSC.oem4f    1400    0         0      
       List.oem4f                          210     0         0      
       TemperatureCC26X2.oem4f             20      0         0      
    +--+-----------------------------------+-------+---------+---------+
       Total:                              5076    84        696    
                                                                    
    C:/ti/simplelink_cc13x2_26x2_sdk_4_30_00_54/source/ti/drivers/rf/lib/rf_multiMode_cc26x2.aem4f
       RFCC26X2_multiMode.c.cc26x2.ccs.o   8068    40        1285   
       rf_patch_cpe_prop.c.cc26x2.ccs.o    108     496       1      
       rfc.c.cc26x2.ccs.o                  302     0         0      
    +--+-----------------------------------+-------+---------+---------+
       Total:                              8478    536       1286   
                                                                    
    C:\Users\dbhai\workspace_v11\tirtos_builds_cc13x2_cc26x2_release_ccs\src\sysbios\rom_sysbios.aem4f
       rom_sysbios.obj                     2007    0         136    
    +--+-----------------------------------+-------+---------+---------+
       Total:                              2007    0         136    
                                                                    
    C:\ti\ccs1000\ccs\tools\compiler\ti-cgt-arm_20.2.3.LTS\lib\rtsv7M4_T_le_v4SPD16_eabi.lib
       _printfi.c.obj                      4851    0         0      
       fd_add_t2.asm.obj                   438     0         0      
       defs.c.obj                          0       0         416    
       trgmsg.c.obj                        108     0         288    
       fd_div_t2.asm.obj                   310     0         0      
       fputs.c.obj                         276     0         0      
       s_scalbn.c.obj                      272     0         0      
       fd_cmp_t2.asm.obj                   268     0         0      
       ctype.c.obj                         0       257       0      
       fd_mul_t2.asm.obj                   252     0         0      
       setvbuf.c.obj                       220     0         0      
       host_device.c.obj                   0       0         200    
       memcpy_t2.asm.obj                   156     0         0      
       ull_div_t2.asm.obj                  150     0         0      
       fputc.c.obj                         140     0         0      
       memset_t2.asm.obj                   122     0         0      
       fclose.c.obj                        116     0         0      
       getdevice.c.obj                     116     0         0      
       printf.c.obj                        112     0         0      
       hostrename.c.obj                    108     0         0      
       copy_decompress_lzss.c.obj          104     0         0      
       hostlseek.c.obj                     104     0         0      
       hostopen.c.obj                      96      0         8      
       fseek.c.obj                         100     0         0      
       s_frexp.c.obj                       100     0         0      
       _io_perm.c.obj                      98      0         0      
       close.c.obj                         92      0         0      
       hostread.c.obj                      88      0         0      
       hostwrite.c.obj                     88      0         0      
       _ltoa.c.obj                         84      0         0      
       atoi.c.obj                          76      0         0      
       cpy_tbl.c.obj                       76      0         0      
       fflush.c.obj                        76      0         0      
       fd_toi_t2.asm.obj                   72      0         0      
       fd_tou_t2.asm.obj                   68      0         0      
       hostclose.c.obj                     68      0         0      
       hostunlink.c.obj                    68      0         0      
       u_divt2.asm.obj                     64      0         0      
       fs_tod_t2.asm.obj                   56      0         0      
       strncpy.c.obj                       54      0         0      
       fopen.c.obj                         52      0         0      
       i_tofd_t2.asm.obj                   46      0         0      
       unlink.c.obj                        44      0         0      
       lseek.c.obj                         40      0         0      
       write.c.obj                         40      0         0      
       _lock.c.obj                         26      0         8      
       memchr.c.obj                        32      0         0      
       memccpy.c.obj                       28      0         0      
       s_copysign.c.obj                    26      0         0      
       args_main.c.obj                     24      0         0      
       ll_mul_t2.asm.obj                   24      0         0      
       strcmp.c.obj                        24      0         0      
       strchr.c.obj                        22      0         0      
       strcpy.c.obj                        20      0         0      
       wcslen.c.obj                        18      0         0      
       copy_decompress_none.c.obj          14      0         0      
       copy_zero_init.c.obj                12      0         0      
       exit.c.obj                          0       0         12     
       stkdepth_vars.c.obj                 0       0         4      
       div0.asm.obj                        2       0         0      
    +--+-----------------------------------+-------+---------+---------+
       Total:                              10141   257       936    
                                                                    
    C:\ti\simplelink_cc13x2_26x2_sdk_4_30_00_54\kernel\tirtos\packages\ti\targets\arm\rtsarm\lib\auto_init.aem4f
       auto_init.oem4f                     160     0         0      
    +--+-----------------------------------+-------+---------+---------+
       Total:                              160     0         0      
                                                                    
    C:\ti\simplelink_cc13x2_26x2_sdk_4_30_00_54\kernel\tirtos\packages\ti\targets\arm\rtsarm\lib\boot.aem4f
       boot.oem4f                          88      0         0      
    +--+-----------------------------------+-------+---------+---------+
       Total:                              88      0         0      
                                                                    
       Stack:                              0       0         1024   
       Linker Generated:                   448     627       0      
    +--+-----------------------------------+-------+---------+---------+
       Grand Total:                        30920   2935      6509   


LINKER GENERATED COPY TABLES

__TI_cinit_table @ 000083d8 records: 5, size/record: 8, table size: 40
	.data: load addr=00008188, load size=0000021f bytes, run addr=20004da0, run size=000007ff bytes, compression=lzss
	.bss: load addr=000083b8, load size=00000008 bytes, run addr=20004110, run size=00000c8a bytes, compression=zero_init
	.data:xdcRomConstPtr: load addr=000083c0, load size=00000008 bytes, run addr=20000100, run size=00000004 bytes, compression=lzss
	.data:xdcRomExternFuncPtr: load addr=000083c8, load size=00000008 bytes, run addr=20000104, run size=00000004 bytes, compression=lzss
	.data:xdcRomStatePtr: load addr=000083d0, load size=00000008 bytes, run addr=20000108, run size=00000004 bytes, compression=lzss


LINKER GENERATED HANDLER TABLE

__TI_handler_table @ 000083a8 records: 3, size/record: 4, table size: 12
	index: 0, handler: __TI_decompress_lzss
	index: 1, handler: __TI_decompress_none
	index: 2, handler: __TI_zero_init


FAR CALL TRAMPOLINES

callee name               trampoline name
   callee addr  tramp addr   call addr  call info
--------------  -----------  ---------  ----------------
ti_sysbios_family_arm_m3_Hwi_enableInterrupt__E  $Tramp$TT$L$PI$$ti_sysbios_family_arm_m3_Hwi_enableInterrupt__E
   1002d91d     00007750     00007706   dpl_cc26x2.a : HwiP_tirtos.oem4f (.text:HwiP_enableInterrupt)
ti_sysbios_knl_Task_self__E  $Tramp$TT$L$PI$$ti_sysbios_knl_Task_self__E
   1002eaf5     00007758     00007692   rom_sysbios.aem4f : rom_sysbios.obj (.text:pthread_self)
                             000076c0   release_pem4f.oem4f (.text:ti_sysbios_rts_ti_ReentSupport_getTlsAddr__I)
ti_sysbios_knl_Clock_logTick__E  $Tramp$TT$L$PI$$ti_sysbios_knl_Clock_logTick__E
   1002dbd7     00007760     00007516   release_pem4f.oem4f (.text:ti_sysbios_knl_Clock_doTick__I)
ti_sysbios_BIOS_getThreadType__E  $Tramp$TT$L$PI$$ti_sysbios_BIOS_getThreadType__E
   1002ea95     00007768     0000739a   rom_sysbios.aem4f : rom_sysbios.obj (.text:ti_sysbios_rts_ti_ReentSupport_getReent__F)
ti_sysbios_knl_Swi_post__E  $Tramp$TT$L$PI$$ti_sysbios_knl_Swi_post__E
   1002d891     00007770     00007394   rom_sysbios.aem4f : rom_sysbios.obj (.text:ti_sysbios_knl_Swi_or__E)
                             0000751e   release_pem4f.oem4f (.text:ti_sysbios_knl_Clock_doTick__I)
ti_sysbios_BIOS_RtsGateProxy_leave__E  $Tramp$TT$L$PI$$ti_sysbios_BIOS_RtsGateProxy_leave__E
   1002ec7b     00007778     00007376   release_pem4f.oem4f (.text:ti_sysbios_BIOS_rtsUnlock__I)
ti_sysbios_knl_Swi_construct  $Tramp$TT$L$PI$$ti_sysbios_knl_Swi_construct
   1002d719     00007780     0000723e   rom_sysbios.aem4f : rom_sysbios.obj (.text:ti_sysbios_knl_Swi_construct2__E)
ti_sysbios_BIOS_RtsGateProxy_enter__E  $Tramp$TT$L$PI$$ti_sysbios_BIOS_RtsGateProxy_enter__E
   1002ec77     00007788     000070c2   release_pem4f.oem4f (.text:ti_sysbios_BIOS_rtsLock__I)
ti_sysbios_family_arm_m3_Hwi_disableFxn__E  $Tramp$TT$L$PI$$ti_sysbios_family_arm_m3_Hwi_disableFxn__E
   1002eb55     00007790     00006fc4   dpl_cc26x2.a : HwiP_tirtos.oem4f (.text:HwiP_setFunc)
                             00007702                : HwiP_tirtos.oem4f (.text:HwiP_disable)
ti_sysbios_knl_Clock_TimerProxy_getCurrentTick__E  $Tramp$TT$L$PI$$ti_sysbios_knl_Clock_TimerProxy_getCurrentTick__E
   1002eac5     00007798     00006bea   rom_sysbios.aem4f : rom_sysbios.obj (.text:ti_sysbios_knl_Clock_getTicksUntilInterrupt__E)
ti_sysbios_knl_Task_delete  $Tramp$TT$L$PI$$ti_sysbios_knl_Task_delete
   1002ece7     000077a0     00006b68   rom_sysbios.aem4f : rom_sysbios.obj (.text:_pthread_delete$45)
ti_sysbios_knl_Semaphore_destruct  $Tramp$TT$L$PI$$ti_sysbios_knl_Semaphore_destruct
   1002e6fd     000077a8     00006b5c   rom_sysbios.aem4f : rom_sysbios.obj (.text:_pthread_delete$45)
ti_sysbios_knl_Clock_getTicks__E  $Tramp$TT$L$PI$$ti_sysbios_knl_Clock_getTicks__E
   1002dc11     000077b0     00006a84   rom_sysbios.aem4f : rom_sysbios.obj (.text:ti_sysbios_knl_Clock_getTimeout__E)
ti_sysbios_knl_Task_startup__E  $Tramp$TT$L$PI$$ti_sysbios_knl_Task_startup__E
   1002eceb     000077b8     00006a04   release_pem4f.oem4f (.text:ti_sysbios_BIOS_startFunc__I)
ti_sysbios_knl_Swi_startup__E  $Tramp$TT$L$PI$$ti_sysbios_knl_Swi_startup__E
   1002ec6b     000077c0     00006a00   release_pem4f.oem4f (.text:ti_sysbios_BIOS_startFunc__I)
ti_sysbios_hal_Hwi_startup__E  $Tramp$TT$L$PI$$ti_sysbios_hal_Hwi_startup__E
   1002ec31     000077c8     000069fc   release_pem4f.oem4f (.text:ti_sysbios_BIOS_startFunc__I)
ti_sysbios_family_arm_cc26xx_Timer_startup__E  $Tramp$TT$L$PI$$ti_sysbios_family_arm_cc26xx_Timer_startup__E
   1002dcf1     000077d0     000069f8   release_pem4f.oem4f (.text:ti_sysbios_BIOS_startFunc__I)
xdc_runtime_System_atexit__E  $Tramp$TT$L$PI$$xdc_runtime_System_atexit__E
   1002f559     000077d8     000069f0   release_pem4f.oem4f (.text:ti_sysbios_BIOS_startFunc__I)
ti_sysbios_BIOS_linkedWithIncorrectBootLibrary__E  $Tramp$TT$L$PI$$ti_sysbios_BIOS_linkedWithIncorrectBootLibrary__E
   1002d01b     000077e0     000069ea   release_pem4f.oem4f (.text:ti_sysbios_BIOS_startFunc__I)
xdc_runtime_Startup_rtsDone__E  $Tramp$TT$L$PI$$xdc_runtime_Startup_rtsDone__E
   1002f8e5     000077e8     000069e2   release_pem4f.oem4f (.text:ti_sysbios_BIOS_startFunc__I)
ti_sysbios_knl_Swi_disable__E  $Tramp$TT$L$PI$$ti_sysbios_knl_Swi_disable__E
   1002ea25     000077f0     000069b2   release_pem4f.oem4f (.text:ti_sysbios_BIOS_atExitFunc__I)
                             0000719a   dpl_cc26x2.a : PowerCC26X2_tirtos.oem4f (.text:PowerCC26XX_schedulerDisable)
                             0000771a                : SwiP_tirtos.oem4f (.text:SwiP_disable)
ti_sysbios_family_arm_m3_Hwi_construct  $Tramp$TT$L$PI$$ti_sysbios_family_arm_m3_Hwi_construct
   1002d421     000077f8     00006672   rom_sysbios.aem4f : rom_sysbios.obj (.text:ti_sysbios_family_arm_m3_Hwi_construct2__E)
ti_sysbios_family_arm_m3_Hwi_Params__init__S  $Tramp$TT$L$PI$$ti_sysbios_family_arm_m3_Hwi_Params__init__S
   1002eb49     00007800     00006544   dpl_cc26x2.a : HwiP_tirtos.oem4f (.text:HwiP_construct)
ti_sysbios_knl_Clock_construct  $Tramp$TT$L$PI$$ti_sysbios_knl_Clock_construct
   1002dd8d     00007808     000063de   dpl_cc26x2.a : ClockP_tirtos.oem4f (.text:ClockP_construct)
ti_sysbios_knl_Clock_Params__init__S  $Tramp$TT$L$PI$$ti_sysbios_knl_Clock_Params__init__S
   1002eb9d     00007810     000063c4   dpl_cc26x2.a : ClockP_tirtos.oem4f (.text:ClockP_construct)
ti_sysbios_knl_Swi_Params__init__S  $Tramp$TT$L$PI$$ti_sysbios_knl_Swi_Params__init__S
   1002ebf1     00007818     00005dce   dpl_cc26x2.a : SwiP_tirtos.oem4f (.text:SwiP_construct)
xdc_runtime_System_exit__E  $Tramp$TT$L$PI$$xdc_runtime_System_exit__E
   1002f7b1     00007820     00005be0   boot.aem4f : boot.oem4f (.text)
                             00007430   release_pem4f.oem4f (.text:ti_sysbios_BIOS_exitFunc__I)
ti_sysbios_heaps_HeapMem_restore__E  $Tramp$TT$L$PI$$ti_sysbios_heaps_HeapMem_restore__E
   1002eb13     00007828     000059cc   rom_sysbios.aem4f : rom_sysbios.obj (.text:ti_sysbios_heaps_HeapMem_initPrimary__I)
ti_sysbios_heaps_HeapMem_Object__get__S  $Tramp$TT$L$PI$$ti_sysbios_heaps_HeapMem_Object__get__S
   1002e275     00007830     0000599c   rom_sysbios.aem4f : rom_sysbios.obj (.text:ti_sysbios_heaps_HeapMem_initPrimary__I)
ti_sysbios_BIOS_start__E  $Tramp$TT$L$PI$$ti_sysbios_BIOS_start__E
   1002eaa5     00007838     000055aa   main_tirtos.obj (.text:main)
xdc_runtime_Error_raiseX__E  $Tramp$TT$L$PI$$xdc_runtime_Error_raiseX__E
   1002f739     00007840     00004cce   rom_sysbios.aem4f : rom_sysbios.obj (.text:ti_sysbios_family_arm_m3_Hwi_excHandlerMin__I)
ti_sysbios_BIOS_setThreadType__E  $Tramp$TT$L$PI$$ti_sysbios_BIOS_setThreadType__E
   1002ea11     00007848     00004c8e   rom_sysbios.aem4f : rom_sysbios.obj (.text:ti_sysbios_family_arm_m3_Hwi_excHandlerMin__I)
                             000069bc   release_pem4f.oem4f (.text:ti_sysbios_BIOS_atExitFunc__I)
                             0000742a   release_pem4f.oem4f (.text:ti_sysbios_BIOS_exitFunc__I)
ti_sysbios_family_arm_m3_Hwi_excFillContext__I  $Tramp$TT$L$PI$$ti_sysbios_family_arm_m3_Hwi_excFillContext__I
   1002bda9     00007850     00004c88   rom_sysbios.aem4f : rom_sysbios.obj (.text:ti_sysbios_family_arm_m3_Hwi_excHandlerMin__I)
ti_sysbios_knl_Semaphore_post__E  $Tramp$TT$L$PI$$ti_sysbios_knl_Semaphore_post__E
   1002cd21     00007858     00004822   rom_sysbios.aem4f : rom_sysbios.obj (.text:_pthread_removeThreadKeys)
                             00005c28                     : rom_sysbios.obj (.text:pthread_exit)
                             00007716   dpl_cc26x2.a : SemaphoreP_tirtos.oem4f (.text:SemaphoreP_post)
xdc_runtime_Memory_free__E  $Tramp$TT$L$PI$$xdc_runtime_Memory_free__E
   1002f81d     00007860     00004818   rom_sysbios.aem4f : rom_sysbios.obj (.text:_pthread_removeThreadKeys)
                             00006b74                     : rom_sysbios.obj (.text:_pthread_delete$45)
                             000072b8   release_pem4f.oem4f (.text:free)
ti_sysbios_knl_Queue_next__E  $Tramp$TT$L$PI$$ti_sysbios_knl_Queue_next__E
   1002ecd7     00007868     000047f2   rom_sysbios.aem4f : rom_sysbios.obj (.text:_pthread_removeThreadKeys)
ti_sysbios_knl_Queue_head__E  $Tramp$TT$L$PI$$ti_sysbios_knl_Queue_head__E
   1002ecd3     00007870     000047de   rom_sysbios.aem4f : rom_sysbios.obj (.text:_pthread_removeThreadKeys)
ti_sysbios_knl_Semaphore_pend__E  $Tramp$TT$L$PI$$ti_sysbios_knl_Semaphore_pend__E
   1002bfb1     00007878     000047d8   rom_sysbios.aem4f : rom_sysbios.obj (.text:_pthread_removeThreadKeys)
                             0000752a   dpl_cc26x2.a : SemaphoreP_tirtos.oem4f (.text:SemaphoreP_pend)
ti_sysbios_knl_Task_restore__E  $Tramp$TT$L$PI$$ti_sysbios_knl_Task_restore__E
   1002df45     00007880     00004312   rom_sysbios.aem4f : rom_sysbios.obj (.text:ti_sysbios_knl_Task_setPri__E)
                             000047cc                     : rom_sysbios.obj (.text:_pthread_removeThreadKeys)
                             0000482c                     : rom_sysbios.obj (.text:_pthread_removeThreadKeys)
                             00005c3a                     : rom_sysbios.obj (.text:pthread_exit)
                             00006eb0                     : rom_sysbios.obj (.text:_pthread_cleanupFxn)
                             000071ba   dpl_cc26x2.a : PowerCC26X2_tirtos.oem4f (.text:PowerCC26XX_schedulerRestore)
ti_sysbios_knl_Queue_enqueue__E  $Tramp$TT$L$PI$$ti_sysbios_knl_Queue_enqueue__E
   1002ebd9     00007888     000042e4   rom_sysbios.aem4f : rom_sysbios.obj (.text:ti_sysbios_knl_Task_setPri__E)
ti_sysbios_knl_Queue_empty__E  $Tramp$TT$L$PI$$ti_sysbios_knl_Queue_empty__E
   1002eb21     00007890     000042cc   rom_sysbios.aem4f : rom_sysbios.obj (.text:ti_sysbios_knl_Task_setPri__E)
                             000047c4                     : rom_sysbios.obj (.text:_pthread_removeThreadKeys)
ti_sysbios_knl_Queue_remove__E  $Tramp$TT$L$PI$$ti_sysbios_knl_Queue_remove__E
   1002eb2f     00007898     000042c6   rom_sysbios.aem4f : rom_sysbios.obj (.text:ti_sysbios_knl_Task_setPri__E)
                             000047fa                     : rom_sysbios.obj (.text:_pthread_removeThreadKeys)
                             00004800                     : rom_sysbios.obj (.text:_pthread_removeThreadKeys)
ti_sysbios_knl_Task_disable__E  $Tramp$TT$L$PI$$ti_sysbios_knl_Task_disable__E
   1002ea4d     000078a0     0000428c   rom_sysbios.aem4f : rom_sysbios.obj (.text:ti_sysbios_knl_Task_setPri__E)
                             000047ba                     : rom_sysbios.obj (.text:_pthread_removeThreadKeys)
                             00005c2e                     : rom_sysbios.obj (.text:pthread_exit)
                             000069b6   release_pem4f.oem4f (.text:ti_sysbios_BIOS_atExitFunc__I)
                             00006ea2   rom_sysbios.aem4f : rom_sysbios.obj (.text:_pthread_cleanupFxn)
                             00007192   dpl_cc26x2.a : PowerCC26X2_tirtos.oem4f (.text:PowerCC26XX_schedulerDisable)
ti_sysbios_knl_Clock_stop__E  $Tramp$TT$L$PI$$ti_sysbios_knl_Clock_stop__E
   1002e2c5     000078a8     00003d5a   dpl_cc26x2.a : PowerCC26X2_tirtos.oem4f (.text:PowerCC26XX_standbyPolicy)
                             000076fe                : ClockP_tirtos.oem4f (.text:ClockP_stop)
ti_sysbios_knl_Clock_start__E  $Tramp$TT$L$PI$$ti_sysbios_knl_Clock_start__E
   1002e9e7     000078b0     00003d46   dpl_cc26x2.a : PowerCC26X2_tirtos.oem4f (.text:PowerCC26XX_standbyPolicy)
                             000076fa                : ClockP_tirtos.oem4f (.text:ClockP_start)
ti_sysbios_knl_Clock_setTimeout__E  $Tramp$TT$L$PI$$ti_sysbios_knl_Clock_setTimeout__E
   1002ecc3     000078b8     00003d40   dpl_cc26x2.a : PowerCC26X2_tirtos.oem4f (.text:PowerCC26XX_standbyPolicy)
                             000076f6                : ClockP_tirtos.oem4f (.text:ClockP_setTimeout)
ti_sysbios_knl_Swi_restore__E  $Tramp$TT$L$PI$$ti_sysbios_knl_Swi_restore__E
   1002db61     000078c0     00003aac   rf_multiMode_cc26x2.aem4f : RFCC26X2_multiMode.c.cc26x2.ccs.o (.text:RF_pendCmd)
                             00003ade                             : RFCC26X2_multiMode.c.cc26x2.ccs.o (.text:RF_pendCmd)
                             00003b30                             : RFCC26X2_multiMode.c.cc26x2.ccs.o (.text:RF_pendCmd)
                             000071b2   dpl_cc26x2.a : PowerCC26X2_tirtos.oem4f (.text:PowerCC26XX_schedulerRestore)
ti_sysbios_knl_Task_create  $Tramp$TT$L$PI$$ti_sysbios_knl_Task_create
   1002d529     000078c8     0000379e   rom_sysbios.aem4f : rom_sysbios.obj (.text:pthread_create)
ti_sysbios_knl_Semaphore_construct  $Tramp$TT$L$PI$$ti_sysbios_knl_Semaphore_construct
   1002ddc1     000078d0     00003794   rom_sysbios.aem4f : rom_sysbios.obj (.text:pthread_create)
                             00006b4a   dpl_cc26x2.a : SemaphoreP_tirtos.oem4f (.text:SemaphoreP_constructBinary)
ti_sysbios_knl_Semaphore_Params__init__S  $Tramp$TT$L$PI$$ti_sysbios_knl_Semaphore_Params__init__S
   1002ebe5     000078d8     00003782   rom_sysbios.aem4f : rom_sysbios.obj (.text:pthread_create)
[...]
1002eb91  ti_sysbios_heaps_HeapTrack_isBlocking__E                           
1002eb9d  ti_sysbios_knl_Clock_Params__init__S                               
1002eba9  ti_sysbios_knl_Clock_getTimerHandle__E                             
1002ebb5  ti_sysbios_knl_Event_Params__init__S                               
1002ebc1  ti_sysbios_knl_Mailbox_Params__init__S                             
1002ebcd  ti_sysbios_knl_Queue_dequeue__E                                    
1002ebd9  ti_sysbios_knl_Queue_enqueue__E                                    
1002ebe5  ti_sysbios_knl_Semaphore_Params__init__S                           
1002ebf1  ti_sysbios_knl_Swi_Params__init__S                                 
1002ebfd  ti_sysbios_knl_Swi_self__E                                         
1002ec09  ti_sysbios_knl_Task_Params__init__S                                
1002ec15  ti_sysbios_hal_Hwi_Instance_finalize__E                            
1002ec1f  ti_sysbios_knl_Event_Instance_init__E                              
1002ec29  ti_sysbios_family_arm_m3_Hwi_doSwiRestore__I                       
1002ec31  ti_sysbios_family_arm_m3_Hwi_startup__E                            
1002ec31  ti_sysbios_hal_Hwi_HwiProxy_startup__E                             
1002ec31  ti_sysbios_hal_Hwi_HwiProxy_startup__E                             
1002ec31  ti_sysbios_hal_Hwi_startup__E                                      
1002ec31  ti_sysbios_hal_Hwi_startup__E                                      
1002ec39  ti_sysbios_knl_Idle_loop__E                                        
1002ec41  ti_sysbios_family_arm_m3_Hwi_doTaskRestore__I                      
1002ec47  HwiP_restore                                                       
1002ec47  ti_sysbios_family_arm_m3_Hwi_restoreFxn__E                         
1002ec4d  ti_sysbios_gates_GateHwi_leave__E                                  
1002ec53  ti_sysbios_gates_GateMutex_Instance_finalize__E                    
1002ec59  ti_sysbios_heaps_HeapMem_isBlocking__E                             
1002ec5f  ti_sysbios_knl_Queue_Instance_init__E                              
1002ec65  ti_sysbios_knl_Queue_elemClear__E                                  
1002ec6b  ti_sysbios_knl_Swi_startup__E                                      
1002ec71  ti_sysbios_knl_Task_enable__E                                      
1002ec77  ti_sysbios_BIOS_RtsGateProxy_enter__E                              
1002ec7b  ti_sysbios_BIOS_RtsGateProxy_leave__E                              
1002ec7f  ti_sysbios_family_arm_cc26xx_Timer_getExpiredTicks__E              
1002ec83  ti_sysbios_family_arm_cc26xx_Timer_getPeriod__E                    
1002ec87  ti_sysbios_family_arm_cc26xx_Timer_setPeriod__E                    
1002ec8b  ti_sysbios_family_arm_m3_Hwi_delete                                
1002ec8f  ti_sysbios_family_arm_m3_TaskSupport_Module__startupDone__S        
1002ec8f  ti_sysbios_knl_Task_SupportProxy_Module__startupDone__S            
1002ec93  ti_sysbios_gates_GateHwi_query__E                                  
1002ec93  xdc_runtime_Main_Module_GateProxy_query__E                         
1002ec93  xdc_runtime_System_Module_GateProxy_query__E                       
1002ec93  xdc_runtime_System_Module_GateProxy_query__E                       
1002ec97  ti_sysbios_gates_GateMutex_delete                                  
1002ec9b  ti_sysbios_BIOS_RtsGateProxy_query__E                              
1002ec9b  ti_sysbios_BIOS_RtsGateProxy_query__E                              
1002ec9b  ti_sysbios_gates_GateMutex_query__E                                
1002ec9b  ti_sysbios_heaps_HeapMem_Module_GateProxy_query__E                 
1002ec9b  ti_sysbios_heaps_HeapMem_Module_GateProxy_query__E                 
1002ec9f  ti_sysbios_hal_Hwi_HwiProxy_create                                 
1002eca3  ti_sysbios_hal_Hwi_HwiProxy_delete                                 
1002eca7  ti_sysbios_hal_Hwi_delete                                          
1002ecab  ti_sysbios_heaps_HeapMem_Module_GateProxy_enter__E                 
1002ecaf  ti_sysbios_heaps_HeapMem_Module_GateProxy_leave__E                 
1002ecb3  ti_sysbios_knl_Clock_TimerProxy_getExpiredTicks__E                 
1002ecb7  ti_sysbios_knl_Clock_TimerProxy_getPeriod__E                       
1002ecbb  ti_sysbios_knl_Clock_delete                                        
1002ecbf  ti_sysbios_knl_Clock_removeI__E                                    
1002ecc3  ti_sysbios_knl_Clock_setTimeout__E                                 
1002ecc7  ti_sysbios_knl_Event_delete                                        
1002eccb  ti_sysbios_knl_Mailbox_delete                                      
1002eccf  ti_sysbios_knl_Queue_delete                                        
1002ecd3  ti_sysbios_knl_Queue_head__E                                       
1002ecd7  ti_sysbios_knl_Queue_next__E                                       
1002ecdb  ti_sysbios_knl_Semaphore_delete                                    
1002ecdf  ti_sysbios_knl_Swi_delete                                          
1002ece3  ti_sysbios_knl_Swi_postInit__I                                     
1002ece7  ti_sysbios_knl_Task_delete                                         
1002eceb  ti_sysbios_knl_Task_startup__E                                     
1002ecf1  xdc_runtime_System_doPrint__I                                      
1002f055  xdc_runtime_Startup_startMods__I                                   
1002f15d  xdc_runtime_Text_putSite__E                                        
1002f1f7  xdc_runtime_Error_policySpin__E                                    
1002f1f9  xdc_runtime_Text_putMod__E                                         
1002f289  xdc_runtime_Memory_alloc__E                                        
1002f2f9  xdc_runtime_Core_createObject__I                                   
1002f367  xdc_runtime_Core_deleteObject__I                                   
1002f3c5  xdc_runtime_Text_putLab__E                                         
1002f421  xdc_runtime_Assert_raise__I                                        
1002f475  xdc_runtime_Startup_exec__E                                        
1002f4c9  xdc_runtime_Core_assignParams__I                                   
1002f511  xdc_runtime_Core_constructObject__I                                
1002f559  xdc_runtime_System_atexit__E                                       
1002f5a1  xdc_runtime_Text_xprintf__I                                        
1002f5e5  xdc_runtime_System_processAtExit__E                                
1002f625  xdc_runtime_System_putchar__I                                      
1002f659  xdc_runtime_Core_assignLabel__I                                    
1002f689  xdc_runtime_Text_printVisFxn__I                                    
1002f6b9  xdc_runtime_System_vprintf__E                                      
1002f6e5  xdc_runtime_Text_cordText__E                                       
1002f711  xdc_runtime_System_abort__E                                        
1002f739  xdc_runtime_Error_raiseX__E                                        
1002f759  xdc_runtime_Registry_findById__E                                   
1002f779  xdc_runtime_Error_check__E                                         
1002f795  xdc_runtime_Memory_valloc__E                                       
1002f7b1  xdc_runtime_System_exit__E                                         
1002f7cd  xdc_runtime_Text_ropeText__E                                       
1002f7e9  xdc_runtime_System_printf__E                                       
1002f803  xdc_runtime_Core_destructObject__I                                 
1002f81b  xdc_runtime_System_abortSpin__E                                    
1002f81d  xdc_runtime_Memory_free__E                                         
1002f831  xdc_runtime_Memory_getStats__E                                     
1002f845  xdc_runtime_SysCallback_abort__E                                   
1002f845  xdc_runtime_System_SupportProxy_abort__E                           
1002f859  xdc_runtime_SysCallback_exit__E                                    
1002f859  xdc_runtime_System_SupportProxy_exit__E                            
1002f86d  xdc_runtime_SysCallback_flush__E                                   
1002f86d  xdc_runtime_System_SupportProxy_flush__E                           
1002f86d  xdc_runtime_System_flush__E                                        
1002f881  xdc_runtime_SysCallback_putch__E                                   
1002f881  xdc_runtime_System_SupportProxy_putch__E                           
1002f895  xdc_runtime_SysCallback_ready__E                                   
1002f895  xdc_runtime_System_SupportProxy_ready__E                           
1002f8a9  xdc_runtime_Memory_getMaxDefaultTypeAlign__E                       
1002f8b9  xdc_runtime_System_vsnprintf__E                                    
1002f8c9  xdc_runtime_Timestamp_SupportProxy_get32__E                        
1002f8c9  xdc_runtime_Timestamp_SupportProxy_get32__E                        
1002f8c9  xdc_runtime_Timestamp_get32__E                                     
1002f8c9  xdc_runtime_Timestamp_get32__E                                     
1002f8d9  xdc_runtime_Memory_calloc__E                                       
1002f8e5  xdc_runtime_Startup_rtsDone__E                                     
1002f8f1  xdc_runtime_Memory_HeapProxy_alloc__E                              
1002f8fb  xdc_runtime_Memory_HeapProxy_free__E                               
1002f905  xdc_runtime_Memory_HeapProxy_getStats__E                           
1002f90f  xdc_runtime_Gate_leaveSystem__E                                    
1002f915  xdc_runtime_System_Module_startup__E                               
1002f91b  xdc_runtime_Gate_enterSystem__E                                    
1002f91f  xdc_runtime_SysCallback_Module__startupDone__S                     
1002f91f  xdc_runtime_System_SupportProxy_Module__startupDone__S             
1002f923  xdc_runtime_System_Module_GateProxy_enter__E                       
1002f927  xdc_runtime_System_Module_GateProxy_leave__E                       
1002f92b  xdc_runtime_System_printf_va__F                                    
1002f92f  xdc_runtime_System_exitSpin__E                                     
1002f931  ti_sysbios_family_arm_m3_Hwi_dispatch__I                           
1002fa11  ti_sysbios_family_arm_m3_Hwi_interruptsAreDisabledButShouldNotBe   
1002fa2d  ti_sysbios_family_arm_m3_TaskSupport_buildTaskStack                
1002fab9  ti_sysbios_family_arm_m3_Hwi_initStacks__E                         
1002fb11  ti_sysbios_family_arm_m3_Hwi_pendSV__I                             
1002fb35  ti_sysbios_family_arm_m3_Hwi_return                                
1002fb39  ti_sysbios_family_arm_m3_Hwi_excHandlerAsm__I                      
1002fb59  ti_sysbios_family_xxx_Hwi_switchAndRunFunc                         
1002fb77  ti_sysbios_family_arm_m3_TaskSupport_swap__E                       
1002fb77  ti_sysbios_knl_Task_SupportProxy_swap__E                           
1002fb77  ti_sysbios_knl_Task_SupportProxy_swap__E                           
1002fb83  ti_sysbios_knl_Task_swapReturn                                     
1002fb8f  ti_sysbios_family_arm_m3_TaskSupport_glue                          
1002fba0  ti_sysbios_knl_Task_Object__PARAMS__C                              
1002fbdc  ti_sysbios_knl_Mailbox_Object__PARAMS__C                           
1002fc10  ti_sysbios_family_arm_m3_Hwi_Object__PARAMS__C                     
1002fc40  ti_sysbios_hal_Hwi_Object__PARAMS__C                               
1002fc6c  ti_sysbios_knl_Swi_Object__PARAMS__C                               
1002fc94  ti_sysbios_heaps_HeapMem_Object__PARAMS__C                         
1002fcb8  ti_sysbios_knl_Clock_Object__PARAMS__C                             
1002fcdc  ti_sysbios_knl_Semaphore_Object__PARAMS__C                         
1002fd00  ti_sysbios_gates_GateHwi_Object__PARAMS__C                         
1002fd18  ti_sysbios_gates_GateMutex_Object__PARAMS__C                       
1002fd30  ti_sysbios_knl_Event_Object__PARAMS__C                             
1002fd48  ti_sysbios_knl_Queue_Object__PARAMS__C                             
1002fd80  ti_sysbios_heaps_HeapTrack_Object__PARAMS__C                       
1002fd9c  ti_sysbios_heaps_HeapTrack_Instance_State_trackQueue__O            
1002fda0  ti_sysbios_heaps_HeapTrack_Module__diagsEnabled__C                 
1002fda4  ti_sysbios_heaps_HeapTrack_Module__diagsIncluded__C                
1002fda8  ti_sysbios_heaps_HeapTrack_Module__diagsMask__C                    
1002fddb  strlen                                                             
20000000  __start___llvm_prf_cnts                                            
20000000  __stop___llvm_prf_cnts                                             
20000000  ti_sysbios_family_arm_m3_Hwi_ramVectors                            
20000100  xdcRomConstPtr                                                     
20000104  xdcRomExternFuncPtr                                                
20000108  xdcRomStatePtr                                                     
20000110  __primary_heap_start__                                             
20004110  __primary_heap_end__                                               
20004600  ti_sysbios_knl_Task_Instance_State_0_stack__A                      
20004800  __CIOBUF_                                                          
20004a18  ti_sysbios_family_arm_m3_Hwi_dispatchTable                         
20004af0  __TI_tmpnams                                                       
20004b90  pinHandleTable                                                     
20004d80  parmbuf                                                            
20004d8c  PowerCC26XX_swiKey                                                 
20004d90  PowerCC26XX_taskKey                                                
20004d94  readEntry                                                          
20004d99  driverlib_release_0_58048                                          
20004da0  PowerCC26X2_module                                                 
20004f10  ROM_stateStruct                                                    
20004f10  ti_sysbios_knl_Clock_Module__state__V                              
20004f3c  ti_sysbios_family_arm_cc26xx_TimestampProvider_Module__state__V    
20004f40  xdc_runtime_Startup_Module__state__V                               
20004f48  xdc_runtime_Registry_Module__state__V                              
20004f50  ti_sysbios_BIOS_Module__state__V                                   
20004f74  ti_sysbios_knl_Swi_Module__state__V                                
20004f90  ti_sysbios_knl_Task_Module__state__V                               
20004fd4  xdc_runtime_Memory_Module__state__V                                
20004fd8  xdc_runtime_System_Module__state__V                                
20004fe0  ti_sysbios_family_arm_m3_Hwi_Module__state__V                      
20005014  ti_sysbios_family_arm_cc26xx_Timer_Module__state__V                
2000501c  _ftable                                                            
20005194  _device                                                            
2000520c  ti_sysbios_gates_GateMutex_Object__table__V                        
20005260  _stream                                                            
200052b0  ti_sysbios_knl_Task_Object__table__V                               
200052fc  main_func_sp                                                       
20005300  ti_sysbios_family_arm_cc26xx_Timer_Object__table__V                
20005348  ti_sysbios_knl_Swi_Module_State_0_readyQ__A                        
20005378  ti_sysbios_knl_Swi_Object__table__V                                
200053a8  ti_sysbios_knl_Task_Module_State_0_readyQ__A                       
200053d8  RF_cmdPropRadioDivSetup                                            
20005400  _hposcCoeffs                                                       
20005424  RF_cmdPropRx                                                       
20005448  ti_sysbios_knl_Clock_Object__table__V                              
20005468  xdc_runtime_Error_IgnoreBlock                                      
20005488  RF_cmdFs                                                           
200054a0  ti_sysbios_family_arm_m3_Hwi_Object__table__V                      
200054b8  ti_sysbios_heaps_HeapMem_Object__table__V                          
200054d0  pOverrides                                                         
200054e4  RF_prop                                                            
200054f4  __TI_ft_end                                                        
200054f8  __aeabi_stdin                                                      
200054fc  __aeabi_stdout                                                     
20005500  __aeabi_stderr                                                     
20005504  __TI_cleanup_ptr                                                   
20005508  __TI_dtors_ptr                                                     
2000550c  __TI_enable_exit_profile_output                                    
20005510  _lock                                                              
20005514  _unlock                                                            
20005518  pinUpperBound                                                      
2000551c  pinLowerBound                                                      
20005520  pinTable                                                           
20005528  ti_sysbios_family_arm_m3_Hwi_Module__root__V                       
20005530  ti_sysbios_gates_GateHwi_Module__root__V                           
20005538  ti_sysbios_gates_GateMutex_Module__root__V                         
20005540  ti_sysbios_hal_Hwi_Module__root__V                                 
20005548  ti_sysbios_heaps_HeapMem_Module__root__V                           
20005550  ti_sysbios_knl_Clock_Module__root__V                               
20005558  ti_sysbios_knl_Event_Module__root__V                               
20005560  ti_sysbios_knl_Mailbox_Module__root__V                             
20005568  ti_sysbios_knl_Queue_Module__root__V                               
20005570  ti_sysbios_knl_Semaphore_Module__root__V                           
20005578  ti_sysbios_knl_Swi_Module__root__V                                 
20005580  ti_sysbios_knl_Task_Module__root__V                                
20005588  xdc_runtime_System_Module_State_0_atexitHandlers__A                
20005590  ti_sysbios_family_arm_m3_Hwi_Module_State_0_excContext__A          
20005594  ti_sysbios_family_arm_m3_Hwi_Module_State_0_excStack__A            
20005598  ti_sysbios_knl_Task_Module_State_0_idleTask__A                     
2000559c  ti_sysbios_family_arm_m3_Hwi_Module_State_0_excActive__A           
20013c00  __stack                                                            
20014000  __STACK_END                                                        
e000e000  ti_sysbios_family_arm_m3_Hwi_nvic                                  
ffffffff  __TI_pprof_out_hndl                                                
ffffffff  __TI_prof_data_size                                                
ffffffff  __TI_prof_data_start                                               
ffffffff  __binit__                                                          
ffffffff  __c_args__                                                         
ffffffff  binit                                                              
UNDEFED   ITM_flush                                                          
UNDEFED   ITM_restore                                                        
UNDEFED   SHT$$INIT_ARRAY$$Base                                              
UNDEFED   SHT$$INIT_ARRAY$$Limit                                             

[912 symbols]
